Archive member included to satisfy reference by file (symbol)

d:/study/stm32_project/clion/gcc-arm-none-eabi-10.3-2021.10/bin/../lib/gcc/arm-none-eabi/10.3.1/thumb/v7-m/nofp\libgcc.a(_arm_muldf3.o)
                              CMakeFiles/Imagine_Cup.elf.dir/Core/Src/main.c.obj (__aeabi_dmul)
d:/study/stm32_project/clion/gcc-arm-none-eabi-10.3-2021.10/bin/../lib/gcc/arm-none-eabi/10.3.1/thumb/v7-m/nofp\libgcc.a(_arm_mulsf3.o)
                              CMakeFiles/Imagine_Cup.elf.dir/Core/Src/OLED.c.obj (__aeabi_fmul)
d:/study/stm32_project/clion/gcc-arm-none-eabi-10.3-2021.10/bin/../lib/gcc/arm-none-eabi/10.3.1/thumb/v7-m/nofp\libgcc.a(_arm_addsubdf3.o)
                              CMakeFiles/Imagine_Cup.elf.dir/Core/Src/Frectest.c.obj (__aeabi_dsub)
d:/study/stm32_project/clion/gcc-arm-none-eabi-10.3-2021.10/bin/../lib/gcc/arm-none-eabi/10.3.1/thumb/v7-m/nofp\libgcc.a(_arm_muldivdf3.o)
                              CMakeFiles/Imagine_Cup.elf.dir/Core/Src/Frectest.c.obj (__aeabi_ddiv)
d:/study/stm32_project/clion/gcc-arm-none-eabi-10.3-2021.10/bin/../lib/gcc/arm-none-eabi/10.3.1/thumb/v7-m/nofp\libgcc.a(_arm_fixunsdfsi.o)
                              CMakeFiles/Imagine_Cup.elf.dir/Core/Src/main.c.obj (__aeabi_d2uiz)
d:/study/stm32_project/clion/gcc-arm-none-eabi-10.3-2021.10/bin/../lib/gcc/arm-none-eabi/10.3.1/thumb/v7-m/nofp\libgcc.a(_arm_truncdfsf2.o)
                              CMakeFiles/Imagine_Cup.elf.dir/Core/Src/Frectest.c.obj (__aeabi_d2f)
d:/study/stm32_project/clion/gcc-arm-none-eabi-10.3-2021.10/bin/../lib/gcc/arm-none-eabi/10.3.1/thumb/v7-m/nofp\libgcc.a(_arm_addsubsf3.o)
                              CMakeFiles/Imagine_Cup.elf.dir/Core/Src/OLED.c.obj (__aeabi_fsub)
d:/study/stm32_project/clion/gcc-arm-none-eabi-10.3-2021.10/bin/../lib/gcc/arm-none-eabi/10.3.1/thumb/v7-m/nofp\libgcc.a(_arm_muldivsf3.o)
                              CMakeFiles/Imagine_Cup.elf.dir/Core/Src/main.c.obj (__aeabi_fdiv)
d:/study/stm32_project/clion/gcc-arm-none-eabi-10.3-2021.10/bin/../lib/gcc/arm-none-eabi/10.3.1/thumb/v7-m/nofp\libgcc.a(_arm_cmpsf2.o)
                              CMakeFiles/Imagine_Cup.elf.dir/Core/Src/main.c.obj (__aeabi_fcmpeq)
d:/study/stm32_project/clion/gcc-arm-none-eabi-10.3-2021.10/bin/../lib/gcc/arm-none-eabi/10.3.1/thumb/v7-m/nofp\libgcc.a(_arm_fixsfsi.o)
                              CMakeFiles/Imagine_Cup.elf.dir/Core/Src/OLED.c.obj (__aeabi_f2iz)
d:/study/stm32_project/clion/gcc-arm-none-eabi-10.3-2021.10/bin/../lib/gcc/arm-none-eabi/10.3.1/../../../../arm-none-eabi/lib/thumb/v7-m/nofp\libg.a(lib_a-errno.o)
                              CMakeFiles/Imagine_Cup.elf.dir/Core/Src/syscalls.c.obj (__errno)
d:/study/stm32_project/clion/gcc-arm-none-eabi-10.3-2021.10/bin/../lib/gcc/arm-none-eabi/10.3.1/../../../../arm-none-eabi/lib/thumb/v7-m/nofp\libg.a(lib_a-exit.o)
                              d:/study/stm32_project/clion/gcc-arm-none-eabi-10.3-2021.10/bin/../lib/gcc/arm-none-eabi/10.3.1/../../../../arm-none-eabi/lib/thumb/v7-m/nofp/crt0.o (exit)
d:/study/stm32_project/clion/gcc-arm-none-eabi-10.3-2021.10/bin/../lib/gcc/arm-none-eabi/10.3.1/../../../../arm-none-eabi/lib/thumb/v7-m/nofp\libg.a(lib_a-impure.o)
                              d:/study/stm32_project/clion/gcc-arm-none-eabi-10.3-2021.10/bin/../lib/gcc/arm-none-eabi/10.3.1/../../../../arm-none-eabi/lib/thumb/v7-m/nofp\libg.a(lib_a-exit.o) (_global_impure_ptr)
d:/study/stm32_project/clion/gcc-arm-none-eabi-10.3-2021.10/bin/../lib/gcc/arm-none-eabi/10.3.1/../../../../arm-none-eabi/lib/thumb/v7-m/nofp\libg.a(lib_a-init.o)
                              d:/study/stm32_project/clion/gcc-arm-none-eabi-10.3-2021.10/bin/../lib/gcc/arm-none-eabi/10.3.1/../../../../arm-none-eabi/lib/thumb/v7-m/nofp/crt0.o (__libc_init_array)
d:/study/stm32_project/clion/gcc-arm-none-eabi-10.3-2021.10/bin/../lib/gcc/arm-none-eabi/10.3.1/../../../../arm-none-eabi/lib/thumb/v7-m/nofp\libg.a(lib_a-memset.o)
                              d:/study/stm32_project/clion/gcc-arm-none-eabi-10.3-2021.10/bin/../lib/gcc/arm-none-eabi/10.3.1/../../../../arm-none-eabi/lib/thumb/v7-m/nofp/crt0.o (memset)
d:/study/stm32_project/clion/gcc-arm-none-eabi-10.3-2021.10/bin/../lib/gcc/arm-none-eabi/10.3.1/../../../../arm-none-eabi/lib/thumb/v7-m/nofp\libg.a(lib_a-__call_atexit.o)
                              d:/study/stm32_project/clion/gcc-arm-none-eabi-10.3-2021.10/bin/../lib/gcc/arm-none-eabi/10.3.1/../../../../arm-none-eabi/lib/thumb/v7-m/nofp\libg.a(lib_a-exit.o) (__call_exitprocs)
d:/study/stm32_project/clion/gcc-arm-none-eabi-10.3-2021.10/bin/../lib/gcc/arm-none-eabi/10.3.1/../../../../arm-none-eabi/lib/thumb/v7-m/nofp\libg.a(lib_a-atexit.o)
                              d:/study/stm32_project/clion/gcc-arm-none-eabi-10.3-2021.10/bin/../lib/gcc/arm-none-eabi/10.3.1/../../../../arm-none-eabi/lib/thumb/v7-m/nofp\libg.a(lib_a-__call_atexit.o) (atexit)
[...]
Memory Configuration

Name             Origin             Length             Attributes
RAM              0x20000000         0x00005000         xrw
FLASH            0x08000000         0x00010000         xr
*default*        0x00000000         0xffffffff

Linker script and memory map

LOAD d:/study/stm32_project/clion/gcc-arm-none-eabi-10.3-2021.10/bin/../lib/gcc/arm-none-eabi/10.3.1/thumb/v7-m/nofp/crti.o
LOAD d:/study/stm32_project/clion/gcc-arm-none-eabi-10.3-2021.10/bin/../lib/gcc/arm-none-eabi/10.3.1/thumb/v7-m/nofp/crtbegin.o
LOAD d:/study/stm32_project/clion/gcc-arm-none-eabi-10.3-2021.10/bin/../lib/gcc/arm-none-eabi/10.3.1/../../../../arm-none-eabi/lib/thumb/v7-m/nofp/crt0.o
LOAD CMakeFiles/Imagine_Cup.elf.dir/Core/Src/Frectest.c.obj
LOAD CMakeFiles/Imagine_Cup.elf.dir/Core/Src/MatrixKey.c.obj
LOAD CMakeFiles/Imagine_Cup.elf.dir/Core/Src/OLED.c.obj
LOAD CMakeFiles/Imagine_Cup.elf.dir/Core/Src/SoftWare_I2C.c.obj
LOAD CMakeFiles/Imagine_Cup.elf.dir/Core/Src/gpio.c.obj
LOAD CMakeFiles/Imagine_Cup.elf.dir/Core/Src/main.c.obj
LOAD CMakeFiles/Imagine_Cup.elf.dir/Core/Src/stm32f1xx_hal_msp.c.obj
LOAD CMakeFiles/Imagine_Cup.elf.dir/Core/Src/stm32f1xx_it.c.obj
LOAD CMakeFiles/Imagine_Cup.elf.dir/Core/Src/syscalls.c.obj
LOAD CMakeFiles/Imagine_Cup.elf.dir/Core/Src/sysmem.c.obj
LOAD CMakeFiles/Imagine_Cup.elf.dir/Core/Src/system_stm32f1xx.c.obj
LOAD CMakeFiles/Imagine_Cup.elf.dir/Core/Src/tim.c.obj
LOAD CMakeFiles/Imagine_Cup.elf.dir/Core/Startup/startup_stm32f103c8tx.s.obj
LOAD CMakeFiles/Imagine_Cup.elf.dir/Drivers/STM32F1xx_HAL_Driver/Src/stm32f1xx_hal.c.obj
LOAD CMakeFiles/Imagine_Cup.elf.dir/Drivers/STM32F1xx_HAL_Driver/Src/stm32f1xx_hal_cortex.c.obj
LOAD CMakeFiles/Imagine_Cup.elf.dir/Drivers/STM32F1xx_HAL_Driver/Src/stm32f1xx_hal_dma.c.obj
LOAD CMakeFiles/Imagine_Cup.elf.dir/Drivers/STM32F1xx_HAL_Driver/Src/stm32f1xx_hal_exti.c.obj
LOAD CMakeFiles/Imagine_Cup.elf.dir/Drivers/STM32F1xx_HAL_Driver/Src/stm32f1xx_hal_flash.c.obj
LOAD CMakeFiles/Imagine_Cup.elf.dir/Drivers/STM32F1xx_HAL_Driver/Src/stm32f1xx_hal_flash_ex.c.obj
LOAD CMakeFiles/Imagine_Cup.elf.dir/Drivers/STM32F1xx_HAL_Driver/Src/stm32f1xx_hal_gpio.c.obj
LOAD CMakeFiles/Imagine_Cup.elf.dir/Drivers/STM32F1xx_HAL_Driver/Src/stm32f1xx_hal_gpio_ex.c.obj
LOAD CMakeFiles/Imagine_Cup.elf.dir/Drivers/STM32F1xx_HAL_Driver/Src/stm32f1xx_hal_pwr.c.obj
LOAD CMakeFiles/Imagine_Cup.elf.dir/Drivers/STM32F1xx_HAL_Driver/Src/stm32f1xx_hal_rcc.c.obj
LOAD CMakeFiles/Imagine_Cup.elf.dir/Drivers/STM32F1xx_HAL_Driver/Src/stm32f1xx_hal_rcc_ex.c.obj
LOAD CMakeFiles/Imagine_Cup.elf.dir/Drivers/STM32F1xx_HAL_Driver/Src/stm32f1xx_hal_tim.c.obj
LOAD CMakeFiles/Imagine_Cup.elf.dir/Drivers/STM32F1xx_HAL_Driver/Src/stm32f1xx_hal_tim_ex.c.obj
START GROUP
LOAD d:/study/stm32_project/clion/gcc-arm-none-eabi-10.3-2021.10/bin/../lib/gcc/arm-none-eabi/10.3.1/thumb/v7-m/nofp\libgcc.a
LOAD d:/study/stm32_project/clion/gcc-arm-none-eabi-10.3-2021.10/bin/../lib/gcc/arm-none-eabi/10.3.1/../../../../arm-none-eabi/lib/thumb/v7-m/nofp\libg.a
LOAD d:/study/stm32_project/clion/gcc-arm-none-eabi-10.3-2021.10/bin/../lib/gcc/arm-none-eabi/10.3.1/../../../../arm-none-eabi/lib/thumb/v7-m/nofp\libc.a
END GROUP
LOAD d:/study/stm32_project/clion/gcc-arm-none-eabi-10.3-2021.10/bin/../lib/gcc/arm-none-eabi/10.3.1/thumb/v7-m/nofp/crtend.o
LOAD d:/study/stm32_project/clion/gcc-arm-none-eabi-10.3-2021.10/bin/../lib/gcc/arm-none-eabi/10.3.1/thumb/v7-m/nofp/crtn.o
                0x20005000                _estack = (ORIGIN (RAM) + LENGTH (RAM))
                0x00000200                _Min_Heap_Size = 0x200
                0x00000400                _Min_Stack_Size = 0x400

.isr_vector     0x08000000      0x10c
                0x08000000                . = ALIGN (0x4)
 *(.isr_vector)
 .isr_vector    0x08000000      0x10c CMakeFiles/Imagine_Cup.elf.dir/Core/Startup/startup_stm32f103c8tx.s.obj
                0x08000000                g_pfnVectors
                0x0800010c                . = ALIGN (0x4)

.text           0x08000110     0x3f84
                0x08000110                . = ALIGN (0x4)
 *(.text)
 .text          0x08000110       0x40 d:/study/stm32_project/clion/gcc-arm-none-eabi-10.3-2021.10/bin/../lib/gcc/arm-none-eabi/10.3.1/thumb/v7-m/nofp/crtbegin.o
 .text          0x08000150      0x378 d:/study/stm32_project/clion/gcc-arm-none-eabi-10.3-2021.10/bin/../lib/gcc/arm-none-eabi/10.3.1/thumb/v7-m/nofp\libgcc.a(_arm_addsubdf3.o)
                0x08000150                __aeabi_drsub
                0x08000158                __aeabi_dsub
                0x08000158                __subdf3
                0x0800015c                __aeabi_dadd
                0x0800015c                __adddf3
                0x080003d4                __floatunsidf
                0x080003d4                __aeabi_ui2d
                0x080003f4                __floatsidf
                0x080003f4                __aeabi_i2d
                0x08000418                __aeabi_f2d
                0x08000418                __extendsfdf2
                0x0800045c                __floatundidf
                0x0800045c                __aeabi_ul2d
                0x0800046c                __floatdidf
                0x0800046c                __aeabi_l2d
 .text          0x080004c8      0x424 d:/study/stm32_project/clion/gcc-arm-none-eabi-10.3-2021.10/bin/../lib/gcc/arm-none-eabi/10.3.1/thumb/v7-m/nofp\libgcc.a(_arm_muldivdf3.o)
                0x080004c8                __aeabi_dmul
                0x080004c8                __muldf3
                0x0800071c                __divdf3
                0x0800071c                __aeabi_ddiv
 .text          0x080008ec       0x40 d:/study/stm32_project/clion/gcc-arm-none-eabi-10.3-2021.10/bin/../lib/gcc/arm-none-eabi/10.3.1/thumb/v7-m/nofp\libgcc.a(_arm_fixunsdfsi.o)
                0x080008ec                __aeabi_d2uiz
                0x080008ec                __fixunsdfsi
 .text          0x0800092c       0xa0 d:/study/stm32_project/clion/gcc-arm-none-eabi-10.3-2021.10/bin/../lib/gcc/arm-none-eabi/10.3.1/thumb/v7-m/nofp\libgcc.a(_arm_truncdfsf2.o)
                0x0800092c                __truncdfsf2
                0x0800092c                __aeabi_d2f
 .text          0x080009cc      0x21c d:/study/stm32_project/clion/gcc-arm-none-eabi-10.3-2021.10/bin/../lib/gcc/arm-none-eabi/10.3.1/thumb/v7-m/nofp\libgcc.a(_arm_addsubsf3.o)
                0x080009cc                __aeabi_frsub
                0x080009d4                __subsf3
                0x080009d4                __aeabi_fsub
                0x080009d8                __aeabi_fadd
                0x080009d8                __addsf3
                0x08000b38                __aeabi_ui2f
                0x08000b38                __floatunsisf
                0x08000b40                __aeabi_i2f
                0x08000b40                __floatsisf
                0x08000b5c                __aeabi_ul2f
                0x08000b5c                __floatundisf
                0x08000b6c                __aeabi_l2f
                0x08000b6c                __floatdisf
 .text          0x08000be8      0x2a0 d:/study/stm32_project/clion/gcc-arm-none-eabi-10.3-2021.10/bin/../lib/gcc/arm-none-eabi/10.3.1/thumb/v7-m/nofp\libgcc.a(_arm_muldivsf3.o)
                0x08000be8                __mulsf3
                0x08000be8                __aeabi_fmul
                0x08000d50                __aeabi_fdiv
                0x08000d50                __divsf3
 .text          0x08000e88       0xec d:/study/stm32_project/clion/gcc-arm-none-eabi-10.3-2021.10/bin/../lib/gcc/arm-none-eabi/10.3.1/thumb/v7-m/nofp\libgcc.a(_arm_cmpsf2.o)
                0x08000e88                __gesf2
                0x08000e88                __gtsf2
                0x08000e90                __lesf2
                0x08000e90                __ltsf2
                0x08000e98                __nesf2
                0x08000e98                __eqsf2
                0x08000e98                __cmpsf2
                0x08000ef8                __aeabi_cfrcmple
                0x08000f00                __aeabi_cfcmpeq
                0x08000f00                __aeabi_cfcmple
                0x08000f10                __aeabi_fcmpeq
                0x08000f24                __aeabi_fcmplt
                0x08000f38                __aeabi_fcmple
                0x08000f4c                __aeabi_fcmpge
                0x08000f60                __aeabi_fcmpgt
 .text          0x08000f74       0x4c d:/study/stm32_project/clion/gcc-arm-none-eabi-10.3-2021.10/bin/../lib/gcc/arm-none-eabi/10.3.1/thumb/v7-m/nofp\libgcc.a(_arm_fixsfsi.o)
                0x08000f74                __aeabi_f2iz
                0x08000f74                __fixsfsi
 *(.text*)
 .text.Frec_init
                0x08000fc0       0x20 CMakeFiles/Imagine_Cup.elf.dir/Core/Src/Frectest.c.obj
                0x08000fc0                Frec_init
 .text.Frec_Start_Test
                0x08000fe0       0x48 CMakeFiles/Imagine_Cup.elf.dir/Core/Src/Frectest.c.obj
                0x08000fe0                Frec_Start_Test
 .text.Frec_Overflow_Handle
                0x08001028       0x10 CMakeFiles/Imagine_Cup.elf.dir/Core/Src/Frectest.c.obj
                0x08001028                Frec_Overflow_Handle
 .text.Frec_Get_Resistance
                0x08001038        0xc CMakeFiles/Imagine_Cup.elf.dir/Core/Src/Frectest.c.obj
                0x08001038                Frec_Get_Resistance
 *fill*         0x08001044        0x4 
 .text.Frec_Cal_Resistance
                0x08001048       0x58 CMakeFiles/Imagine_Cup.elf.dir/Core/Src/Frectest.c.obj
                0x08001048                Frec_Cal_Resistance
 .text.Frec_Trec_TIMer_Handle
                0x080010a0       0x80 CMakeFiles/Imagine_Cup.elf.dir/Core/Src/Frectest.c.obj
                0x080010a0                Frec_Trec_TIMer_Handle
 .text.MatrixKey_GetState
                0x08001120      0x160 CMakeFiles/Imagine_Cup.elf.dir/Core/Src/MatrixKey.c.obj
                0x08001120                MatrixKey_GetState
 .text.MatrixKey
                0x08001280        0xc CMakeFiles/Imagine_Cup.elf.dir/Core/Src/MatrixKey.c.obj
                0x08001280                MatrixKey
 .text.MatrixKey_Loop
                0x0800128c      0x120 CMakeFiles/Imagine_Cup.elf.dir/Core/Src/MatrixKey.c.obj
                0x0800128c                MatrixKey_Loop
 .text.OLED_WritrDate
                0x080013ac       0x2c CMakeFiles/Imagine_Cup.elf.dir/Core/Src/OLED.c.obj
                0x080013ac                OLED_WritrDate
 .text.OLED_WriteCommand
                0x080013d8       0x2c CMakeFiles/Imagine_Cup.elf.dir/Core/Src/OLED.c.obj
                0x080013d8                OLED_WriteCommand
 .text.OLED_WR_Byte
                0x08001404       0x12 CMakeFiles/Imagine_Cup.elf.dir/Core/Src/OLED.c.obj
                0x08001404                OLED_WR_Byte
 .text.OLED_Set_Pos
                0x08001416       0x28 CMakeFiles/Imagine_Cup.elf.dir/Core/Src/OLED.c.obj
                0x08001416                OLED_Set_Pos
 *fill*         0x0800143e        0x2 
 .text.OLED_ShowChar
                0x08001440       0xd4 CMakeFiles/Imagine_Cup.elf.dir/Core/Src/OLED.c.obj
                0x08001440                OLED_ShowChar
 .text.OLED_ShowString
                0x08001514       0x36 CMakeFiles/Imagine_Cup.elf.dir/Core/Src/OLED.c.obj
                0x08001514                OLED_ShowString
 .text.oled_pow
                0x0800154a       0x16 CMakeFiles/Imagine_Cup.elf.dir/Core/Src/OLED.c.obj
                0x0800154a                oled_pow
 .text.OLED_ShowNum
                0x08001560       0xac CMakeFiles/Imagine_Cup.elf.dir/Core/Src/OLED.c.obj
                0x08001560                OLED_ShowNum
 .text.OLED_ShowFloatNum
                0x0800160c       0xec CMakeFiles/Imagine_Cup.elf.dir/Core/Src/OLED.c.obj
                0x0800160c                OLED_ShowFloatNum
 .text.OLED_Clear
                0x080016f8       0x2e CMakeFiles/Imagine_Cup.elf.dir/Core/Src/OLED.c.obj
                0x080016f8                OLED_Clear
 .text.OLED_Init
                0x08001726       0xe0 CMakeFiles/Imagine_Cup.elf.dir/Core/Src/OLED.c.obj
                0x08001726                OLED_Init
 *fill*         0x08001806        0x2 
 .text.OLED_Show_A_CHinese
                0x08001808      0x190 CMakeFiles/Imagine_Cup.elf.dir/Core/Src/OLED.c.obj
                0x08001808                OLED_Show_A_CHinese
 .text.OLED_ShowChinese
                0x08001998       0x48 CMakeFiles/Imagine_Cup.elf.dir/Core/Src/OLED.c.obj
                0x08001998                OLED_ShowChinese
 .text.OLED_Refresh_Gram
                0x080019e0       0x50 CMakeFiles/Imagine_Cup.elf.dir/Core/Src/OLED.c.obj
                0x080019e0                OLED_Refresh_Gram
 .text.OLED_DrawPoint
                0x08001a30       0x48 CMakeFiles/Imagine_Cup.elf.dir/Core/Src/OLED.c.obj
                0x08001a30                OLED_DrawPoint
 .text.gui_draw_hline
                0x08001a78       0x1e CMakeFiles/Imagine_Cup.elf.dir/Core/Src/OLED.c.obj
                0x08001a78                gui_draw_hline
 .text.gui_draw_vline
                0x08001a96       0x1e CMakeFiles/Imagine_Cup.elf.dir/Core/Src/OLED.c.obj
                0x08001a96                gui_draw_vline
 .text.gui_draw_axis
                0x08001ab4       0x18 CMakeFiles/Imagine_Cup.elf.dir/Core/Src/OLED.c.obj
                0x08001ab4                gui_draw_axis
 .text.Gram_clear
                0x08001acc       0x34 CMakeFiles/Imagine_Cup.elf.dir/Core/Src/OLED.c.obj
                0x08001acc                Gram_clear
 .text.I2C_Delay
                0x08001b00        0xe CMakeFiles/Imagine_Cup.elf.dir/Core/Src/SoftWare_I2C.c.obj
                0x08001b00                I2C_Delay
 *fill*         0x08001b0e        0x2 
 .text.I2C_W_SCL
                0x08001b10       0x24 CMakeFiles/Imagine_Cup.elf.dir/Core/Src/SoftWare_I2C.c.obj
                0x08001b10                I2C_W_SCL
 .text.I2C_W_SDA
                0x08001b34       0x24 CMakeFiles/Imagine_Cup.elf.dir/Core/Src/SoftWare_I2C.c.obj
                0x08001b34                I2C_W_SDA
 .text.I2C_R_SDA
                0x08001b58       0x14 CMakeFiles/Imagine_Cup.elf.dir/Core/Src/SoftWare_I2C.c.obj
                0x08001b58                I2C_R_SDA
 .text.I2C_Start
                0x08001b6c       0x28 CMakeFiles/Imagine_Cup.elf.dir/Core/Src/SoftWare_I2C.c.obj
                0x08001b6c                I2C_Start
 .text.I2C_Stop
                0x08001b94       0x28 CMakeFiles/Imagine_Cup.elf.dir/Core/Src/SoftWare_I2C.c.obj
                0x08001b94                I2C_Stop
 .text.I2C_Wait_Ack
                0x08001bbc       0x34 CMakeFiles/Imagine_Cup.elf.dir/Core/Src/SoftWare_I2C.c.obj
                0x08001bbc                I2C_Wait_Ack
 .text.Write_I2C_Byte
                0x08001bf0       0x3e CMakeFiles/Imagine_Cup.elf.dir/Core/Src/SoftWare_I2C.c.obj
                0x08001bf0                Write_I2C_Byte
 *fill*         0x08001c2e        0x2 
 .text.MX_GPIO_Init
                0x08001c30       0xf0 CMakeFiles/Imagine_Cup.elf.dir/Core/Src/gpio.c.obj
                0x08001c30                MX_GPIO_Init
 .text.huandang
                0x08001d20       0x64 CMakeFiles/Imagine_Cup.elf.dir/Core/Src/main.c.obj
                0x08001d20                huandang
 .text.HAL_TIM_PeriodElapsedCallback
                0x08001d84       0x38 CMakeFiles/Imagine_Cup.elf.dir/Core/Src/main.c.obj
                0x08001d84                HAL_TIM_PeriodElapsedCallback
 .text.Error_Handler
                0x08001dbc        0x4 CMakeFiles/Imagine_Cup.elf.dir/Core/Src/main.c.obj
                0x08001dbc                Error_Handler
 .text.SystemClock_Config
                0x08001dc0       0x64 CMakeFiles/Imagine_Cup.elf.dir/Core/Src/main.c.obj
                0x08001dc0                SystemClock_Config
 *fill*         0x08001e24        0x4 
 .text.main     0x08001e28      0x2ec CMakeFiles/Imagine_Cup.elf.dir/Core/Src/main.c.obj
                0x08001e28                main
 .text.assert_failed
                0x08002114        0x2 CMakeFiles/Imagine_Cup.elf.dir/Core/Src/main.c.obj
                0x08002114                assert_failed
 *fill*         0x08002116        0x2 
 .text.HAL_MspInit
                0x08002118       0x44 CMakeFiles/Imagine_Cup.elf.dir/Core/Src/stm32f1xx_hal_msp.c.obj
                0x08002118                HAL_MspInit
 .text.NMI_Handler
                0x0800215c        0x2 CMakeFiles/Imagine_Cup.elf.dir/Core/Src/stm32f1xx_it.c.obj
                0x0800215c                NMI_Handler
 .text.HardFault_Handler
                0x0800215e        0x2 CMakeFiles/Imagine_Cup.elf.dir/Core/Src/stm32f1xx_it.c.obj
                0x0800215e                HardFault_Handler
 .text.MemManage_Handler
                0x08002160        0x2 CMakeFiles/Imagine_Cup.elf.dir/Core/Src/stm32f1xx_it.c.obj
                0x08002160                MemManage_Handler
 .text.BusFault_Handler
                0x08002162        0x2 CMakeFiles/Imagine_Cup.elf.dir/Core/Src/stm32f1xx_it.c.obj
                0x08002162                BusFault_Handler
 .text.UsageFault_Handler
                0x08002164        0x2 CMakeFiles/Imagine_Cup.elf.dir/Core/Src/stm32f1xx_it.c.obj
                0x08002164                UsageFault_Handler
 .text.SVC_Handler
                0x08002166        0x2 CMakeFiles/Imagine_Cup.elf.dir/Core/Src/stm32f1xx_it.c.obj
                0x08002166                SVC_Handler
 .text.DebugMon_Handler
                0x08002168        0x2 CMakeFiles/Imagine_Cup.elf.dir/Core/Src/stm32f1xx_it.c.obj
                0x08002168                DebugMon_Handler
 .text.PendSV_Handler
                0x0800216a        0x2 CMakeFiles/Imagine_Cup.elf.dir/Core/Src/stm32f1xx_it.c.obj
                0x0800216a                PendSV_Handler
 .text.SysTick_Handler
                0x0800216c        0x8 CMakeFiles/Imagine_Cup.elf.dir/Core/Src/stm32f1xx_it.c.obj
                0x0800216c                SysTick_Handler
 .text.TIM1_BRK_IRQHandler
                0x08002174       0x10 CMakeFiles/Imagine_Cup.elf.dir/Core/Src/stm32f1xx_it.c.obj
                0x08002174                TIM1_BRK_IRQHandler
 .text.TIM1_UP_IRQHandler
                0x08002184       0x10 CMakeFiles/Imagine_Cup.elf.dir/Core/Src/stm32f1xx_it.c.obj
                0x08002184                TIM1_UP_IRQHandler
 .text.TIM1_TRG_COM_IRQHandler
                0x08002194       0x10 CMakeFiles/Imagine_Cup.elf.dir/Core/Src/stm32f1xx_it.c.obj
                0x08002194                TIM1_TRG_COM_IRQHandler
 .text.TIM2_IRQHandler
                0x080021a4       0x10 CMakeFiles/Imagine_Cup.elf.dir/Core/Src/stm32f1xx_it.c.obj
                0x080021a4                TIM2_IRQHandler
 .text.TIM3_IRQHandler
                0x080021b4       0x10 CMakeFiles/Imagine_Cup.elf.dir/Core/Src/stm32f1xx_it.c.obj
                0x080021b4                TIM3_IRQHandler
 .text.SystemInit
                0x080021c4        0x2 CMakeFiles/Imagine_Cup.elf.dir/Core/Src/system_stm32f1xx.c.obj
                0x080021c4                SystemInit
 *fill*         0x080021c6        0x2 
 .text.MX_TIM1_Init
                0x080021c8       0x74 CMakeFiles/Imagine_Cup.elf.dir/Core/Src/tim.c.obj
                0x080021c8                MX_TIM1_Init
 .text.MX_TIM2_Init
                0x0800223c       0x78 CMakeFiles/Imagine_Cup.elf.dir/Core/Src/tim.c.obj
                0x0800223c                MX_TIM2_Init
 .text.MX_TIM3_Init
                0x080022b4       0x70 CMakeFiles/Imagine_Cup.elf.dir/Core/Src/tim.c.obj
                0x080022b4                MX_TIM3_Init
 .text.HAL_TIM_Base_MspInit
                0x08002324       0xec CMakeFiles/Imagine_Cup.elf.dir/Core/Src/tim.c.obj
                0x08002324                HAL_TIM_Base_MspInit
 .text.Reset_Handler
                0x08002410       0x48 CMakeFiles/Imagine_Cup.elf.dir/Core/Startup/startup_stm32f103c8tx.s.obj
                0x08002410                Reset_Handler
 .text.Default_Handler
                0x08002458        0x2 CMakeFiles/Imagine_Cup.elf.dir/Core/Startup/startup_stm32f103c8tx.s.obj
                0x08002458                RTC_Alarm_IRQHandler
                0x08002458                EXTI2_IRQHandler
                0x08002458                TIM1_CC_IRQHandler
                0x08002458                PVD_IRQHandler
                0x08002458                EXTI3_IRQHandler
                0x08002458                EXTI0_IRQHandler
                0x08002458                I2C2_EV_IRQHandler
                0x08002458                ADC1_2_IRQHandler
                0x08002458                SPI1_IRQHandler
                0x08002458                TAMPER_IRQHandler
                0x08002458                DMA1_Channel4_IRQHandler
                0x08002458                USART3_IRQHandler
                0x08002458                RTC_IRQHandler
                0x08002458                DMA1_Channel7_IRQHandler
                0x08002458                CAN1_RX1_IRQHandler
                0x08002458                TIM4_IRQHandler
                0x08002458                I2C1_EV_IRQHandler
                0x08002458                DMA1_Channel6_IRQHandler
                0x08002458                RCC_IRQHandler
                0x08002458                DMA1_Channel1_IRQHandler
                0x08002458                Default_Handler
                0x08002458                EXTI15_10_IRQHandler
                0x08002458                EXTI9_5_IRQHandler
                0x08002458                SPI2_IRQHandler
                0x08002458                DMA1_Channel5_IRQHandler
                0x08002458                EXTI4_IRQHandler
                0x08002458                USB_LP_CAN1_RX0_IRQHandler
                0x08002458                USB_HP_CAN1_TX_IRQHandler
                0x08002458                DMA1_Channel3_IRQHandler
                0x08002458                WWDG_IRQHandler
                0x08002458                EXTI1_IRQHandler
                0x08002458                USART2_IRQHandler
                0x08002458                I2C2_ER_IRQHandler
                0x08002458                DMA1_Channel2_IRQHandler
                0x08002458                CAN1_SCE_IRQHandler
                0x08002458                FLASH_IRQHandler
                0x08002458                USART1_IRQHandler
                0x08002458                I2C1_ER_IRQHandler
                0x08002458                USBWakeUp_IRQHandler
 *fill*         0x0800245a        0x2 
 .text.HAL_InitTick
                0x0800245c       0x4c CMakeFiles/Imagine_Cup.elf.dir/Drivers/STM32F1xx_HAL_Driver/Src/stm32f1xx_hal.c.obj
                0x0800245c                HAL_InitTick
 .text.HAL_Init
                0x080024a8       0x24 CMakeFiles/Imagine_Cup.elf.dir/Drivers/STM32F1xx_HAL_Driver/Src/stm32f1xx_hal.c.obj
                0x080024a8                HAL_Init
 .text.HAL_IncTick
                0x080024cc       0x18 CMakeFiles/Imagine_Cup.elf.dir/Drivers/STM32F1xx_HAL_Driver/Src/stm32f1xx_hal.c.obj
                0x080024cc                HAL_IncTick
 .text.HAL_GetTick
                0x080024e4        0xc CMakeFiles/Imagine_Cup.elf.dir/Drivers/STM32F1xx_HAL_Driver/Src/stm32f1xx_hal.c.obj
                0x080024e4                HAL_GetTick
 .text.HAL_NVIC_SetPriorityGrouping
                0x080024f0       0x3c CMakeFiles/Imagine_Cup.elf.dir/Drivers/STM32F1xx_HAL_Driver/Src/stm32f1xx_hal_cortex.c.obj
                0x080024f0                HAL_NVIC_SetPriorityGrouping
 .text.HAL_NVIC_SetPriority
                0x0800252c       0x8c CMakeFiles/Imagine_Cup.elf.dir/Drivers/STM32F1xx_HAL_Driver/Src/stm32f1xx_hal_cortex.c.obj
                0x0800252c                HAL_NVIC_SetPriority
 .text.HAL_NVIC_EnableIRQ
                0x080025b8       0x30 CMakeFiles/Imagine_Cup.elf.dir/Drivers/STM32F1xx_HAL_Driver/Src/stm32f1xx_hal_cortex.c.obj
                0x080025b8                HAL_NVIC_EnableIRQ
 .text.HAL_SYSTICK_Config
                0x080025e8       0x28 CMakeFiles/Imagine_Cup.elf.dir/Drivers/STM32F1xx_HAL_Driver/Src/stm32f1xx_hal_cortex.c.obj
                0x080025e8                HAL_SYSTICK_Config
 .text.HAL_GPIO_Init
                0x08002610      0x368 CMakeFiles/Imagine_Cup.elf.dir/Drivers/STM32F1xx_HAL_Driver/Src/stm32f1xx_hal_gpio.c.obj
                0x08002610                HAL_GPIO_Init
 .text.HAL_GPIO_ReadPin
                0x08002978       0x28 CMakeFiles/Imagine_Cup.elf.dir/Drivers/STM32F1xx_HAL_Driver/Src/stm32f1xx_hal_gpio.c.obj
                0x08002978                HAL_GPIO_ReadPin
 .text.HAL_GPIO_WritePin
                0x080029a0       0x38 CMakeFiles/Imagine_Cup.elf.dir/Drivers/STM32F1xx_HAL_Driver/Src/stm32f1xx_hal_gpio.c.obj
                0x080029a0                HAL_GPIO_WritePin
 .text.RCC_Delay
                0x080029d8       0x2c CMakeFiles/Imagine_Cup.elf.dir/Drivers/STM32F1xx_HAL_Driver/Src/stm32f1xx_hal_rcc.c.obj
 .text.HAL_RCC_OscConfig
                0x08002a04      0x548 CMakeFiles/Imagine_Cup.elf.dir/Drivers/STM32F1xx_HAL_Driver/Src/stm32f1xx_hal_rcc.c.obj
                0x08002a04                HAL_RCC_OscConfig
 .text.HAL_RCC_GetSysClockFreq
                0x08002f4c       0x70 CMakeFiles/Imagine_Cup.elf.dir/Drivers/STM32F1xx_HAL_Driver/Src/stm32f1xx_hal_rcc.c.obj
                0x08002f4c                HAL_RCC_GetSysClockFreq
 .text.HAL_RCC_ClockConfig
                0x08002fbc      0x228 CMakeFiles/Imagine_Cup.elf.dir/Drivers/STM32F1xx_HAL_Driver/Src/stm32f1xx_hal_rcc.c.obj
                0x08002fbc                HAL_RCC_ClockConfig
 .text.TIM_TI1_ConfigInputStage
                0x080031e4       0x24 CMakeFiles/Imagine_Cup.elf.dir/Drivers/STM32F1xx_HAL_Driver/Src/stm32f1xx_hal_tim.c.obj
 .text.TIM_TI2_ConfigInputStage
                0x08003208       0x26 CMakeFiles/Imagine_Cup.elf.dir/Drivers/STM32F1xx_HAL_Driver/Src/stm32f1xx_hal_tim.c.obj
 .text.TIM_ITRx_SetConfig
                0x0800322e       0x10 CMakeFiles/Imagine_Cup.elf.dir/Drivers/STM32F1xx_HAL_Driver/Src/stm32f1xx_hal_tim.c.obj
 *fill*         0x0800323e        0x2 
 .text.HAL_TIM_Base_Start
                0x08003240       0x8c CMakeFiles/Imagine_Cup.elf.dir/Drivers/STM32F1xx_HAL_Driver/Src/stm32f1xx_hal_tim.c.obj
                0x08003240                HAL_TIM_Base_Start
 .text.HAL_TIM_Base_Stop
                0x080032cc       0x5c CMakeFiles/Imagine_Cup.elf.dir/Drivers/STM32F1xx_HAL_Driver/Src/stm32f1xx_hal_tim.c.obj
                0x080032cc                HAL_TIM_Base_Stop
 .text.HAL_TIM_Base_Start_IT
                0x08003328       0x98 CMakeFiles/Imagine_Cup.elf.dir/Drivers/STM32F1xx_HAL_Driver/Src/stm32f1xx_hal_tim.c.obj
                0x08003328                HAL_TIM_Base_Start_IT
 .text.HAL_TIM_Base_Stop_IT
                0x080033c0       0x68 CMakeFiles/Imagine_Cup.elf.dir/Drivers/STM32F1xx_HAL_Driver/Src/stm32f1xx_hal_tim.c.obj
                0x080033c0                HAL_TIM_Base_Stop_IT
 .text.HAL_TIM_OC_DelayElapsedCallback
                0x08003428        0x2 CMakeFiles/Imagine_Cup.elf.dir/Drivers/STM32F1xx_HAL_Driver/Src/stm32f1xx_hal_tim.c.obj
                0x08003428                HAL_TIM_OC_DelayElapsedCallback
 .text.HAL_TIM_IC_CaptureCallback
                0x0800342a        0x2 CMakeFiles/Imagine_Cup.elf.dir/Drivers/STM32F1xx_HAL_Driver/Src/stm32f1xx_hal_tim.c.obj
                0x0800342a                HAL_TIM_IC_CaptureCallback
 .text.HAL_TIM_PWM_PulseFinishedCallback
                0x0800342c        0x2 CMakeFiles/Imagine_Cup.elf.dir/Drivers/STM32F1xx_HAL_Driver/Src/stm32f1xx_hal_tim.c.obj
                0x0800342c                HAL_TIM_PWM_PulseFinishedCallback
 .text.HAL_TIM_TriggerCallback
                0x0800342e        0x2 CMakeFiles/Imagine_Cup.elf.dir/Drivers/STM32F1xx_HAL_Driver/Src/stm32f1xx_hal_tim.c.obj
                0x0800342e                HAL_TIM_TriggerCallback
 .text.HAL_TIM_IRQHandler
                0x08003430      0x17a CMakeFiles/Imagine_Cup.elf.dir/Drivers/STM32F1xx_HAL_Driver/Src/stm32f1xx_hal_tim.c.obj
                0x08003430                HAL_TIM_IRQHandler
 *fill*         0x080035aa        0x2 
 .text.TIM_Base_SetConfig
                0x080035ac       0x74 CMakeFiles/Imagine_Cup.elf.dir/Drivers/STM32F1xx_HAL_Driver/Src/stm32f1xx_hal_tim.c.obj
                0x080035ac                TIM_Base_SetConfig
 .text.HAL_TIM_Base_Init
                0x08003620       0xdc CMakeFiles/Imagine_Cup.elf.dir/Drivers/STM32F1xx_HAL_Driver/Src/stm32f1xx_hal_tim.c.obj
                0x08003620                HAL_TIM_Base_Init
 .text.TIM_ETR_SetConfig
                0x080036fc       0x18 CMakeFiles/Imagine_Cup.elf.dir/Drivers/STM32F1xx_HAL_Driver/Src/stm32f1xx_hal_tim.c.obj
                0x080036fc                TIM_ETR_SetConfig
 .text.HAL_TIM_ConfigClockSource
                0x08003714      0x38c CMakeFiles/Imagine_Cup.elf.dir/Drivers/STM32F1xx_HAL_Driver/Src/stm32f1xx_hal_tim.c.obj
                0x08003714                HAL_TIM_ConfigClockSource
 .text.TIM_SlaveTimer_SetConfig
                0x08003aa0      0x264 CMakeFiles/Imagine_Cup.elf.dir/Drivers/STM32F1xx_HAL_Driver/Src/stm32f1xx_hal_tim.c.obj
 .text.HAL_TIM_SlaveConfigSynchro
                0x08003d04       0xd4 CMakeFiles/Imagine_Cup.elf.dir/Drivers/STM32F1xx_HAL_Driver/Src/stm32f1xx_hal_tim.c.obj
                0x08003d04                HAL_TIM_SlaveConfigSynchro
 .text.HAL_TIMEx_MasterConfigSynchronization
                0x08003dd8       0xd4 CMakeFiles/Imagine_Cup.elf.dir/Drivers/STM32F1xx_HAL_Driver/Src/stm32f1xx_hal_tim_ex.c.obj
                0x08003dd8                HAL_TIMEx_MasterConfigSynchronization
 .text.HAL_TIMEx_CommutCallback
                0x08003eac        0x2 CMakeFiles/Imagine_Cup.elf.dir/Drivers/STM32F1xx_HAL_Driver/Src/stm32f1xx_hal_tim_ex.c.obj
                0x08003eac                HAL_TIMEx_CommutCallback
 .text.HAL_TIMEx_BreakCallback
                0x08003eae        0x2 CMakeFiles/Imagine_Cup.elf.dir/Drivers/STM32F1xx_HAL_Driver/Src/stm32f1xx_hal_tim_ex.c.obj
                0x08003eae                HAL_TIMEx_BreakCallback
 .text.__libc_init_array
                0x08003eb0       0x48 d:/study/stm32_project/clion/gcc-arm-none-eabi-10.3-2021.10/bin/../lib/gcc/arm-none-eabi/10.3.1/../../../../arm-none-eabi/lib/thumb/v7-m/nofp\libg.a(lib_a-init.o)
                0x08003eb0                __libc_init_array
 .text.memset   0x08003ef8       0xa4 d:/study/stm32_project/clion/gcc-arm-none-eabi-10.3-2021.10/bin/../lib/gcc/arm-none-eabi/10.3.1/../../../../arm-none-eabi/lib/thumb/v7-m/nofp\libg.a(lib_a-memset.o)
                0x08003ef8                memset
 .text.startup.register_fini
                0x08003f9c       0x14 d:/study/stm32_project/clion/gcc-arm-none-eabi-10.3-2021.10/bin/../lib/gcc/arm-none-eabi/10.3.1/../../../../arm-none-eabi/lib/thumb/v7-m/nofp\libg.a(lib_a-__call_atexit.o)
 .text.atexit   0x08003fb0        0xc d:/study/stm32_project/clion/gcc-arm-none-eabi-10.3-2021.10/bin/../lib/gcc/arm-none-eabi/10.3.1/../../../../arm-none-eabi/lib/thumb/v7-m/nofp\libg.a(lib_a-atexit.o)
                0x08003fb0                atexit
 .text.__libc_fini_array
                0x08003fbc       0x2c d:/study/stm32_project/clion/gcc-arm-none-eabi-10.3-2021.10/bin/../lib/gcc/arm-none-eabi/10.3.1/../../../../arm-none-eabi/lib/thumb/v7-m/nofp\libg.a(lib_a-fini.o)
                0x08003fbc                __libc_fini_array
 .text.__retarget_lock_acquire_recursive
                0x08003fe8        0x4 d:/study/stm32_project/clion/gcc-arm-none-eabi-10.3-2021.10/bin/../lib/gcc/arm-none-eabi/10.3.1/../../../../arm-none-eabi/lib/thumb/v7-m/nofp\libg.a(lib_a-lock.o)
                0x08003fe8                __retarget_lock_acquire_recursive
 .text.__retarget_lock_release_recursive
                0x08003fec        0x4 d:/study/stm32_project/clion/gcc-arm-none-eabi-10.3-2021.10/bin/../lib/gcc/arm-none-eabi/10.3.1/../../../../arm-none-eabi/lib/thumb/v7-m/nofp\libg.a(lib_a-lock.o)
                0x08003fec                __retarget_lock_release_recursive
 .text.__register_exitproc
                0x08003ff0       0x8c d:/study/stm32_project/clion/gcc-arm-none-eabi-10.3-2021.10/bin/../lib/gcc/arm-none-eabi/10.3.1/../../../../arm-none-eabi/lib/thumb/v7-m/nofp\libg.a(lib_a-__atexit.o)
                0x08003ff0                __register_exitproc
 *(.glue_7)
 .glue_7        0x0800407c        0x0 linker stubs
 *(.glue_7t)
 .glue_7t       0x0800407c        0x0 linker stubs
 *(.eh_frame)
 .eh_frame      0x0800407c        0x0 d:/study/stm32_project/clion/gcc-arm-none-eabi-10.3-2021.10/bin/../lib/gcc/arm-none-eabi/10.3.1/thumb/v7-m/nofp/crtbegin.o
 *(.init)
 .init          0x0800407c        0x4 d:/study/stm32_project/clion/gcc-arm-none-eabi-10.3-2021.10/bin/../lib/gcc/arm-none-eabi/10.3.1/thumb/v7-m/nofp/crti.o
                0x0800407c                _init
 .init          0x08004080        0x8 d:/study/stm32_project/clion/gcc-arm-none-eabi-10.3-2021.10/bin/../lib/gcc/arm-none-eabi/10.3.1/thumb/v7-m/nofp/crtn.o
 *(.fini)
 .fini          0x08004088        0x4 d:/study/stm32_project/clion/gcc-arm-none-eabi-10.3-2021.10/bin/../lib/gcc/arm-none-eabi/10.3.1/thumb/v7-m/nofp/crti.o
                0x08004088                _fini
 .fini          0x0800408c        0x8 d:/study/stm32_project/clion/gcc-arm-none-eabi-10.3-2021.10/bin/../lib/gcc/arm-none-eabi/10.3.1/thumb/v7-m/nofp/crtn.o
                0x08004094                . = ALIGN (0x4)
                0x08004094                _etext = .

.vfp11_veneer   0x08004094        0x0
 .vfp11_veneer  0x08004094        0x0 linker stubs

.v4_bx          0x08004094        0x0
 .v4_bx         0x08004094        0x0 linker stubs

.iplt           0x08004094        0x0
 .iplt          0x08004094        0x0 d:/study/stm32_project/clion/gcc-arm-none-eabi-10.3-2021.10/bin/../lib/gcc/arm-none-eabi/10.3.1/thumb/v7-m/nofp/crtbegin.o

.rodata         0x08004094      0xdb4
                0x08004094                . = ALIGN (0x4)
 *(.rodata)
 *(.rodata*)
 .rodata.Chinese_16
                0x08004094      0x198 CMakeFiles/Imagine_Cup.elf.dir/Core/Src/OLED.c.obj
                0x08004094                Chinese_16
 .rodata.Chinese_1602
                0x0800422c       0xcc CMakeFiles/Imagine_Cup.elf.dir/Core/Src/OLED.c.obj
                0x0800422c                Chinese_1602
 .rodata.Chinese_Bold16
                0x080042f8      0x132 CMakeFiles/Imagine_Cup.elf.dir/Core/Src/OLED.c.obj
                0x080042f8                Chinese_Bold16
 *fill*         0x0800442a        0x2 
 .rodata.F6x8   0x0800442c      0x222 CMakeFiles/Imagine_Cup.elf.dir/Core/Src/OLED.c.obj
                0x0800442c                F6x8
 *fill*         0x0800464e        0x2 
 .rodata.F8X16  0x08004650      0x5f0 CMakeFiles/Imagine_Cup.elf.dir/Core/Src/OLED.c.obj
                0x08004650                F8X16
 .rodata.main.str1.4
                0x08004c40       0x1a CMakeFiles/Imagine_Cup.elf.dir/Core/Src/main.c.obj
 *fill*         0x08004c5a        0x2 
 .rodata.AHBPrescTable
                0x08004c5c       0x10 CMakeFiles/Imagine_Cup.elf.dir/Core/Src/system_stm32f1xx.c.obj
                0x08004c5c                AHBPrescTable
 .rodata.HAL_NVIC_SetPriorityGrouping.str1.4
                0x08004c6c       0x5b CMakeFiles/Imagine_Cup.elf.dir/Drivers/STM32F1xx_HAL_Driver/Src/stm32f1xx_hal_cortex.c.obj
 *fill*         0x08004cc7        0x1 
 .rodata.HAL_GPIO_Init.str1.4
                0x08004cc8       0x59 CMakeFiles/Imagine_Cup.elf.dir/Drivers/STM32F1xx_HAL_Driver/Src/stm32f1xx_hal_gpio.c.obj
 *fill*         0x08004d21        0x3 
 .rodata.HAL_RCC_OscConfig.str1.4
                0x08004d24       0x58 CMakeFiles/Imagine_Cup.elf.dir/Drivers/STM32F1xx_HAL_Driver/Src/stm32f1xx_hal_rcc.c.obj
 .rodata.HAL_RCC_GetSysClockFreq.str1.4
                0x08004d7c       0x11 CMakeFiles/Imagine_Cup.elf.dir/Drivers/STM32F1xx_HAL_Driver/Src/stm32f1xx_hal_rcc.c.obj
 *fill*         0x08004d8d        0x3 
 .rodata.TIM_OC1_SetConfig.str1.4
                0x08004d90       0x58 CMakeFiles/Imagine_Cup.elf.dir/Drivers/STM32F1xx_HAL_Driver/Src/stm32f1xx_hal_tim.c.obj
 .rodata.HAL_TIMEx_HallSensor_Init.str1.4
                0x08004de8       0x5b CMakeFiles/Imagine_Cup.elf.dir/Drivers/STM32F1xx_HAL_Driver/Src/stm32f1xx_hal_tim_ex.c.obj
 *fill*         0x08004e43        0x1 
 .rodata._global_impure_ptr
                0x08004e44        0x4 d:/study/stm32_project/clion/gcc-arm-none-eabi-10.3-2021.10/bin/../lib/gcc/arm-none-eabi/10.3.1/../../../../arm-none-eabi/lib/thumb/v7-m/nofp\libg.a(lib_a-impure.o)
                0x08004e44                _global_impure_ptr
                0x08004e48                . = ALIGN (0x4)

.rel.dyn        0x08004e48        0x0
 .rel.iplt      0x08004e48        0x0 d:/study/stm32_project/clion/gcc-arm-none-eabi-10.3-2021.10/bin/../lib/gcc/arm-none-eabi/10.3.1/thumb/v7-m/nofp/crtbegin.o

.ARM.extab      0x08004e48        0x0
                0x08004e48                . = ALIGN (0x4)
 *(.ARM.extab* .gnu.linkonce.armextab.*)
                0x08004e48                . = ALIGN (0x4)

.ARM            0x08004e48        0x0
                0x08004e48                . = ALIGN (0x4)
                0x08004e48                __exidx_start = .
 *(.ARM.exidx*)
                0x08004e48                __exidx_end = .
                0x08004e48                . = ALIGN (0x4)

.preinit_array  0x08004e48        0x0
                0x08004e48                . = ALIGN (0x4)
                0x08004e48                PROVIDE (__preinit_array_start = .)
 *(.preinit_array*)
                0x08004e48                PROVIDE (__preinit_array_end = .)
                0x08004e48                . = ALIGN (0x4)

.init_array     0x08004e48        0x8
                0x08004e48                . = ALIGN (0x4)
                0x08004e48                PROVIDE (__init_array_start = .)
 *(SORT_BY_NAME(.init_array.*))
 .init_array.00000
                0x08004e48        0x4 d:/study/stm32_project/clion/gcc-arm-none-eabi-10.3-2021.10/bin/../lib/gcc/arm-none-eabi/10.3.1/../../../../arm-none-eabi/lib/thumb/v7-m/nofp\libg.a(lib_a-__call_atexit.o)
 *(.init_array*)
 .init_array    0x08004e4c        0x4 d:/study/stm32_project/clion/gcc-arm-none-eabi-10.3-2021.10/bin/../lib/gcc/arm-none-eabi/10.3.1/thumb/v7-m/nofp/crtbegin.o
                0x08004e50                PROVIDE (__init_array_end = .)
                0x08004e50                . = ALIGN (0x4)

.fini_array     0x08004e50        0x4
                0x08004e50                . = ALIGN (0x4)
                0x08004e50                PROVIDE (__fini_array_start = .)
 *(SORT_BY_NAME(.fini_array.*))
 *(.fini_array*)
 .fini_array    0x08004e50        0x4 d:/study/stm32_project/clion/gcc-arm-none-eabi-10.3-2021.10/bin/../lib/gcc/arm-none-eabi/10.3.1/thumb/v7-m/nofp/crtbegin.o
                0x08004e54                PROVIDE (__fini_array_end = .)
                0x08004e54                . = ALIGN (0x4)
                0x08004e54                _sidata = LOADADDR (.data)

.data           0x20000000      0x444 load address 0x08004e54
                0x20000000                . = ALIGN (0x4)
                0x20000000                _sdata = .
 *(.data)
 *(.data*)
 .data.cnt      0x20000000        0x8 CMakeFiles/Imagine_Cup.elf.dir/Core/Src/Frectest.c.obj
                0x20000000                cnt
 .data.SystemCoreClock
                0x20000008        0x4 CMakeFiles/Imagine_Cup.elf.dir/Core/Src/system_stm32f1xx.c.obj
                0x20000008                SystemCoreClock
 .data.uwTickFreq
                0x2000000c        0x1 CMakeFiles/Imagine_Cup.elf.dir/Drivers/STM32F1xx_HAL_Driver/Src/stm32f1xx_hal.c.obj
                0x2000000c                uwTickFreq
 *fill*         0x2000000d        0x3 
 .data.uwTickPrio
                0x20000010        0x4 CMakeFiles/Imagine_Cup.elf.dir/Drivers/STM32F1xx_HAL_Driver/Src/stm32f1xx_hal.c.obj
                0x20000010                uwTickPrio
 *fill*         0x20000014        0x4 
 .data.impure_data
                0x20000018      0x428 d:/study/stm32_project/clion/gcc-arm-none-eabi-10.3-2021.10/bin/../lib/gcc/arm-none-eabi/10.3.1/../../../../arm-none-eabi/lib/thumb/v7-m/nofp\libg.a(lib_a-impure.o)
 .data.__atexit_recursive_mutex
                0x20000440        0x4 d:/study/stm32_project/clion/gcc-arm-none-eabi-10.3-2021.10/bin/../lib/gcc/arm-none-eabi/10.3.1/../../../../arm-none-eabi/lib/thumb/v7-m/nofp\libg.a(lib_a-__call_atexit.o)
                0x20000440                __atexit_recursive_mutex
 *(.RamFunc)
 *(.RamFunc*)
                0x20000444                . = ALIGN (0x4)
                0x20000444                _edata = .

.igot.plt       0x20000444        0x0 load address 0x08005298
 .igot.plt      0x20000444        0x0 d:/study/stm32_project/clion/gcc-arm-none-eabi-10.3-2021.10/bin/../lib/gcc/arm-none-eabi/10.3.1/thumb/v7-m/nofp/crtbegin.o
                0x20000444                . = ALIGN (0x4)

.bss            0x20000444     0x410c load address 0x08005298
                0x20000444                _sbss = .
                0x20000444                __bss_start__ = _sbss
 *(.bss)
 .bss           0x20000444       0x1c d:/study/stm32_project/clion/gcc-arm-none-eabi-10.3-2021.10/bin/../lib/gcc/arm-none-eabi/10.3.1/thumb/v7-m/nofp/crtbegin.o
 *(.bss*)
 .bss.frec      0x20000460        0x4 CMakeFiles/Imagine_Cup.elf.dir/Core/Src/Frectest.c.obj
                0x20000460                frec
 .bss.isTiger   0x20000464        0x1 CMakeFiles/Imagine_Cup.elf.dir/Core/Src/Frectest.c.obj
                0x20000464                isTiger
 .bss.overflow  0x20000465        0x1 CMakeFiles/Imagine_Cup.elf.dir/Core/Src/Frectest.c.obj
                0x20000465                overflow
 *fill*         0x20000466        0x2 
 .bss.resistance
                0x20000468        0x4 CMakeFiles/Imagine_Cup.elf.dir/Core/Src/Frectest.c.obj
                0x20000468                resistance
 .bss.KeyNumber
                0x2000046c        0x1 CMakeFiles/Imagine_Cup.elf.dir/Core/Src/MatrixKey.c.obj
                0x2000046c                KeyNumber
 .bss.LastState.0
                0x2000046d        0x1 CMakeFiles/Imagine_Cup.elf.dir/Core/Src/MatrixKey.c.obj
 .bss.NewState.1
                0x2000046e        0x1 CMakeFiles/Imagine_Cup.elf.dir/Core/Src/MatrixKey.c.obj
 *fill*         0x2000046f        0x1 
 .bss.OLED_GRAM
                0x20000470     0x4000 CMakeFiles/Imagine_Cup.elf.dir/Core/Src/OLED.c.obj
                0x20000470                OLED_GRAM
 .bss.htim1     0x20004470       0x48 CMakeFiles/Imagine_Cup.elf.dir/Core/Src/tim.c.obj
                0x20004470                htim1
 .bss.htim2     0x200044b8       0x48 CMakeFiles/Imagine_Cup.elf.dir/Core/Src/tim.c.obj
                0x200044b8                htim2
 .bss.htim3     0x20004500       0x48 CMakeFiles/Imagine_Cup.elf.dir/Core/Src/tim.c.obj
                0x20004500                htim3
 .bss.uwTick    0x20004548        0x4 CMakeFiles/Imagine_Cup.elf.dir/Drivers/STM32F1xx_HAL_Driver/Src/stm32f1xx_hal.c.obj
                0x20004548                uwTick
 .bss.__lock___atexit_recursive_mutex
                0x2000454c        0x1 d:/study/stm32_project/clion/gcc-arm-none-eabi-10.3-2021.10/bin/../lib/gcc/arm-none-eabi/10.3.1/../../../../arm-none-eabi/lib/thumb/v7-m/nofp\libg.a(lib_a-lock.o)
                0x2000454c                __lock___atexit_recursive_mutex
 *(COMMON)
                0x20004550                . = ALIGN (0x4)
 *fill*         0x2000454d        0x3 
                0x20004550                _ebss = .
                0x20004550                __bss_end__ = _ebss

._user_heap_stack
                0x20004550      0x600 load address 0x08005298
                0x20004550                . = ALIGN (0x8)
                [!provide]                PROVIDE (end = .)
                0x20004550                PROVIDE (_end = .)
                0x20004750                . = (. + _Min_Heap_Size)
 *fill*         0x20004550      0x200 
                0x20004b50                . = (. + _Min_Stack_Size)
 *fill*         0x20004750      0x400 
                0x20004b50                . = ALIGN (0x8)

/DISCARD/
 libc.a(*)
 libm.a(*)
 libgcc.a(*)

.ARM.attributes
                0x00000000       0x29
 *(.ARM.attributes)
 .ARM.attributes
                0x00000000       0x1d d:/study/stm32_project/clion/gcc-arm-none-eabi-10.3-2021.10/bin/../lib/gcc/arm-none-eabi/10.3.1/thumb/v7-m/nofp/crti.o
 .ARM.attributes
                0x0000001d       0x2d d:/study/stm32_project/clion/gcc-arm-none-eabi-10.3-2021.10/bin/../lib/gcc/arm-none-eabi/10.3.1/thumb/v7-m/nofp/crtbegin.o
 .ARM.attributes
                0x0000004a       0x2d CMakeFiles/Imagine_Cup.elf.dir/Core/Src/Frectest.c.obj
 .ARM.attributes
                0x00000077       0x2d CMakeFiles/Imagine_Cup.elf.dir/Core/Src/MatrixKey.c.obj
 .ARM.attributes
                0x000000a4       0x2d CMakeFiles/Imagine_Cup.elf.dir/Core/Src/OLED.c.obj
 .ARM.attributes
                0x000000d1       0x2d CMakeFiles/Imagine_Cup.elf.dir/Core/Src/SoftWare_I2C.c.obj
 .ARM.attributes
                0x000000fe       0x2d CMakeFiles/Imagine_Cup.elf.dir/Core/Src/gpio.c.obj
 .ARM.attributes
                0x0000012b       0x2d CMakeFiles/Imagine_Cup.elf.dir/Core/Src/main.c.obj
 .ARM.attributes
                0x00000158       0x2d CMakeFiles/Imagine_Cup.elf.dir/Core/Src/stm32f1xx_hal_msp.c.obj
 .ARM.attributes
                0x00000185       0x2d CMakeFiles/Imagine_Cup.elf.dir/Core/Src/stm32f1xx_it.c.obj
 .ARM.attributes
                0x000001b2       0x2d CMakeFiles/Imagine_Cup.elf.dir/Core/Src/system_stm32f1xx.c.obj
 .ARM.attributes
                0x000001df       0x2d CMakeFiles/Imagine_Cup.elf.dir/Core/Src/tim.c.obj
 .ARM.attributes
                0x0000020c       0x21 CMakeFiles/Imagine_Cup.elf.dir/Core/Startup/startup_stm32f103c8tx.s.obj
 .ARM.attributes
                0x0000022d       0x2d CMakeFiles/Imagine_Cup.elf.dir/Drivers/STM32F1xx_HAL_Driver/Src/stm32f1xx_hal.c.obj
 .ARM.attributes
                0x0000025a       0x2d CMakeFiles/Imagine_Cup.elf.dir/Drivers/STM32F1xx_HAL_Driver/Src/stm32f1xx_hal_cortex.c.obj
 .ARM.attributes
                0x00000287       0x2d CMakeFiles/Imagine_Cup.elf.dir/Drivers/STM32F1xx_HAL_Driver/Src/stm32f1xx_hal_gpio.c.obj
 .ARM.attributes
                0x000002b4       0x2d CMakeFiles/Imagine_Cup.elf.dir/Drivers/STM32F1xx_HAL_Driver/Src/stm32f1xx_hal_rcc.c.obj
 .ARM.attributes
                0x000002e1       0x2d CMakeFiles/Imagine_Cup.elf.dir/Drivers/STM32F1xx_HAL_Driver/Src/stm32f1xx_hal_tim.c.obj
 .ARM.attributes
                0x0000030e       0x2d CMakeFiles/Imagine_Cup.elf.dir/Drivers/STM32F1xx_HAL_Driver/Src/stm32f1xx_hal_tim_ex.c.obj
 .ARM.attributes
                0x0000033b       0x1d d:/study/stm32_project/clion/gcc-arm-none-eabi-10.3-2021.10/bin/../lib/gcc/arm-none-eabi/10.3.1/thumb/v7-m/nofp\libgcc.a(_arm_addsubdf3.o)
 .ARM.attributes
                0x00000358       0x1d d:/study/stm32_project/clion/gcc-arm-none-eabi-10.3-2021.10/bin/../lib/gcc/arm-none-eabi/10.3.1/thumb/v7-m/nofp\libgcc.a(_arm_muldivdf3.o)
 .ARM.attributes
                0x00000375       0x1d d:/study/stm32_project/clion/gcc-arm-none-eabi-10.3-2021.10/bin/../lib/gcc/arm-none-eabi/10.3.1/thumb/v7-m/nofp\libgcc.a(_arm_fixunsdfsi.o)
 .ARM.attributes
                0x00000392       0x1d d:/study/stm32_project/clion/gcc-arm-none-eabi-10.3-2021.10/bin/../lib/gcc/arm-none-eabi/10.3.1/thumb/v7-m/nofp\libgcc.a(_arm_truncdfsf2.o)
 .ARM.attributes
                0x000003af       0x1d d:/study/stm32_project/clion/gcc-arm-none-eabi-10.3-2021.10/bin/../lib/gcc/arm-none-eabi/10.3.1/thumb/v7-m/nofp\libgcc.a(_arm_addsubsf3.o)
 .ARM.attributes
                0x000003cc       0x1d d:/study/stm32_project/clion/gcc-arm-none-eabi-10.3-2021.10/bin/../lib/gcc/arm-none-eabi/10.3.1/thumb/v7-m/nofp\libgcc.a(_arm_muldivsf3.o)
 .ARM.attributes
                0x000003e9       0x1d d:/study/stm32_project/clion/gcc-arm-none-eabi-10.3-2021.10/bin/../lib/gcc/arm-none-eabi/10.3.1/thumb/v7-m/nofp\libgcc.a(_arm_cmpsf2.o)
 .ARM.attributes
                0x00000406       0x1d d:/study/stm32_project/clion/gcc-arm-none-eabi-10.3-2021.10/bin/../lib/gcc/arm-none-eabi/10.3.1/thumb/v7-m/nofp\libgcc.a(_arm_fixsfsi.o)
 .ARM.attributes
                0x00000423       0x2d d:/study/stm32_project/clion/gcc-arm-none-eabi-10.3-2021.10/bin/../lib/gcc/arm-none-eabi/10.3.1/../../../../arm-none-eabi/lib/thumb/v7-m/nofp\libg.a(lib_a-impure.o)
 .ARM.attributes
                0x00000450       0x2d d:/study/stm32_project/clion/gcc-arm-none-eabi-10.3-2021.10/bin/../lib/gcc/arm-none-eabi/10.3.1/../../../../arm-none-eabi/lib/thumb/v7-m/nofp\libg.a(lib_a-init.o)
 .ARM.attributes
                0x0000047d       0x2d d:/study/stm32_project/clion/gcc-arm-none-eabi-10.3-2021.10/bin/../lib/gcc/arm-none-eabi/10.3.1/../../../../arm-none-eabi/lib/thumb/v7-m/nofp\libg.a(lib_a-memset.o)
 .ARM.attributes
                0x000004aa       0x2d d:/study/stm32_project/clion/gcc-arm-none-eabi-10.3-2021.10/bin/../lib/gcc/arm-none-eabi/10.3.1/../../../../arm-none-eabi/lib/thumb/v7-m/nofp\libg.a(lib_a-__call_atexit.o)
 .ARM.attributes
                0x000004d7       0x2d d:/study/stm32_project/clion/gcc-arm-none-eabi-10.3-2021.10/bin/../lib/gcc/arm-none-eabi/10.3.1/../../../../arm-none-eabi/lib/thumb/v7-m/nofp\libg.a(lib_a-atexit.o)
 .ARM.attributes
                0x00000504       0x2d d:/study/stm32_project/clion/gcc-arm-none-eabi-10.3-2021.10/bin/../lib/gcc/arm-none-eabi/10.3.1/../../../../arm-none-eabi/lib/thumb/v7-m/nofp\libg.a(lib_a-fini.o)
 .ARM.attributes
                0x00000531       0x2d d:/study/stm32_project/clion/gcc-arm-none-eabi-10.3-2021.10/bin/../lib/gcc/arm-none-eabi/10.3.1/../../../../arm-none-eabi/lib/thumb/v7-m/nofp\libg.a(lib_a-lock.o)
 .ARM.attributes
                0x0000055e       0x2d d:/study/stm32_project/clion/gcc-arm-none-eabi-10.3-2021.10/bin/../lib/gcc/arm-none-eabi/10.3.1/../../../../arm-none-eabi/lib/thumb/v7-m/nofp\libg.a(lib_a-__atexit.o)
 .ARM.attributes
                0x0000058b       0x1d d:/study/stm32_project/clion/gcc-arm-none-eabi-10.3-2021.10/bin/../lib/gcc/arm-none-eabi/10.3.1/thumb/v7-m/nofp/crtn.o
OUTPUT(Imagine_Cup.elf elf32-littlearm)
LOAD linker stubs
LOAD d:/study/stm32_project/clion/gcc-arm-none-eabi-10.3-2021.10/bin/../lib/gcc/arm-none-eabi/10.3.1/../../../../arm-none-eabi/lib/thumb/v7-m/nofp\libc.a
LOAD d:/study/stm32_project/clion/gcc-arm-none-eabi-10.3-2021.10/bin/../lib/gcc/arm-none-eabi/10.3.1/../../../../arm-none-eabi/lib/thumb/v7-m/nofp\libm.a
LOAD d:/study/stm32_project/clion/gcc-arm-none-eabi-10.3-2021.10/bin/../lib/gcc/arm-none-eabi/10.3.1/thumb/v7-m/nofp\libgcc.a

.debug_info     0x00000000     0xfa41
 .debug_info    0x00000000      0x8b3 CMakeFiles/Imagine_Cup.elf.dir/Core/Src/Frectest.c.obj
 .debug_info    0x000008b3      0x4ea CMakeFiles/Imagine_Cup.elf.dir/Core/Src/MatrixKey.c.obj
 .debug_info    0x00000d9d     0x18d7 CMakeFiles/Imagine_Cup.elf.dir/Core/Src/OLED.c.obj
 .debug_info    0x00002674      0x6a3 CMakeFiles/Imagine_Cup.elf.dir/Core/Src/SoftWare_I2C.c.obj
 .debug_info    0x00002d17      0x39f CMakeFiles/Imagine_Cup.elf.dir/Core/Src/gpio.c.obj
 .debug_info    0x000030b6     0x1170 CMakeFiles/Imagine_Cup.elf.dir/Core/Src/main.c.obj
 .debug_info    0x00004226      0x211 CMakeFiles/Imagine_Cup.elf.dir/Core/Src/stm32f1xx_hal_msp.c.obj
 .debug_info    0x00004437      0x793 CMakeFiles/Imagine_Cup.elf.dir/Core/Src/stm32f1xx_it.c.obj
 .debug_info    0x00004bca      0x248 CMakeFiles/Imagine_Cup.elf.dir/Core/Src/system_stm32f1xx.c.obj
 .debug_info    0x00004e12      0xed3 CMakeFiles/Imagine_Cup.elf.dir/Core/Src/tim.c.obj
 .debug_info    0x00005ce5       0x22 CMakeFiles/Imagine_Cup.elf.dir/Core/Startup/startup_stm32f103c8tx.s.obj
 .debug_info    0x00005d07      0x7eb CMakeFiles/Imagine_Cup.elf.dir/Drivers/STM32F1xx_HAL_Driver/Src/stm32f1xx_hal.c.obj
 .debug_info    0x000064f2      0xee8 CMakeFiles/Imagine_Cup.elf.dir/Drivers/STM32F1xx_HAL_Driver/Src/stm32f1xx_hal_cortex.c.obj
 .debug_info    0x000073da      0x8ab CMakeFiles/Imagine_Cup.elf.dir/Drivers/STM32F1xx_HAL_Driver/Src/stm32f1xx_hal_gpio.c.obj
 .debug_info    0x00007c85      0xcdd CMakeFiles/Imagine_Cup.elf.dir/Drivers/STM32F1xx_HAL_Driver/Src/stm32f1xx_hal_rcc.c.obj
 .debug_info    0x00008962     0x5110 CMakeFiles/Imagine_Cup.elf.dir/Drivers/STM32F1xx_HAL_Driver/Src/stm32f1xx_hal_tim.c.obj
 .debug_info    0x0000da72     0x1fcf CMakeFiles/Imagine_Cup.elf.dir/Drivers/STM32F1xx_HAL_Driver/Src/stm32f1xx_hal_tim_ex.c.obj

.debug_abbrev   0x00000000     0x1eff
 .debug_abbrev  0x00000000      0x1e6 CMakeFiles/Imagine_Cup.elf.dir/Core/Src/Frectest.c.obj
 .debug_abbrev  0x000001e6      0x16a CMakeFiles/Imagine_Cup.elf.dir/Core/Src/MatrixKey.c.obj
 .debug_abbrev  0x00000350      0x249 CMakeFiles/Imagine_Cup.elf.dir/Core/Src/OLED.c.obj
 .debug_abbrev  0x00000599      0x168 CMakeFiles/Imagine_Cup.elf.dir/Core/Src/SoftWare_I2C.c.obj
 .debug_abbrev  0x00000701      0x13c CMakeFiles/Imagine_Cup.elf.dir/Core/Src/gpio.c.obj
 .debug_abbrev  0x0000083d      0x29c CMakeFiles/Imagine_Cup.elf.dir/Core/Src/main.c.obj
 .debug_abbrev  0x00000ad9       0xe5 CMakeFiles/Imagine_Cup.elf.dir/Core/Src/stm32f1xx_hal_msp.c.obj
 .debug_abbrev  0x00000bbe      0x195 CMakeFiles/Imagine_Cup.elf.dir/Core/Src/stm32f1xx_it.c.obj
 .debug_abbrev  0x00000d53      0x13e CMakeFiles/Imagine_Cup.elf.dir/Core/Src/system_stm32f1xx.c.obj
 .debug_abbrev  0x00000e91      0x1ef CMakeFiles/Imagine_Cup.elf.dir/Core/Src/tim.c.obj
 .debug_abbrev  0x00001080       0x12 CMakeFiles/Imagine_Cup.elf.dir/Core/Startup/startup_stm32f103c8tx.s.obj
 .debug_abbrev  0x00001092      0x1f4 CMakeFiles/Imagine_Cup.elf.dir/Drivers/STM32F1xx_HAL_Driver/Src/stm32f1xx_hal.c.obj
 .debug_abbrev  0x00001286      0x35e CMakeFiles/Imagine_Cup.elf.dir/Drivers/STM32F1xx_HAL_Driver/Src/stm32f1xx_hal_cortex.c.obj
 .debug_abbrev  0x000015e4      0x222 CMakeFiles/Imagine_Cup.elf.dir/Drivers/STM32F1xx_HAL_Driver/Src/stm32f1xx_hal_gpio.c.obj
 .debug_abbrev  0x00001806      0x27a CMakeFiles/Imagine_Cup.elf.dir/Drivers/STM32F1xx_HAL_Driver/Src/stm32f1xx_hal_rcc.c.obj
 .debug_abbrev  0x00001a80      0x23e CMakeFiles/Imagine_Cup.elf.dir/Drivers/STM32F1xx_HAL_Driver/Src/stm32f1xx_hal_tim.c.obj
 .debug_abbrev  0x00001cbe      0x241 CMakeFiles/Imagine_Cup.elf.dir/Drivers/STM32F1xx_HAL_Driver/Src/stm32f1xx_hal_tim_ex.c.obj

.debug_aranges  0x00000000      0xb10
 .debug_aranges
                0x00000000       0x50 CMakeFiles/Imagine_Cup.elf.dir/Core/Src/Frectest.c.obj
 .debug_aranges
                0x00000050       0x30 CMakeFiles/Imagine_Cup.elf.dir/Core/Src/MatrixKey.c.obj
 .debug_aranges
                0x00000080       0xe8 CMakeFiles/Imagine_Cup.elf.dir/Core/Src/OLED.c.obj
 .debug_aranges
                0x00000168       0x78 CMakeFiles/Imagine_Cup.elf.dir/Core/Src/SoftWare_I2C.c.obj
 .debug_aranges
                0x000001e0       0x20 CMakeFiles/Imagine_Cup.elf.dir/Core/Src/gpio.c.obj
 .debug_aranges
                0x00000200       0x48 CMakeFiles/Imagine_Cup.elf.dir/Core/Src/main.c.obj
 .debug_aranges
                0x00000248       0x20 CMakeFiles/Imagine_Cup.elf.dir/Core/Src/stm32f1xx_hal_msp.c.obj
 .debug_aranges
                0x00000268       0x88 CMakeFiles/Imagine_Cup.elf.dir/Core/Src/stm32f1xx_it.c.obj
 .debug_aranges
                0x000002f0       0x28 CMakeFiles/Imagine_Cup.elf.dir/Core/Src/system_stm32f1xx.c.obj
 .debug_aranges
                0x00000318       0x40 CMakeFiles/Imagine_Cup.elf.dir/Core/Src/tim.c.obj
 .debug_aranges
                0x00000358       0x28 CMakeFiles/Imagine_Cup.elf.dir/Core/Startup/startup_stm32f103c8tx.s.obj
 .debug_aranges
                0x00000380       0xe0 CMakeFiles/Imagine_Cup.elf.dir/Drivers/STM32F1xx_HAL_Driver/Src/stm32f1xx_hal.c.obj
 .debug_aranges
                0x00000460       0x90 CMakeFiles/Imagine_Cup.elf.dir/Drivers/STM32F1xx_HAL_Driver/Src/stm32f1xx_hal_cortex.c.obj
 .debug_aranges
                0x000004f0       0x58 CMakeFiles/Imagine_Cup.elf.dir/Drivers/STM32F1xx_HAL_Driver/Src/stm32f1xx_hal_gpio.c.obj
 .debug_aranges
                0x00000548       0x90 CMakeFiles/Imagine_Cup.elf.dir/Drivers/STM32F1xx_HAL_Driver/Src/stm32f1xx_hal_rcc.c.obj
 .debug_aranges
                0x000005d8      0x3d0 CMakeFiles/Imagine_Cup.elf.dir/Drivers/STM32F1xx_HAL_Driver/Src/stm32f1xx_hal_tim.c.obj
 .debug_aranges
                0x000009a8      0x168 CMakeFiles/Imagine_Cup.elf.dir/Drivers/STM32F1xx_HAL_Driver/Src/stm32f1xx_hal_tim_ex.c.obj

.debug_ranges   0x00000000      0xab8
 .debug_ranges  0x00000000       0x40 CMakeFiles/Imagine_Cup.elf.dir/Core/Src/Frectest.c.obj
 .debug_ranges  0x00000040       0x20 CMakeFiles/Imagine_Cup.elf.dir/Core/Src/MatrixKey.c.obj
 .debug_ranges  0x00000060       0xd8 CMakeFiles/Imagine_Cup.elf.dir/Core/Src/OLED.c.obj
 .debug_ranges  0x00000138       0x68 CMakeFiles/Imagine_Cup.elf.dir/Core/Src/SoftWare_I2C.c.obj
 .debug_ranges  0x000001a0       0x10 CMakeFiles/Imagine_Cup.elf.dir/Core/Src/gpio.c.obj
 .debug_ranges  0x000001b0       0x38 CMakeFiles/Imagine_Cup.elf.dir/Core/Src/main.c.obj
 .debug_ranges  0x000001e8       0x10 CMakeFiles/Imagine_Cup.elf.dir/Core/Src/stm32f1xx_hal_msp.c.obj
 .debug_ranges  0x000001f8       0x78 CMakeFiles/Imagine_Cup.elf.dir/Core/Src/stm32f1xx_it.c.obj
 .debug_ranges  0x00000270       0x18 CMakeFiles/Imagine_Cup.elf.dir/Core/Src/system_stm32f1xx.c.obj
 .debug_ranges  0x00000288       0x30 CMakeFiles/Imagine_Cup.elf.dir/Core/Src/tim.c.obj
 .debug_ranges  0x000002b8       0x20 CMakeFiles/Imagine_Cup.elf.dir/Core/Startup/startup_stm32f103c8tx.s.obj
 .debug_ranges  0x000002d8       0xd0 CMakeFiles/Imagine_Cup.elf.dir/Drivers/STM32F1xx_HAL_Driver/Src/stm32f1xx_hal.c.obj
 .debug_ranges  0x000003a8      0x110 CMakeFiles/Imagine_Cup.elf.dir/Drivers/STM32F1xx_HAL_Driver/Src/stm32f1xx_hal_cortex.c.obj
 .debug_ranges  0x000004b8       0x48 CMakeFiles/Imagine_Cup.elf.dir/Drivers/STM32F1xx_HAL_Driver/Src/stm32f1xx_hal_gpio.c.obj
 .debug_ranges  0x00000500       0xa0 CMakeFiles/Imagine_Cup.elf.dir/Drivers/STM32F1xx_HAL_Driver/Src/stm32f1xx_hal_rcc.c.obj
 .debug_ranges  0x000005a0      0x3c0 CMakeFiles/Imagine_Cup.elf.dir/Drivers/STM32F1xx_HAL_Driver/Src/stm32f1xx_hal_tim.c.obj
 .debug_ranges  0x00000960      0x158 CMakeFiles/Imagine_Cup.elf.dir/Drivers/STM32F1xx_HAL_Driver/Src/stm32f1xx_hal_tim_ex.c.obj

.debug_line     0x00000000     0xcb84
 .debug_line    0x00000000      0x364 CMakeFiles/Imagine_Cup.elf.dir/Core/Src/Frectest.c.obj
 .debug_line    0x00000364      0x52c CMakeFiles/Imagine_Cup.elf.dir/Core/Src/MatrixKey.c.obj
 .debug_line    0x00000890      0xda6 CMakeFiles/Imagine_Cup.elf.dir/Core/Src/OLED.c.obj
 .debug_line    0x00001636      0x479 CMakeFiles/Imagine_Cup.elf.dir/Core/Src/SoftWare_I2C.c.obj
 .debug_line    0x00001aaf      0x2ac CMakeFiles/Imagine_Cup.elf.dir/Core/Src/gpio.c.obj
 .debug_line    0x00001d5b      0x656 CMakeFiles/Imagine_Cup.elf.dir/Core/Src/main.c.obj
 .debug_line    0x000023b1      0x1b8 CMakeFiles/Imagine_Cup.elf.dir/Core/Src/stm32f1xx_hal_msp.c.obj
 .debug_line    0x00002569      0x3ae CMakeFiles/Imagine_Cup.elf.dir/Core/Src/stm32f1xx_it.c.obj
 .debug_line    0x00002917      0x282 CMakeFiles/Imagine_Cup.elf.dir/Core/Src/system_stm32f1xx.c.obj
 .debug_line    0x00002b99      0x557 CMakeFiles/Imagine_Cup.elf.dir/Core/Src/tim.c.obj
 .debug_line    0x000030f0       0xa7 CMakeFiles/Imagine_Cup.elf.dir/Core/Startup/startup_stm32f103c8tx.s.obj
 .debug_line    0x00003197      0x60b CMakeFiles/Imagine_Cup.elf.dir/Drivers/STM32F1xx_HAL_Driver/Src/stm32f1xx_hal.c.obj
 .debug_line    0x000037a2      0x7a8 CMakeFiles/Imagine_Cup.elf.dir/Drivers/STM32F1xx_HAL_Driver/Src/stm32f1xx_hal_cortex.c.obj
 .debug_line    0x00003f4a      0x7a4 CMakeFiles/Imagine_Cup.elf.dir/Drivers/STM32F1xx_HAL_Driver/Src/stm32f1xx_hal_gpio.c.obj
 .debug_line    0x000046ee      0xe79 CMakeFiles/Imagine_Cup.elf.dir/Drivers/STM32F1xx_HAL_Driver/Src/stm32f1xx_hal_rcc.c.obj
 .debug_line    0x00005567     0x56ae CMakeFiles/Imagine_Cup.elf.dir/Drivers/STM32F1xx_HAL_Driver/Src/stm32f1xx_hal_tim.c.obj
 .debug_line    0x0000ac15     0x1f6f CMakeFiles/Imagine_Cup.elf.dir/Drivers/STM32F1xx_HAL_Driver/Src/stm32f1xx_hal_tim_ex.c.obj

.debug_str      0x00000000     0x33e7
 .debug_str     0x00000000      0x752 CMakeFiles/Imagine_Cup.elf.dir/Core/Src/Frectest.c.obj
                                0x80c (size before relaxing)
 .debug_str     0x00000752       0xe9 CMakeFiles/Imagine_Cup.elf.dir/Core/Src/MatrixKey.c.obj
                                0x2a1 (size before relaxing)
 .debug_str     0x0000083b      0x2d2 CMakeFiles/Imagine_Cup.elf.dir/Core/Src/OLED.c.obj
                                0x485 (size before relaxing)
 .debug_str     0x00000b0d       0xa3 CMakeFiles/Imagine_Cup.elf.dir/Core/Src/SoftWare_I2C.c.obj
                                0x2fa (size before relaxing)
 .debug_str     0x00000bb0       0xc0 CMakeFiles/Imagine_Cup.elf.dir/Core/Src/gpio.c.obj
                                0x2bb (size before relaxing)
 .debug_str     0x00000c70      0x2c0 CMakeFiles/Imagine_Cup.elf.dir/Core/Src/main.c.obj
                                0xa7f (size before relaxing)
 .debug_str     0x00000f30       0x7a CMakeFiles/Imagine_Cup.elf.dir/Core/Src/stm32f1xx_hal_msp.c.obj
                                0x25d (size before relaxing)
 .debug_str     0x00000faa      0x149 CMakeFiles/Imagine_Cup.elf.dir/Core/Src/stm32f1xx_it.c.obj
                                0x7ac (size before relaxing)
 .debug_str     0x000010f3       0x9e CMakeFiles/Imagine_Cup.elf.dir/Core/Src/system_stm32f1xx.c.obj
                                0x292 (size before relaxing)
 .debug_str     0x00001191      0x4f8 CMakeFiles/Imagine_Cup.elf.dir/Core/Src/tim.c.obj
                                0xc77 (size before relaxing)
 .debug_str     0x00001689       0x56 CMakeFiles/Imagine_Cup.elf.dir/Core/Startup/startup_stm32f103c8tx.s.obj
                                 0x8b (size before relaxing)
 .debug_str     0x000016df      0x32e CMakeFiles/Imagine_Cup.elf.dir/Drivers/STM32F1xx_HAL_Driver/Src/stm32f1xx_hal.c.obj
                                0x882 (size before relaxing)
 .debug_str     0x00001a0d      0x3be CMakeFiles/Imagine_Cup.elf.dir/Drivers/STM32F1xx_HAL_Driver/Src/stm32f1xx_hal_cortex.c.obj
                                0x91f (size before relaxing)
 .debug_str     0x00001dcb      0x124 CMakeFiles/Imagine_Cup.elf.dir/Drivers/STM32F1xx_HAL_Driver/Src/stm32f1xx_hal_gpio.c.obj
                                0x45e (size before relaxing)
 .debug_str     0x00001eef      0x214 CMakeFiles/Imagine_Cup.elf.dir/Drivers/STM32F1xx_HAL_Driver/Src/stm32f1xx_hal_rcc.c.obj
                                0x677 (size before relaxing)
 .debug_str     0x00002103      0xda0 CMakeFiles/Imagine_Cup.elf.dir/Drivers/STM32F1xx_HAL_Driver/Src/stm32f1xx_hal_tim.c.obj
                               0x1696 (size before relaxing)
 .debug_str     0x00002ea3      0x544 CMakeFiles/Imagine_Cup.elf.dir/Drivers/STM32F1xx_HAL_Driver/Src/stm32f1xx_hal_tim_ex.c.obj
                                0xe97 (size before relaxing)

.comment        0x00000000       0x49
 .comment       0x00000000       0x49 CMakeFiles/Imagine_Cup.elf.dir/Core/Src/Frectest.c.obj
                                 0x4a (size before relaxing)
 .comment       0x00000049       0x4a CMakeFiles/Imagine_Cup.elf.dir/Core/Src/MatrixKey.c.obj
 .comment       0x00000049       0x4a CMakeFiles/Imagine_Cup.elf.dir/Core/Src/OLED.c.obj
 .comment       0x00000049       0x4a CMakeFiles/Imagine_Cup.elf.dir/Core/Src/SoftWare_I2C.c.obj
 .comment       0x00000049       0x4a CMakeFiles/Imagine_Cup.elf.dir/Core/Src/gpio.c.obj
 .comment       0x00000049       0x4a CMakeFiles/Imagine_Cup.elf.dir/Core/Src/main.c.obj
 .comment       0x00000049       0x4a CMakeFiles/Imagine_Cup.elf.dir/Core/Src/stm32f1xx_hal_msp.c.obj
 .comment       0x00000049       0x4a CMakeFiles/Imagine_Cup.elf.dir/Core/Src/stm32f1xx_it.c.obj
 .comment       0x00000049       0x4a CMakeFiles/Imagine_Cup.elf.dir/Core/Src/system_stm32f1xx.c.obj
 .comment       0x00000049       0x4a CMakeFiles/Imagine_Cup.elf.dir/Core/Src/tim.c.obj
 .comment       0x00000049       0x4a CMakeFiles/Imagine_Cup.elf.dir/Drivers/STM32F1xx_HAL_Driver/Src/stm32f1xx_hal.c.obj
 .comment       0x00000049       0x4a CMakeFiles/Imagine_Cup.elf.dir/Drivers/STM32F1xx_HAL_Driver/Src/stm32f1xx_hal_cortex.c.obj
 .comment       0x00000049       0x4a CMakeFiles/Imagine_Cup.elf.dir/Drivers/STM32F1xx_HAL_Driver/Src/stm32f1xx_hal_gpio.c.obj
 .comment       0x00000049       0x4a CMakeFiles/Imagine_Cup.elf.dir/Drivers/STM32F1xx_HAL_Driver/Src/stm32f1xx_hal_rcc.c.obj
 .comment       0x00000049       0x4a CMakeFiles/Imagine_Cup.elf.dir/Drivers/STM32F1xx_HAL_Driver/Src/stm32f1xx_hal_tim.c.obj
 .comment       0x00000049       0x4a CMakeFiles/Imagine_Cup.elf.dir/Drivers/STM32F1xx_HAL_Driver/Src/stm32f1xx_hal_tim_ex.c.obj

.debug_frame    0x00000000     0x22e0
 .debug_frame   0x00000000       0xa4 CMakeFiles/Imagine_Cup.elf.dir/Core/Src/Frectest.c.obj
 .debug_frame   0x000000a4       0x58 CMakeFiles/Imagine_Cup.elf.dir/Core/Src/MatrixKey.c.obj
 .debug_frame   0x000000fc      0x30c CMakeFiles/Imagine_Cup.elf.dir/Core/Src/OLED.c.obj
 .debug_frame   0x00000408      0x134 CMakeFiles/Imagine_Cup.elf.dir/Core/Src/SoftWare_I2C.c.obj
 .debug_frame   0x0000053c       0x38 CMakeFiles/Imagine_Cup.elf.dir/Core/Src/gpio.c.obj
 .debug_frame   0x00000574       0xa8 CMakeFiles/Imagine_Cup.elf.dir/Core/Src/main.c.obj
 .debug_frame   0x0000061c       0x28 CMakeFiles/Imagine_Cup.elf.dir/Core/Src/stm32f1xx_hal_msp.c.obj
 .debug_frame   0x00000644      0x120 CMakeFiles/Imagine_Cup.elf.dir/Core/Src/stm32f1xx_it.c.obj
 .debug_frame   0x00000764       0x30 CMakeFiles/Imagine_Cup.elf.dir/Core/Src/system_stm32f1xx.c.obj
 .debug_frame   0x00000794       0xa8 CMakeFiles/Imagine_Cup.elf.dir/Core/Src/tim.c.obj
 .debug_frame   0x0000083c      0x1d0 CMakeFiles/Imagine_Cup.elf.dir/Drivers/STM32F1xx_HAL_Driver/Src/stm32f1xx_hal.c.obj
 .debug_frame   0x00000a0c      0x164 CMakeFiles/Imagine_Cup.elf.dir/Drivers/STM32F1xx_HAL_Driver/Src/stm32f1xx_hal_cortex.c.obj
 .debug_frame   0x00000b70       0xfc CMakeFiles/Imagine_Cup.elf.dir/Drivers/STM32F1xx_HAL_Driver/Src/stm32f1xx_hal_gpio.c.obj
 .debug_frame   0x00000c6c      0x1a8 CMakeFiles/Imagine_Cup.elf.dir/Drivers/STM32F1xx_HAL_Driver/Src/stm32f1xx_hal_rcc.c.obj
 .debug_frame   0x00000e14      0xbcc CMakeFiles/Imagine_Cup.elf.dir/Drivers/STM32F1xx_HAL_Driver/Src/stm32f1xx_hal_tim.c.obj
 .debug_frame   0x000019e0      0x460 CMakeFiles/Imagine_Cup.elf.dir/Drivers/STM32F1xx_HAL_Driver/Src/stm32f1xx_hal_tim_ex.c.obj
 .debug_frame   0x00001e40       0xac d:/study/stm32_project/clion/gcc-arm-none-eabi-10.3-2021.10/bin/../lib/gcc/arm-none-eabi/10.3.1/thumb/v7-m/nofp\libgcc.a(_arm_addsubdf3.o)
 .debug_frame   0x00001eec       0x50 d:/study/stm32_project/clion/gcc-arm-none-eabi-10.3-2021.10/bin/../lib/gcc/arm-none-eabi/10.3.1/thumb/v7-m/nofp\libgcc.a(_arm_muldivdf3.o)
 .debug_frame   0x00001f3c       0x24 d:/study/stm32_project/clion/gcc-arm-none-eabi-10.3-2021.10/bin/../lib/gcc/arm-none-eabi/10.3.1/thumb/v7-m/nofp\libgcc.a(_arm_fixunsdfsi.o)
 .debug_frame   0x00001f60       0x24 d:/study/stm32_project/clion/gcc-arm-none-eabi-10.3-2021.10/bin/../lib/gcc/arm-none-eabi/10.3.1/thumb/v7-m/nofp\libgcc.a(_arm_truncdfsf2.o)
 .debug_frame   0x00001f84       0x4c d:/study/stm32_project/clion/gcc-arm-none-eabi-10.3-2021.10/bin/../lib/gcc/arm-none-eabi/10.3.1/thumb/v7-m/nofp\libgcc.a(_arm_addsubsf3.o)
 .debug_frame   0x00001fd0       0x38 d:/study/stm32_project/clion/gcc-arm-none-eabi-10.3-2021.10/bin/../lib/gcc/arm-none-eabi/10.3.1/thumb/v7-m/nofp\libgcc.a(_arm_muldivsf3.o)
 .debug_frame   0x00002008       0xc8 d:/study/stm32_project/clion/gcc-arm-none-eabi-10.3-2021.10/bin/../lib/gcc/arm-none-eabi/10.3.1/thumb/v7-m/nofp\libgcc.a(_arm_cmpsf2.o)
 .debug_frame   0x000020d0       0x24 d:/study/stm32_project/clion/gcc-arm-none-eabi-10.3-2021.10/bin/../lib/gcc/arm-none-eabi/10.3.1/thumb/v7-m/nofp\libgcc.a(_arm_fixsfsi.o)
 .debug_frame   0x000020f4       0x2c d:/study/stm32_project/clion/gcc-arm-none-eabi-10.3-2021.10/bin/../lib/gcc/arm-none-eabi/10.3.1/../../../../arm-none-eabi/lib/thumb/v7-m/nofp\libg.a(lib_a-init.o)
 .debug_frame   0x00002120       0x2c d:/study/stm32_project/clion/gcc-arm-none-eabi-10.3-2021.10/bin/../lib/gcc/arm-none-eabi/10.3.1/../../../../arm-none-eabi/lib/thumb/v7-m/nofp\libg.a(lib_a-memset.o)
 .debug_frame   0x0000214c       0x5c d:/study/stm32_project/clion/gcc-arm-none-eabi-10.3-2021.10/bin/../lib/gcc/arm-none-eabi/10.3.1/../../../../arm-none-eabi/lib/thumb/v7-m/nofp\libg.a(lib_a-__call_atexit.o)
 .debug_frame   0x000021a8       0x20 d:/study/stm32_project/clion/gcc-arm-none-eabi-10.3-2021.10/bin/../lib/gcc/arm-none-eabi/10.3.1/../../../../arm-none-eabi/lib/thumb/v7-m/nofp\libg.a(lib_a-atexit.o)
 .debug_frame   0x000021c8       0x34 d:/study/stm32_project/clion/gcc-arm-none-eabi-10.3-2021.10/bin/../lib/gcc/arm-none-eabi/10.3.1/../../../../arm-none-eabi/lib/thumb/v7-m/nofp\libg.a(lib_a-fini.o)
 .debug_frame   0x000021fc       0xb0 d:/study/stm32_project/clion/gcc-arm-none-eabi-10.3-2021.10/bin/../lib/gcc/arm-none-eabi/10.3.1/../../../../arm-none-eabi/lib/thumb/v7-m/nofp\libg.a(lib_a-lock.o)
 .debug_frame   0x000022ac       0x34 d:/study/stm32_project/clion/gcc-arm-none-eabi-10.3-2021.10/bin/../lib/gcc/arm-none-eabi/10.3.1/../../../../arm-none-eabi/lib/thumb/v7-m/nofp\libg.a(lib_a-__atexit.o)

.debug_loc      0x00000000     0x7aec
 .debug_loc     0x00000000       0x4b CMakeFiles/Imagine_Cup.elf.dir/Core/Src/MatrixKey.c.obj
 .debug_loc     0x0000004b     0x131e CMakeFiles/Imagine_Cup.elf.dir/Core/Src/OLED.c.obj
 .debug_loc     0x00001369      0x1b3 CMakeFiles/Imagine_Cup.elf.dir/Core/Src/SoftWare_I2C.c.obj
 .debug_loc     0x0000151c      0x2d1 CMakeFiles/Imagine_Cup.elf.dir/Core/Src/main.c.obj
 .debug_loc     0x000017ed       0x15 CMakeFiles/Imagine_Cup.elf.dir/Core/Src/stm32f1xx_hal_msp.c.obj
 .debug_loc     0x00001802       0xff CMakeFiles/Imagine_Cup.elf.dir/Core/Src/system_stm32f1xx.c.obj
 .debug_loc     0x00001901       0xf8 CMakeFiles/Imagine_Cup.elf.dir/Core/Src/tim.c.obj
 .debug_loc     0x000019f9      0x130 CMakeFiles/Imagine_Cup.elf.dir/Drivers/STM32F1xx_HAL_Driver/Src/stm32f1xx_hal.c.obj
 .debug_loc     0x00001b29      0x8cd CMakeFiles/Imagine_Cup.elf.dir/Drivers/STM32F1xx_HAL_Driver/Src/stm32f1xx_hal_cortex.c.obj
 .debug_loc     0x000023f6      0x5a9 CMakeFiles/Imagine_Cup.elf.dir/Drivers/STM32F1xx_HAL_Driver/Src/stm32f1xx_hal_gpio.c.obj
 .debug_loc     0x0000299f      0x71c CMakeFiles/Imagine_Cup.elf.dir/Drivers/STM32F1xx_HAL_Driver/Src/stm32f1xx_hal_rcc.c.obj
 .debug_loc     0x000030bb     0x3514 CMakeFiles/Imagine_Cup.elf.dir/Drivers/STM32F1xx_HAL_Driver/Src/stm32f1xx_hal_tim.c.obj
 .debug_loc     0x000065cf     0x151d CMakeFiles/Imagine_Cup.elf.dir/Drivers/STM32F1xx_HAL_Driver/Src/stm32f1xx_hal_tim_ex.c.obj
