Archive member included to satisfy reference by file (symbol)

d:/progra~2/gnuarm~1/102021~1.10/bin/../lib/gcc/arm-none-eabi/10.3.1/thumb/v7-m/nofp\libgcc.a(_arm_mulsf3.o)
                              CMakeFiles/Imagine_Cup.elf.dir/Core/Src/OLED.c.obj (__aeabi_fmul)
d:/progra~2/gnuarm~1/102021~1.10/bin/../lib/gcc/arm-none-eabi/10.3.1/thumb/v7-m/nofp\libgcc.a(_arm_addsubsf3.o)
                              CMakeFiles/Imagine_Cup.elf.dir/Core/Src/OLED.c.obj (__aeabi_fsub)
d:/progra~2/gnuarm~1/102021~1.10/bin/../lib/gcc/arm-none-eabi/10.3.1/thumb/v7-m/nofp\libgcc.a(_arm_fixsfsi.o)
                              CMakeFiles/Imagine_Cup.elf.dir/Core/Src/OLED.c.obj (__aeabi_f2iz)
d:/progra~2/gnuarm~1/102021~1.10/bin/../lib/gcc/arm-none-eabi/10.3.1/../../../../arm-none-eabi/lib/thumb/v7-m/nofp\libg.a(lib_a-errno.o)
                              CMakeFiles/Imagine_Cup.elf.dir/Core/Src/syscalls.c.obj (__errno)
d:/progra~2/gnuarm~1/102021~1.10/bin/../lib/gcc/arm-none-eabi/10.3.1/../../../../arm-none-eabi/lib/thumb/v7-m/nofp\libg.a(lib_a-exit.o)
                              d:/progra~2/gnuarm~1/102021~1.10/bin/../lib/gcc/arm-none-eabi/10.3.1/../../../../arm-none-eabi/lib/thumb/v7-m/nofp/crt0.o (exit)
d:/progra~2/gnuarm~1/102021~1.10/bin/../lib/gcc/arm-none-eabi/10.3.1/../../../../arm-none-eabi/lib/thumb/v7-m/nofp\libg.a(lib_a-impure.o)
                              d:/progra~2/gnuarm~1/102021~1.10/bin/../lib/gcc/arm-none-eabi/10.3.1/../../../../arm-none-eabi/lib/thumb/v7-m/nofp\libg.a(lib_a-exit.o) (_global_impure_ptr)
d:/progra~2/gnuarm~1/102021~1.10/bin/../lib/gcc/arm-none-eabi/10.3.1/../../../../arm-none-eabi/lib/thumb/v7-m/nofp\libg.a(lib_a-init.o)
                              d:/progra~2/gnuarm~1/102021~1.10/bin/../lib/gcc/arm-none-eabi/10.3.1/../../../../arm-none-eabi/lib/thumb/v7-m/nofp/crt0.o (__libc_init_array)
d:/progra~2/gnuarm~1/102021~1.10/bin/../lib/gcc/arm-none-eabi/10.3.1/../../../../arm-none-eabi/lib/thumb/v7-m/nofp\libg.a(lib_a-memset.o)
                              d:/progra~2/gnuarm~1/102021~1.10/bin/../lib/gcc/arm-none-eabi/10.3.1/../../../../arm-none-eabi/lib/thumb/v7-m/nofp/crt0.o (memset)
d:/progra~2/gnuarm~1/102021~1.10/bin/../lib/gcc/arm-none-eabi/10.3.1/../../../../arm-none-eabi/lib/thumb/v7-m/nofp\libg.a(lib_a-__call_atexit.o)
                              d:/progra~2/gnuarm~1/102021~1.10/bin/../lib/gcc/arm-none-eabi/10.3.1/../../../../arm-none-eabi/lib/thumb/v7-m/nofp\libg.a(lib_a-exit.o) (__call_exitprocs)
d:/progra~2/gnuarm~1/102021~1.10/bin/../lib/gcc/arm-none-eabi/10.3.1/../../../../arm-none-eabi/lib/thumb/v7-m/nofp\libg.a(lib_a-atexit.o)
                              d:/progra~2/gnuarm~1/102021~1.10/bin/../lib/gcc/arm-none-eabi/10.3.1/../../../../arm-none-eabi/lib/thumb/v7-m/nofp\libg.a(lib_a-__call_atexit.o) (atexit)
d:/progra~2/gnuarm~1/102021~1.10/bin/../lib/gcc/arm-none-eabi/10.3.1/../../../../arm-none-eabi/lib/thumb/v7-m/nofp\libg.a(lib_a-fini.o)
                              d:/progra~2/gnuarm~1/102021~1.10/bin/../lib/gcc/arm-none-eabi/10.3.1/../../../../arm-none-eabi/lib/thumb/v7-m/nofp\libg.a(lib_a-__call_atexit.o) (__libc_fini_array)
d:/progra~2/gnuarm~1/102021~1.10/bin/../lib/gcc/arm-none-eabi/10.3.1/../../../../arm-none-eabi/lib/thumb/v7-m/nofp\libg.a(lib_a-lock.o)
                              d:/progra~2/gnuarm~1/102021~1.10/bin/../lib/gcc/arm-none-eabi/10.3.1/../../../../arm-none-eabi/lib/thumb/v7-m/nofp\libg.a(lib_a-__call_atexit.o) (__retarget_lock_acquire_recursive)
d:/progra~2/gnuarm~1/102021~1.10/bin/../lib/gcc/arm-none-eabi/10.3.1/../../../../arm-none-eabi/lib/thumb/v7-m/nofp\libg.a(lib_a-__atexit.o)
                              d:/progra~2/gnuarm~1/102021~1.10/bin/../lib/gcc/arm-none-eabi/10.3.1/../../../../arm-none-eabi/lib/thumb/v7-m/nofp\libg.a(lib_a-atexit.o) (__register_exitproc)

Discarded input sections

 .text          0x00000000        0x0 d:/progra~2/gnuarm~1/102021~1.10/bin/../lib/gcc/arm-none-eabi/10.3.1/thumb/v7-m/nofp/crti.o
 .data          0x00000000        0x0 d:/progra~2/gnuarm~1/102021~1.10/bin/../lib/gcc/arm-none-eabi/10.3.1/thumb/v7-m/nofp/crti.o
 .bss           0x00000000        0x0 d:/progra~2/gnuarm~1/102021~1.10/bin/../lib/gcc/arm-none-eabi/10.3.1/thumb/v7-m/nofp/crti.o
 .data          0x00000000        0x4 d:/progra~2/gnuarm~1/102021~1.10/bin/../lib/gcc/arm-none-eabi/10.3.1/thumb/v7-m/nofp/crtbegin.o
 .rodata        0x00000000       0x24 d:/progra~2/gnuarm~1/102021~1.10/bin/../lib/gcc/arm-none-eabi/10.3.1/thumb/v7-m/nofp/crtbegin.o
 .text          0x00000000       0x7c d:/progra~2/gnuarm~1/102021~1.10/bin/../lib/gcc/arm-none-eabi/10.3.1/../../../../arm-none-eabi/lib/thumb/v7-m/nofp/crt0.o
 .data          0x00000000        0x0 d:/progra~2/gnuarm~1/102021~1.10/bin/../lib/gcc/arm-none-eabi/10.3.1/../../../../arm-none-eabi/lib/thumb/v7-m/nofp/crt0.o
 .bss           0x00000000        0x0 d:/progra~2/gnuarm~1/102021~1.10/bin/../lib/gcc/arm-none-eabi/10.3.1/../../../../arm-none-eabi/lib/thumb/v7-m/nofp/crt0.o
[...]
Memory Configuration

Name             Origin             Length             Attributes
RAM              0x20000000         0x00005000         xrw
FLASH            0x08000000         0x00010000         xr
*default*        0x00000000         0xffffffff

Linker script and memory map

LOAD d:/progra~2/gnuarm~1/102021~1.10/bin/../lib/gcc/arm-none-eabi/10.3.1/thumb/v7-m/nofp/crti.o
LOAD d:/progra~2/gnuarm~1/102021~1.10/bin/../lib/gcc/arm-none-eabi/10.3.1/thumb/v7-m/nofp/crtbegin.o
LOAD d:/progra~2/gnuarm~1/102021~1.10/bin/../lib/gcc/arm-none-eabi/10.3.1/../../../../arm-none-eabi/lib/thumb/v7-m/nofp/crt0.o
LOAD CMakeFiles/Imagine_Cup.elf.dir/Core/Src/MatrixKey.c.obj
LOAD CMakeFiles/Imagine_Cup.elf.dir/Core/Src/OLED.c.obj
LOAD CMakeFiles/Imagine_Cup.elf.dir/Core/Src/SoftWare_I2C.c.obj
LOAD CMakeFiles/Imagine_Cup.elf.dir/Core/Src/gpio.c.obj
LOAD CMakeFiles/Imagine_Cup.elf.dir/Core/Src/main.c.obj
LOAD CMakeFiles/Imagine_Cup.elf.dir/Core/Src/stm32f1xx_hal_msp.c.obj
LOAD CMakeFiles/Imagine_Cup.elf.dir/Core/Src/stm32f1xx_it.c.obj
LOAD CMakeFiles/Imagine_Cup.elf.dir/Core/Src/syscalls.c.obj
LOAD CMakeFiles/Imagine_Cup.elf.dir/Core/Src/sysmem.c.obj
LOAD CMakeFiles/Imagine_Cup.elf.dir/Core/Src/system_stm32f1xx.c.obj
LOAD CMakeFiles/Imagine_Cup.elf.dir/Core/Src/tim.c.obj
LOAD CMakeFiles/Imagine_Cup.elf.dir/Core/Startup/startup_stm32f103c8tx.s.obj
LOAD CMakeFiles/Imagine_Cup.elf.dir/Drivers/STM32F1xx_HAL_Driver/Src/stm32f1xx_hal.c.obj
LOAD CMakeFiles/Imagine_Cup.elf.dir/Drivers/STM32F1xx_HAL_Driver/Src/stm32f1xx_hal_cortex.c.obj
LOAD CMakeFiles/Imagine_Cup.elf.dir/Drivers/STM32F1xx_HAL_Driver/Src/stm32f1xx_hal_dma.c.obj
LOAD CMakeFiles/Imagine_Cup.elf.dir/Drivers/STM32F1xx_HAL_Driver/Src/stm32f1xx_hal_exti.c.obj
LOAD CMakeFiles/Imagine_Cup.elf.dir/Drivers/STM32F1xx_HAL_Driver/Src/stm32f1xx_hal_flash.c.obj
LOAD CMakeFiles/Imagine_Cup.elf.dir/Drivers/STM32F1xx_HAL_Driver/Src/stm32f1xx_hal_flash_ex.c.obj
LOAD CMakeFiles/Imagine_Cup.elf.dir/Drivers/STM32F1xx_HAL_Driver/Src/stm32f1xx_hal_gpio.c.obj
LOAD CMakeFiles/Imagine_Cup.elf.dir/Drivers/STM32F1xx_HAL_Driver/Src/stm32f1xx_hal_gpio_ex.c.obj
LOAD CMakeFiles/Imagine_Cup.elf.dir/Drivers/STM32F1xx_HAL_Driver/Src/stm32f1xx_hal_pwr.c.obj
LOAD CMakeFiles/Imagine_Cup.elf.dir/Drivers/STM32F1xx_HAL_Driver/Src/stm32f1xx_hal_rcc.c.obj
LOAD CMakeFiles/Imagine_Cup.elf.dir/Drivers/STM32F1xx_HAL_Driver/Src/stm32f1xx_hal_rcc_ex.c.obj
LOAD CMakeFiles/Imagine_Cup.elf.dir/Drivers/STM32F1xx_HAL_Driver/Src/stm32f1xx_hal_tim.c.obj
LOAD CMakeFiles/Imagine_Cup.elf.dir/Drivers/STM32F1xx_HAL_Driver/Src/stm32f1xx_hal_tim_ex.c.obj
START GROUP
LOAD d:/progra~2/gnuarm~1/102021~1.10/bin/../lib/gcc/arm-none-eabi/10.3.1/thumb/v7-m/nofp\libgcc.a
LOAD d:/progra~2/gnuarm~1/102021~1.10/bin/../lib/gcc/arm-none-eabi/10.3.1/../../../../arm-none-eabi/lib/thumb/v7-m/nofp\libg.a
LOAD d:/progra~2/gnuarm~1/102021~1.10/bin/../lib/gcc/arm-none-eabi/10.3.1/../../../../arm-none-eabi/lib/thumb/v7-m/nofp\libc.a
END GROUP
LOAD d:/progra~2/gnuarm~1/102021~1.10/bin/../lib/gcc/arm-none-eabi/10.3.1/thumb/v7-m/nofp/crtend.o
LOAD d:/progra~2/gnuarm~1/102021~1.10/bin/../lib/gcc/arm-none-eabi/10.3.1/thumb/v7-m/nofp/crtn.o
                0x20005000                _estack = (ORIGIN (RAM) + LENGTH (RAM))
                0x00000200                _Min_Heap_Size = 0x200
                0x00000400                _Min_Stack_Size = 0x400

.isr_vector     0x08000000      0x10c
                0x08000000                . = ALIGN (0x4)
 *(.isr_vector)
 .isr_vector    0x08000000      0x10c CMakeFiles/Imagine_Cup.elf.dir/Core/Startup/startup_stm32f103c8tx.s.obj
                0x08000000                g_pfnVectors
                0x0800010c                . = ALIGN (0x4)

.text           0x0800010c     0x1b5c
                0x0800010c                . = ALIGN (0x4)
 *(.text)
 .text          0x0800010c       0x40 d:/progra~2/gnuarm~1/102021~1.10/bin/../lib/gcc/arm-none-eabi/10.3.1/thumb/v7-m/nofp/crtbegin.o
 *(.text*)
 .text.MatrixKey_GetState
                0x0800014c      0x160 CMakeFiles/Imagine_Cup.elf.dir/Core/Src/MatrixKey.c.obj
                0x0800014c                MatrixKey_GetState
 .text.MatrixKey
                0x080002ac        0xc CMakeFiles/Imagine_Cup.elf.dir/Core/Src/MatrixKey.c.obj
                0x080002ac                MatrixKey
 .text.MatrixKey_Loop
                0x080002b8      0x120 CMakeFiles/Imagine_Cup.elf.dir/Core/Src/MatrixKey.c.obj
                0x080002b8                MatrixKey_Loop
 .text.HAL_TIM_PeriodElapsedCallback
                0x080003d8       0x14 CMakeFiles/Imagine_Cup.elf.dir/Core/Src/MatrixKey.c.obj
                0x080003d8                HAL_TIM_PeriodElapsedCallback
 .text.OLED_WritrDate
                0x080003ec       0x2c CMakeFiles/Imagine_Cup.elf.dir/Core/Src/OLED.c.obj
                0x080003ec                OLED_WritrDate
 .text.OLED_WriteCommand
                0x08000418       0x2c CMakeFiles/Imagine_Cup.elf.dir/Core/Src/OLED.c.obj
                0x08000418                OLED_WriteCommand
 .text.OLED_WR_Byte
                0x08000444       0x12 CMakeFiles/Imagine_Cup.elf.dir/Core/Src/OLED.c.obj
                0x08000444                OLED_WR_Byte
 .text.OLED_Set_Pos
                0x08000456       0x28 CMakeFiles/Imagine_Cup.elf.dir/Core/Src/OLED.c.obj
                0x08000456                OLED_Set_Pos
 *fill*         0x0800047e        0x2 
 .text.OLED_ShowChar
                0x08000480       0xd4 CMakeFiles/Imagine_Cup.elf.dir/Core/Src/OLED.c.obj
                0x08000480                OLED_ShowChar
 .text.OLED_ShowString
                0x08000554       0x36 CMakeFiles/Imagine_Cup.elf.dir/Core/Src/OLED.c.obj
                0x08000554                OLED_ShowString
 .text.oled_pow
                0x0800058a       0x16 CMakeFiles/Imagine_Cup.elf.dir/Core/Src/OLED.c.obj
                0x0800058a                oled_pow
 .text.OLED_ShowNum
                0x080005a0       0xac CMakeFiles/Imagine_Cup.elf.dir/Core/Src/OLED.c.obj
                0x080005a0                OLED_ShowNum
 .text.OLED_Clear
                0x0800064c       0x2e CMakeFiles/Imagine_Cup.elf.dir/Core/Src/OLED.c.obj
                0x0800064c                OLED_Clear
 .text.OLED_Init
                0x0800067a       0xe0 CMakeFiles/Imagine_Cup.elf.dir/Core/Src/OLED.c.obj
                0x0800067a                OLED_Init
 .text.I2C_Delay
                0x0800075a        0xe CMakeFiles/Imagine_Cup.elf.dir/Core/Src/SoftWare_I2C.c.obj
                0x0800075a                I2C_Delay
 .text.I2C_W_SCL
                0x08000768       0x24 CMakeFiles/Imagine_Cup.elf.dir/Core/Src/SoftWare_I2C.c.obj
                0x08000768                I2C_W_SCL
 .text.I2C_W_SDA
                0x0800078c       0x24 CMakeFiles/Imagine_Cup.elf.dir/Core/Src/SoftWare_I2C.c.obj
                0x0800078c                I2C_W_SDA
 .text.I2C_R_SDA
                0x080007b0       0x14 CMakeFiles/Imagine_Cup.elf.dir/Core/Src/SoftWare_I2C.c.obj
                0x080007b0                I2C_R_SDA
 .text.I2C_Start
                0x080007c4       0x28 CMakeFiles/Imagine_Cup.elf.dir/Core/Src/SoftWare_I2C.c.obj
                0x080007c4                I2C_Start
 .text.I2C_Stop
                0x080007ec       0x28 CMakeFiles/Imagine_Cup.elf.dir/Core/Src/SoftWare_I2C.c.obj
                0x080007ec                I2C_Stop
 .text.I2C_Wait_Ack
                0x08000814       0x34 CMakeFiles/Imagine_Cup.elf.dir/Core/Src/SoftWare_I2C.c.obj
                0x08000814                I2C_Wait_Ack
 .text.Write_I2C_Byte
                0x08000848       0x3e CMakeFiles/Imagine_Cup.elf.dir/Core/Src/SoftWare_I2C.c.obj
                0x08000848                Write_I2C_Byte
 *fill*         0x08000886        0x2 
 .text.MX_GPIO_Init
                0x08000888       0xf0 CMakeFiles/Imagine_Cup.elf.dir/Core/Src/gpio.c.obj
                0x08000888                MX_GPIO_Init
 .text.Error_Handler
                0x08000978        0x4 CMakeFiles/Imagine_Cup.elf.dir/Core/Src/main.c.obj
                0x08000978                Error_Handler
 .text.SystemClock_Config
                0x0800097c       0x64 CMakeFiles/Imagine_Cup.elf.dir/Core/Src/main.c.obj
                0x0800097c                SystemClock_Config
 .text.main     0x080009e0       0x80 CMakeFiles/Imagine_Cup.elf.dir/Core/Src/main.c.obj
                0x080009e0                main
 .text.HAL_MspInit
                0x08000a60       0x44 CMakeFiles/Imagine_Cup.elf.dir/Core/Src/stm32f1xx_hal_msp.c.obj
                0x08000a60                HAL_MspInit
 .text.NMI_Handler
                0x08000aa4        0x2 CMakeFiles/Imagine_Cup.elf.dir/Core/Src/stm32f1xx_it.c.obj
                0x08000aa4                NMI_Handler
 .text.HardFault_Handler
                0x08000aa6        0x2 CMakeFiles/Imagine_Cup.elf.dir/Core/Src/stm32f1xx_it.c.obj
                0x08000aa6                HardFault_Handler
 .text.MemManage_Handler
                0x08000aa8        0x2 CMakeFiles/Imagine_Cup.elf.dir/Core/Src/stm32f1xx_it.c.obj
                0x08000aa8                MemManage_Handler
 .text.BusFault_Handler
                0x08000aaa        0x2 CMakeFiles/Imagine_Cup.elf.dir/Core/Src/stm32f1xx_it.c.obj
                0x08000aaa                BusFault_Handler
 .text.UsageFault_Handler
                0x08000aac        0x2 CMakeFiles/Imagine_Cup.elf.dir/Core/Src/stm32f1xx_it.c.obj
                0x08000aac                UsageFault_Handler
 .text.SVC_Handler
                0x08000aae        0x2 CMakeFiles/Imagine_Cup.elf.dir/Core/Src/stm32f1xx_it.c.obj
                0x08000aae                SVC_Handler
 .text.DebugMon_Handler
                0x08000ab0        0x2 CMakeFiles/Imagine_Cup.elf.dir/Core/Src/stm32f1xx_it.c.obj
                0x08000ab0                DebugMon_Handler
 .text.PendSV_Handler
                0x08000ab2        0x2 CMakeFiles/Imagine_Cup.elf.dir/Core/Src/stm32f1xx_it.c.obj
                0x08000ab2                PendSV_Handler
 .text.SysTick_Handler
                0x08000ab4        0x8 CMakeFiles/Imagine_Cup.elf.dir/Core/Src/stm32f1xx_it.c.obj
                0x08000ab4                SysTick_Handler
 .text.TIM1_BRK_IRQHandler
                0x08000abc       0x10 CMakeFiles/Imagine_Cup.elf.dir/Core/Src/stm32f1xx_it.c.obj
                0x08000abc                TIM1_BRK_IRQHandler
 .text.TIM1_UP_IRQHandler
                0x08000acc       0x10 CMakeFiles/Imagine_Cup.elf.dir/Core/Src/stm32f1xx_it.c.obj
                0x08000acc                TIM1_UP_IRQHandler
 .text.TIM1_TRG_COM_IRQHandler
                0x08000adc       0x10 CMakeFiles/Imagine_Cup.elf.dir/Core/Src/stm32f1xx_it.c.obj
                0x08000adc                TIM1_TRG_COM_IRQHandler
 .text.SystemInit
                0x08000aec        0x2 CMakeFiles/Imagine_Cup.elf.dir/Core/Src/system_stm32f1xx.c.obj
                0x08000aec                SystemInit
 *fill*         0x08000aee        0x2 
 .text.MX_TIM1_Init
                0x08000af0       0x74 CMakeFiles/Imagine_Cup.elf.dir/Core/Src/tim.c.obj
                0x08000af0                MX_TIM1_Init
 .text.HAL_TIM_Base_MspInit
                0x08000b64       0x60 CMakeFiles/Imagine_Cup.elf.dir/Core/Src/tim.c.obj
                0x08000b64                HAL_TIM_Base_MspInit
 .text.Reset_Handler
                0x08000bc4       0x48 CMakeFiles/Imagine_Cup.elf.dir/Core/Startup/startup_stm32f103c8tx.s.obj
                0x08000bc4                Reset_Handler
 .text.Default_Handler
                0x08000c0c        0x2 CMakeFiles/Imagine_Cup.elf.dir/Core/Startup/startup_stm32f103c8tx.s.obj
                0x08000c0c                RTC_Alarm_IRQHandler
                0x08000c0c                EXTI2_IRQHandler
                0x08000c0c                TIM1_CC_IRQHandler
                0x08000c0c                PVD_IRQHandler
                0x08000c0c                EXTI3_IRQHandler
                0x08000c0c                EXTI0_IRQHandler
                0x08000c0c                I2C2_EV_IRQHandler
                0x08000c0c                ADC1_2_IRQHandler
                0x08000c0c                SPI1_IRQHandler
                0x08000c0c                TAMPER_IRQHandler
                0x08000c0c                DMA1_Channel4_IRQHandler
                0x08000c0c                USART3_IRQHandler
                0x08000c0c                RTC_IRQHandler
                0x08000c0c                DMA1_Channel7_IRQHandler
                0x08000c0c                CAN1_RX1_IRQHandler
                0x08000c0c                TIM4_IRQHandler
                0x08000c0c                I2C1_EV_IRQHandler
                0x08000c0c                DMA1_Channel6_IRQHandler
                0x08000c0c                TIM3_IRQHandler
                0x08000c0c                RCC_IRQHandler
                0x08000c0c                DMA1_Channel1_IRQHandler
                0x08000c0c                Default_Handler
                0x08000c0c                EXTI15_10_IRQHandler
                0x08000c0c                EXTI9_5_IRQHandler
                0x08000c0c                SPI2_IRQHandler
                0x08000c0c                DMA1_Channel5_IRQHandler
                0x08000c0c                EXTI4_IRQHandler
                0x08000c0c                USB_LP_CAN1_RX0_IRQHandler
                0x08000c0c                USB_HP_CAN1_TX_IRQHandler
                0x08000c0c                DMA1_Channel3_IRQHandler
                0x08000c0c                WWDG_IRQHandler
                0x08000c0c                TIM2_IRQHandler
                0x08000c0c                EXTI1_IRQHandler
                0x08000c0c                USART2_IRQHandler
                0x08000c0c                I2C2_ER_IRQHandler
                0x08000c0c                DMA1_Channel2_IRQHandler
                0x08000c0c                CAN1_SCE_IRQHandler
                0x08000c0c                FLASH_IRQHandler
                0x08000c0c                USART1_IRQHandler
                0x08000c0c                I2C1_ER_IRQHandler
                0x08000c0c                USBWakeUp_IRQHandler
 *fill*         0x08000c0e        0x2 
 .text.HAL_InitTick
                0x08000c10       0x4c CMakeFiles/Imagine_Cup.elf.dir/Drivers/STM32F1xx_HAL_Driver/Src/stm32f1xx_hal.c.obj
                0x08000c10                HAL_InitTick
 .text.HAL_Init
                0x08000c5c       0x24 CMakeFiles/Imagine_Cup.elf.dir/Drivers/STM32F1xx_HAL_Driver/Src/stm32f1xx_hal.c.obj
                0x08000c5c                HAL_Init
 .text.HAL_IncTick
                0x08000c80       0x18 CMakeFiles/Imagine_Cup.elf.dir/Drivers/STM32F1xx_HAL_Driver/Src/stm32f1xx_hal.c.obj
                0x08000c80                HAL_IncTick
 .text.HAL_GetTick
                0x08000c98        0xc CMakeFiles/Imagine_Cup.elf.dir/Drivers/STM32F1xx_HAL_Driver/Src/stm32f1xx_hal.c.obj
                0x08000c98                HAL_GetTick
 .text.HAL_Delay
                0x08000ca4       0x28 CMakeFiles/Imagine_Cup.elf.dir/Drivers/STM32F1xx_HAL_Driver/Src/stm32f1xx_hal.c.obj
                0x08000ca4                HAL_Delay
 .text.HAL_NVIC_SetPriorityGrouping
                0x08000ccc       0x24 CMakeFiles/Imagine_Cup.elf.dir/Drivers/STM32F1xx_HAL_Driver/Src/stm32f1xx_hal_cortex.c.obj
                0x08000ccc                HAL_NVIC_SetPriorityGrouping
 .text.HAL_NVIC_SetPriority
                0x08000cf0       0x70 CMakeFiles/Imagine_Cup.elf.dir/Drivers/STM32F1xx_HAL_Driver/Src/stm32f1xx_hal_cortex.c.obj
                0x08000cf0                HAL_NVIC_SetPriority
 .text.HAL_NVIC_EnableIRQ
                0x08000d60       0x1c CMakeFiles/Imagine_Cup.elf.dir/Drivers/STM32F1xx_HAL_Driver/Src/stm32f1xx_hal_cortex.c.obj
                0x08000d60                HAL_NVIC_EnableIRQ
 .text.HAL_SYSTICK_Config
                0x08000d7c       0x28 CMakeFiles/Imagine_Cup.elf.dir/Drivers/STM32F1xx_HAL_Driver/Src/stm32f1xx_hal_cortex.c.obj
                0x08000d7c                HAL_SYSTICK_Config
 .text.HAL_GPIO_Init
                0x08000da4      0x224 CMakeFiles/Imagine_Cup.elf.dir/Drivers/STM32F1xx_HAL_Driver/Src/stm32f1xx_hal_gpio.c.obj
                0x08000da4                HAL_GPIO_Init
 .text.HAL_GPIO_ReadPin
                0x08000fc8        0xe CMakeFiles/Imagine_Cup.elf.dir/Drivers/STM32F1xx_HAL_Driver/Src/stm32f1xx_hal_gpio.c.obj
                0x08000fc8                HAL_GPIO_ReadPin
 .text.HAL_GPIO_WritePin
                0x08000fd6        0xc CMakeFiles/Imagine_Cup.elf.dir/Drivers/STM32F1xx_HAL_Driver/Src/stm32f1xx_hal_gpio.c.obj
                0x08000fd6                HAL_GPIO_WritePin
 .text.HAL_GPIO_TogglePin
                0x08000fe2       0x12 CMakeFiles/Imagine_Cup.elf.dir/Drivers/STM32F1xx_HAL_Driver/Src/stm32f1xx_hal_gpio.c.obj
                0x08000fe2                HAL_GPIO_TogglePin
 .text.RCC_Delay
                0x08000ff4       0x2c CMakeFiles/Imagine_Cup.elf.dir/Drivers/STM32F1xx_HAL_Driver/Src/stm32f1xx_hal_rcc.c.obj
 .text.HAL_RCC_OscConfig
                0x08001020      0x410 CMakeFiles/Imagine_Cup.elf.dir/Drivers/STM32F1xx_HAL_Driver/Src/stm32f1xx_hal_rcc.c.obj
                0x08001020                HAL_RCC_OscConfig
 .text.HAL_RCC_GetSysClockFreq
                0x08001430       0x70 CMakeFiles/Imagine_Cup.elf.dir/Drivers/STM32F1xx_HAL_Driver/Src/stm32f1xx_hal_rcc.c.obj
                0x08001430                HAL_RCC_GetSysClockFreq
 .text.HAL_RCC_ClockConfig
                0x080014a0      0x16c CMakeFiles/Imagine_Cup.elf.dir/Drivers/STM32F1xx_HAL_Driver/Src/stm32f1xx_hal_rcc.c.obj
                0x080014a0                HAL_RCC_ClockConfig
 .text.TIM_TI1_ConfigInputStage
                0x0800160c       0x24 CMakeFiles/Imagine_Cup.elf.dir/Drivers/STM32F1xx_HAL_Driver/Src/stm32f1xx_hal_tim.c.obj
 .text.TIM_TI2_ConfigInputStage
                0x08001630       0x26 CMakeFiles/Imagine_Cup.elf.dir/Drivers/STM32F1xx_HAL_Driver/Src/stm32f1xx_hal_tim.c.obj
 .text.TIM_ITRx_SetConfig
                0x08001656       0x10 CMakeFiles/Imagine_Cup.elf.dir/Drivers/STM32F1xx_HAL_Driver/Src/stm32f1xx_hal_tim.c.obj
 *fill*         0x08001666        0x2 
 .text.HAL_TIM_Base_Start_IT
                0x08001668       0x68 CMakeFiles/Imagine_Cup.elf.dir/Drivers/STM32F1xx_HAL_Driver/Src/stm32f1xx_hal_tim.c.obj
                0x08001668                HAL_TIM_Base_Start_IT
 .text.HAL_TIM_OC_DelayElapsedCallback
                0x080016d0        0x2 CMakeFiles/Imagine_Cup.elf.dir/Drivers/STM32F1xx_HAL_Driver/Src/stm32f1xx_hal_tim.c.obj
                0x080016d0                HAL_TIM_OC_DelayElapsedCallback
 .text.HAL_TIM_IC_CaptureCallback
                0x080016d2        0x2 CMakeFiles/Imagine_Cup.elf.dir/Drivers/STM32F1xx_HAL_Driver/Src/stm32f1xx_hal_tim.c.obj
                0x080016d2                HAL_TIM_IC_CaptureCallback
 .text.HAL_TIM_PWM_PulseFinishedCallback
                0x080016d4        0x2 CMakeFiles/Imagine_Cup.elf.dir/Drivers/STM32F1xx_HAL_Driver/Src/stm32f1xx_hal_tim.c.obj
                0x080016d4                HAL_TIM_PWM_PulseFinishedCallback
 .text.HAL_TIM_TriggerCallback
                0x080016d6        0x2 CMakeFiles/Imagine_Cup.elf.dir/Drivers/STM32F1xx_HAL_Driver/Src/stm32f1xx_hal_tim.c.obj
                0x080016d6                HAL_TIM_TriggerCallback
 .text.HAL_TIM_IRQHandler
                0x080016d8      0x17a CMakeFiles/Imagine_Cup.elf.dir/Drivers/STM32F1xx_HAL_Driver/Src/stm32f1xx_hal_tim.c.obj
                0x080016d8                HAL_TIM_IRQHandler
 *fill*         0x08001852        0x2 
 .text.TIM_Base_SetConfig
                0x08001854       0x74 CMakeFiles/Imagine_Cup.elf.dir/Drivers/STM32F1xx_HAL_Driver/Src/stm32f1xx_hal_tim.c.obj
                0x08001854                TIM_Base_SetConfig
 .text.HAL_TIM_Base_Init
                0x080018c8       0x58 CMakeFiles/Imagine_Cup.elf.dir/Drivers/STM32F1xx_HAL_Driver/Src/stm32f1xx_hal_tim.c.obj
                0x080018c8                HAL_TIM_Base_Init
 .text.TIM_ETR_SetConfig
                0x08001920       0x18 CMakeFiles/Imagine_Cup.elf.dir/Drivers/STM32F1xx_HAL_Driver/Src/stm32f1xx_hal_tim.c.obj
                0x08001920                TIM_ETR_SetConfig
 .text.HAL_TIM_ConfigClockSource
                0x08001938       0xda CMakeFiles/Imagine_Cup.elf.dir/Drivers/STM32F1xx_HAL_Driver/Src/stm32f1xx_hal_tim.c.obj
                0x08001938                HAL_TIM_ConfigClockSource
 *fill*         0x08001a12        0x2 
 .text.HAL_TIMEx_MasterConfigSynchronization
                0x08001a14       0x6c CMakeFiles/Imagine_Cup.elf.dir/Drivers/STM32F1xx_HAL_Driver/Src/stm32f1xx_hal_tim_ex.c.obj
                0x08001a14                HAL_TIMEx_MasterConfigSynchronization
 .text.HAL_TIMEx_CommutCallback
                0x08001a80        0x2 CMakeFiles/Imagine_Cup.elf.dir/Drivers/STM32F1xx_HAL_Driver/Src/stm32f1xx_hal_tim_ex.c.obj
                0x08001a80                HAL_TIMEx_CommutCallback
 .text.HAL_TIMEx_BreakCallback
                0x08001a82        0x2 CMakeFiles/Imagine_Cup.elf.dir/Drivers/STM32F1xx_HAL_Driver/Src/stm32f1xx_hal_tim_ex.c.obj
                0x08001a82                HAL_TIMEx_BreakCallback
 .text.__libc_init_array
                0x08001a84       0x48 d:/progra~2/gnuarm~1/102021~1.10/bin/../lib/gcc/arm-none-eabi/10.3.1/../../../../arm-none-eabi/lib/thumb/v7-m/nofp\libg.a(lib_a-init.o)
                0x08001a84                __libc_init_array
 .text.memset   0x08001acc       0xa4 d:/progra~2/gnuarm~1/102021~1.10/bin/../lib/gcc/arm-none-eabi/10.3.1/../../../../arm-none-eabi/lib/thumb/v7-m/nofp\libg.a(lib_a-memset.o)
                0x08001acc                memset
 .text.startup.register_fini
                0x08001b70       0x14 d:/progra~2/gnuarm~1/102021~1.10/bin/../lib/gcc/arm-none-eabi/10.3.1/../../../../arm-none-eabi/lib/thumb/v7-m/nofp\libg.a(lib_a-__call_atexit.o)
 .text.atexit   0x08001b84        0xc d:/progra~2/gnuarm~1/102021~1.10/bin/../lib/gcc/arm-none-eabi/10.3.1/../../../../arm-none-eabi/lib/thumb/v7-m/nofp\libg.a(lib_a-atexit.o)
                0x08001b84                atexit
 .text.__libc_fini_array
                0x08001b90       0x2c d:/progra~2/gnuarm~1/102021~1.10/bin/../lib/gcc/arm-none-eabi/10.3.1/../../../../arm-none-eabi/lib/thumb/v7-m/nofp\libg.a(lib_a-fini.o)
                0x08001b90                __libc_fini_array
 .text.__retarget_lock_acquire_recursive
                0x08001bbc        0x4 d:/progra~2/gnuarm~1/102021~1.10/bin/../lib/gcc/arm-none-eabi/10.3.1/../../../../arm-none-eabi/lib/thumb/v7-m/nofp\libg.a(lib_a-lock.o)
                0x08001bbc                __retarget_lock_acquire_recursive
 .text.__retarget_lock_release_recursive
                0x08001bc0        0x4 d:/progra~2/gnuarm~1/102021~1.10/bin/../lib/gcc/arm-none-eabi/10.3.1/../../../../arm-none-eabi/lib/thumb/v7-m/nofp\libg.a(lib_a-lock.o)
                0x08001bc0                __retarget_lock_release_recursive
 .text.__register_exitproc
                0x08001bc4       0x8c d:/progra~2/gnuarm~1/102021~1.10/bin/../lib/gcc/arm-none-eabi/10.3.1/../../../../arm-none-eabi/lib/thumb/v7-m/nofp\libg.a(lib_a-__atexit.o)
                0x08001bc4                __register_exitproc
 *(.glue_7)
 .glue_7        0x08001c50        0x0 linker stubs
 *(.glue_7t)
 .glue_7t       0x08001c50        0x0 linker stubs
 *(.eh_frame)
 .eh_frame      0x08001c50        0x0 d:/progra~2/gnuarm~1/102021~1.10/bin/../lib/gcc/arm-none-eabi/10.3.1/thumb/v7-m/nofp/crtbegin.o
 *(.init)
 .init          0x08001c50        0x4 d:/progra~2/gnuarm~1/102021~1.10/bin/../lib/gcc/arm-none-eabi/10.3.1/thumb/v7-m/nofp/crti.o
                0x08001c50                _init
 .init          0x08001c54        0x8 d:/progra~2/gnuarm~1/102021~1.10/bin/../lib/gcc/arm-none-eabi/10.3.1/thumb/v7-m/nofp/crtn.o
 *(.fini)
 .fini          0x08001c5c        0x4 d:/progra~2/gnuarm~1/102021~1.10/bin/../lib/gcc/arm-none-eabi/10.3.1/thumb/v7-m/nofp/crti.o
                0x08001c5c                _fini
 .fini          0x08001c60        0x8 d:/progra~2/gnuarm~1/102021~1.10/bin/../lib/gcc/arm-none-eabi/10.3.1/thumb/v7-m/nofp/crtn.o
                0x08001c68                . = ALIGN (0x4)
                0x08001c68                _etext = .

.vfp11_veneer   0x08001c68        0x0
 .vfp11_veneer  0x08001c68        0x0 linker stubs

.v4_bx          0x08001c68        0x0
 .v4_bx         0x08001c68        0x0 linker stubs

.iplt           0x08001c68        0x0
 .iplt          0x08001c68        0x0 d:/progra~2/gnuarm~1/102021~1.10/bin/../lib/gcc/arm-none-eabi/10.3.1/thumb/v7-m/nofp/crtbegin.o

.rodata         0x08001c68      0x844
                0x08001c68                . = ALIGN (0x4)
 *(.rodata)
 *(.rodata*)
 .rodata.F6x8   0x08001c68      0x222 CMakeFiles/Imagine_Cup.elf.dir/Core/Src/OLED.c.obj
                0x08001c68                F6x8
 *fill*         0x08001e8a        0x2 
 .rodata.F8X16  0x08001e8c      0x5f0 CMakeFiles/Imagine_Cup.elf.dir/Core/Src/OLED.c.obj
                0x08001e8c                F8X16
 .rodata.main.str1.4
                0x0800247c        0x6 CMakeFiles/Imagine_Cup.elf.dir/Core/Src/main.c.obj
 *fill*         0x08002482        0x2 
 .rodata.AHBPrescTable
                0x08002484       0x10 CMakeFiles/Imagine_Cup.elf.dir/Core/Src/system_stm32f1xx.c.obj
                0x08002484                AHBPrescTable
 .rodata.HAL_RCC_GetSysClockFreq.str1.4
                0x08002494       0x11 CMakeFiles/Imagine_Cup.elf.dir/Drivers/STM32F1xx_HAL_Driver/Src/stm32f1xx_hal_rcc.c.obj
 *fill*         0x080024a5        0x3 
 .rodata._global_impure_ptr
                0x080024a8        0x4 d:/progra~2/gnuarm~1/102021~1.10/bin/../lib/gcc/arm-none-eabi/10.3.1/../../../../arm-none-eabi/lib/thumb/v7-m/nofp\libg.a(lib_a-impure.o)
                0x080024a8                _global_impure_ptr
                0x080024ac                . = ALIGN (0x4)

.rel.dyn        0x080024ac        0x0
 .rel.iplt      0x080024ac        0x0 d:/progra~2/gnuarm~1/102021~1.10/bin/../lib/gcc/arm-none-eabi/10.3.1/thumb/v7-m/nofp/crtbegin.o

.ARM.extab      0x080024ac        0x0
                0x080024ac                . = ALIGN (0x4)
 *(.ARM.extab* .gnu.linkonce.armextab.*)
                0x080024ac                . = ALIGN (0x4)

.ARM            0x080024ac        0x0
                0x080024ac                . = ALIGN (0x4)
                0x080024ac                __exidx_start = .
 *(.ARM.exidx*)
                0x080024ac                __exidx_end = .
                0x080024ac                . = ALIGN (0x4)

.preinit_array  0x080024ac        0x0
                0x080024ac                . = ALIGN (0x4)
                0x080024ac                PROVIDE (__preinit_array_start = .)
 *(.preinit_array*)
                0x080024ac                PROVIDE (__preinit_array_end = .)
                0x080024ac                . = ALIGN (0x4)

.init_array     0x080024ac        0x8
                0x080024ac                . = ALIGN (0x4)
                0x080024ac                PROVIDE (__init_array_start = .)
 *(SORT_BY_NAME(.init_array.*))
 .init_array.00000
                0x080024ac        0x4 d:/progra~2/gnuarm~1/102021~1.10/bin/../lib/gcc/arm-none-eabi/10.3.1/../../../../arm-none-eabi/lib/thumb/v7-m/nofp\libg.a(lib_a-__call_atexit.o)
 *(.init_array*)
 .init_array    0x080024b0        0x4 d:/progra~2/gnuarm~1/102021~1.10/bin/../lib/gcc/arm-none-eabi/10.3.1/thumb/v7-m/nofp/crtbegin.o
                0x080024b4                PROVIDE (__init_array_end = .)
                0x080024b4                . = ALIGN (0x4)

.fini_array     0x080024b4        0x4
                0x080024b4                . = ALIGN (0x4)
                0x080024b4                PROVIDE (__fini_array_start = .)
 *(SORT_BY_NAME(.fini_array.*))
 *(.fini_array*)
 .fini_array    0x080024b4        0x4 d:/progra~2/gnuarm~1/102021~1.10/bin/../lib/gcc/arm-none-eabi/10.3.1/thumb/v7-m/nofp/crtbegin.o
                0x080024b8                PROVIDE (__fini_array_end = .)
                0x080024b8                . = ALIGN (0x4)
                0x080024b8                _sidata = LOADADDR (.data)

.data           0x20000000      0x43c load address 0x080024b8
                0x20000000                . = ALIGN (0x4)
                0x20000000                _sdata = .
 *(.data)
 *(.data*)
 .data.SystemCoreClock
                0x20000000        0x4 CMakeFiles/Imagine_Cup.elf.dir/Core/Src/system_stm32f1xx.c.obj
                0x20000000                SystemCoreClock
 .data.uwTickFreq
                0x20000004        0x1 CMakeFiles/Imagine_Cup.elf.dir/Drivers/STM32F1xx_HAL_Driver/Src/stm32f1xx_hal.c.obj
                0x20000004                uwTickFreq
 *fill*         0x20000005        0x3 
 .data.uwTickPrio
                0x20000008        0x4 CMakeFiles/Imagine_Cup.elf.dir/Drivers/STM32F1xx_HAL_Driver/Src/stm32f1xx_hal.c.obj
                0x20000008                uwTickPrio
 *fill*         0x2000000c        0x4 
 .data.impure_data
                0x20000010      0x428 d:/progra~2/gnuarm~1/102021~1.10/bin/../lib/gcc/arm-none-eabi/10.3.1/../../../../arm-none-eabi/lib/thumb/v7-m/nofp\libg.a(lib_a-impure.o)
 .data.__atexit_recursive_mutex
                0x20000438        0x4 d:/progra~2/gnuarm~1/102021~1.10/bin/../lib/gcc/arm-none-eabi/10.3.1/../../../../arm-none-eabi/lib/thumb/v7-m/nofp\libg.a(lib_a-__call_atexit.o)
                0x20000438                __atexit_recursive_mutex
 *(.RamFunc)
 *(.RamFunc*)
                0x2000043c                . = ALIGN (0x4)
                0x2000043c                _edata = .

.igot.plt       0x2000043c        0x0 load address 0x080028f4
 .igot.plt      0x2000043c        0x0 d:/progra~2/gnuarm~1/102021~1.10/bin/../lib/gcc/arm-none-eabi/10.3.1/thumb/v7-m/nofp/crtbegin.o
                0x2000043c                . = ALIGN (0x4)

.bss            0x2000043c       0x70 load address 0x080028f4
                0x2000043c                _sbss = .
                0x2000043c                __bss_start__ = _sbss
 *(.bss)
 .bss           0x2000043c       0x1c d:/progra~2/gnuarm~1/102021~1.10/bin/../lib/gcc/arm-none-eabi/10.3.1/thumb/v7-m/nofp/crtbegin.o
 *(.bss*)
 .bss.KeyNumber
                0x20000458        0x1 CMakeFiles/Imagine_Cup.elf.dir/Core/Src/MatrixKey.c.obj
                0x20000458                KeyNumber
 .bss.LastState.0
                0x20000459        0x1 CMakeFiles/Imagine_Cup.elf.dir/Core/Src/MatrixKey.c.obj
 .bss.NewState.1
                0x2000045a        0x1 CMakeFiles/Imagine_Cup.elf.dir/Core/Src/MatrixKey.c.obj
 *fill*         0x2000045b        0x1 
 .bss.htim1     0x2000045c       0x48 CMakeFiles/Imagine_Cup.elf.dir/Core/Src/tim.c.obj
                0x2000045c                htim1
 .bss.uwTick    0x200004a4        0x4 CMakeFiles/Imagine_Cup.elf.dir/Drivers/STM32F1xx_HAL_Driver/Src/stm32f1xx_hal.c.obj
                0x200004a4                uwTick
 .bss.__lock___atexit_recursive_mutex
                0x200004a8        0x1 d:/progra~2/gnuarm~1/102021~1.10/bin/../lib/gcc/arm-none-eabi/10.3.1/../../../../arm-none-eabi/lib/thumb/v7-m/nofp\libg.a(lib_a-lock.o)
                0x200004a8                __lock___atexit_recursive_mutex
 *(COMMON)
                0x200004ac                . = ALIGN (0x4)
 *fill*         0x200004a9        0x3 
                0x200004ac                _ebss = .
                0x200004ac                __bss_end__ = _ebss

._user_heap_stack
                0x200004ac      0x604 load address 0x080028f4
                0x200004b0                . = ALIGN (0x8)
 *fill*         0x200004ac        0x4 
                [!provide]                PROVIDE (end = .)
                0x200004b0                PROVIDE (_end = .)
                0x200006b0                . = (. + _Min_Heap_Size)
 *fill*         0x200004b0      0x200 
                0x20000ab0                . = (. + _Min_Stack_Size)
 *fill*         0x200006b0      0x400 
                0x20000ab0                . = ALIGN (0x8)

/DISCARD/
 libc.a(*)
 libm.a(*)
 libgcc.a(*)

.ARM.attributes
                0x00000000       0x29
 *(.ARM.attributes)
 .ARM.attributes
                0x00000000       0x1d d:/progra~2/gnuarm~1/102021~1.10/bin/../lib/gcc/arm-none-eabi/10.3.1/thumb/v7-m/nofp/crti.o
 .ARM.attributes
                0x0000001d       0x2d d:/progra~2/gnuarm~1/102021~1.10/bin/../lib/gcc/arm-none-eabi/10.3.1/thumb/v7-m/nofp/crtbegin.o
 .ARM.attributes
                0x0000004a       0x2d CMakeFiles/Imagine_Cup.elf.dir/Core/Src/MatrixKey.c.obj
 .ARM.attributes
                0x00000077       0x2d CMakeFiles/Imagine_Cup.elf.dir/Core/Src/OLED.c.obj
 .ARM.attributes
                0x000000a4       0x2d CMakeFiles/Imagine_Cup.elf.dir/Core/Src/SoftWare_I2C.c.obj
 .ARM.attributes
                0x000000d1       0x2d CMakeFiles/Imagine_Cup.elf.dir/Core/Src/gpio.c.obj
 .ARM.attributes
                0x000000fe       0x2d CMakeFiles/Imagine_Cup.elf.dir/Core/Src/main.c.obj
 .ARM.attributes
                0x0000012b       0x2d CMakeFiles/Imagine_Cup.elf.dir/Core/Src/stm32f1xx_hal_msp.c.obj
 .ARM.attributes
                0x00000158       0x2d CMakeFiles/Imagine_Cup.elf.dir/Core/Src/stm32f1xx_it.c.obj
 .ARM.attributes
                0x00000185       0x2d CMakeFiles/Imagine_Cup.elf.dir/Core/Src/system_stm32f1xx.c.obj
 .ARM.attributes
                0x000001b2       0x2d CMakeFiles/Imagine_Cup.elf.dir/Core/Src/tim.c.obj
 .ARM.attributes
                0x000001df       0x21 CMakeFiles/Imagine_Cup.elf.dir/Core/Startup/startup_stm32f103c8tx.s.obj
 .ARM.attributes
                0x00000200       0x2d CMakeFiles/Imagine_Cup.elf.dir/Drivers/STM32F1xx_HAL_Driver/Src/stm32f1xx_hal.c.obj
 .ARM.attributes
                0x0000022d       0x2d CMakeFiles/Imagine_Cup.elf.dir/Drivers/STM32F1xx_HAL_Driver/Src/stm32f1xx_hal_cortex.c.obj
 .ARM.attributes
                0x0000025a       0x2d CMakeFiles/Imagine_Cup.elf.dir/Drivers/STM32F1xx_HAL_Driver/Src/stm32f1xx_hal_gpio.c.obj
 .ARM.attributes
                0x00000287       0x2d CMakeFiles/Imagine_Cup.elf.dir/Drivers/STM32F1xx_HAL_Driver/Src/stm32f1xx_hal_rcc.c.obj
 .ARM.attributes
                0x000002b4       0x2d CMakeFiles/Imagine_Cup.elf.dir/Drivers/STM32F1xx_HAL_Driver/Src/stm32f1xx_hal_tim.c.obj
 .ARM.attributes
                0x000002e1       0x2d CMakeFiles/Imagine_Cup.elf.dir/Drivers/STM32F1xx_HAL_Driver/Src/stm32f1xx_hal_tim_ex.c.obj
 .ARM.attributes
                0x0000030e       0x2d d:/progra~2/gnuarm~1/102021~1.10/bin/../lib/gcc/arm-none-eabi/10.3.1/../../../../arm-none-eabi/lib/thumb/v7-m/nofp\libg.a(lib_a-impure.o)
 .ARM.attributes
                0x0000033b       0x2d d:/progra~2/gnuarm~1/102021~1.10/bin/../lib/gcc/arm-none-eabi/10.3.1/../../../../arm-none-eabi/lib/thumb/v7-m/nofp\libg.a(lib_a-init.o)
 .ARM.attributes
                0x00000368       0x2d d:/progra~2/gnuarm~1/102021~1.10/bin/../lib/gcc/arm-none-eabi/10.3.1/../../../../arm-none-eabi/lib/thumb/v7-m/nofp\libg.a(lib_a-memset.o)
 .ARM.attributes
                0x00000395       0x2d d:/progra~2/gnuarm~1/102021~1.10/bin/../lib/gcc/arm-none-eabi/10.3.1/../../../../arm-none-eabi/lib/thumb/v7-m/nofp\libg.a(lib_a-__call_atexit.o)
 .ARM.attributes
                0x000003c2       0x2d d:/progra~2/gnuarm~1/102021~1.10/bin/../lib/gcc/arm-none-eabi/10.3.1/../../../../arm-none-eabi/lib/thumb/v7-m/nofp\libg.a(lib_a-atexit.o)
 .ARM.attributes
                0x000003ef       0x2d d:/progra~2/gnuarm~1/102021~1.10/bin/../lib/gcc/arm-none-eabi/10.3.1/../../../../arm-none-eabi/lib/thumb/v7-m/nofp\libg.a(lib_a-fini.o)
 .ARM.attributes
                0x0000041c       0x2d d:/progra~2/gnuarm~1/102021~1.10/bin/../lib/gcc/arm-none-eabi/10.3.1/../../../../arm-none-eabi/lib/thumb/v7-m/nofp\libg.a(lib_a-lock.o)
 .ARM.attributes
                0x00000449       0x2d d:/progra~2/gnuarm~1/102021~1.10/bin/../lib/gcc/arm-none-eabi/10.3.1/../../../../arm-none-eabi/lib/thumb/v7-m/nofp\libg.a(lib_a-__atexit.o)
 .ARM.attributes
                0x00000476       0x1d d:/progra~2/gnuarm~1/102021~1.10/bin/../lib/gcc/arm-none-eabi/10.3.1/thumb/v7-m/nofp/crtn.o
OUTPUT(Imagine_Cup.elf elf32-littlearm)
LOAD linker stubs
LOAD d:/progra~2/gnuarm~1/102021~1.10/bin/../lib/gcc/arm-none-eabi/10.3.1/../../../../arm-none-eabi/lib/thumb/v7-m/nofp\libc.a
LOAD d:/progra~2/gnuarm~1/102021~1.10/bin/../lib/gcc/arm-none-eabi/10.3.1/../../../../arm-none-eabi/lib/thumb/v7-m/nofp\libm.a
LOAD d:/progra~2/gnuarm~1/102021~1.10/bin/../lib/gcc/arm-none-eabi/10.3.1/thumb/v7-m/nofp\libgcc.a

.debug_info     0x00000000     0xc6bc
 .debug_info    0x00000000      0xaae CMakeFiles/Imagine_Cup.elf.dir/Core/Src/MatrixKey.c.obj
 .debug_info    0x00000aae     0x15e2 CMakeFiles/Imagine_Cup.elf.dir/Core/Src/OLED.c.obj
 .debug_info    0x00002090      0x6a3 CMakeFiles/Imagine_Cup.elf.dir/Core/Src/SoftWare_I2C.c.obj
 .debug_info    0x00002733      0x39f CMakeFiles/Imagine_Cup.elf.dir/Core/Src/gpio.c.obj
 .debug_info    0x00002ad2      0xa98 CMakeFiles/Imagine_Cup.elf.dir/Core/Src/main.c.obj
 .debug_info    0x0000356a      0x211 CMakeFiles/Imagine_Cup.elf.dir/Core/Src/stm32f1xx_hal_msp.c.obj
 .debug_info    0x0000377b      0x73a CMakeFiles/Imagine_Cup.elf.dir/Core/Src/stm32f1xx_it.c.obj
 .debug_info    0x00003eb5      0x248 CMakeFiles/Imagine_Cup.elf.dir/Core/Src/system_stm32f1xx.c.obj
 .debug_info    0x000040fd      0xadd CMakeFiles/Imagine_Cup.elf.dir/Core/Src/tim.c.obj
 .debug_info    0x00004bda       0x22 CMakeFiles/Imagine_Cup.elf.dir/Core/Startup/startup_stm32f103c8tx.s.obj
 .debug_info    0x00004bfc      0x7a8 CMakeFiles/Imagine_Cup.elf.dir/Drivers/STM32F1xx_HAL_Driver/Src/stm32f1xx_hal.c.obj
 .debug_info    0x000053a4      0xd8a CMakeFiles/Imagine_Cup.elf.dir/Drivers/STM32F1xx_HAL_Driver/Src/stm32f1xx_hal_cortex.c.obj
 .debug_info    0x0000612e      0x66f CMakeFiles/Imagine_Cup.elf.dir/Drivers/STM32F1xx_HAL_Driver/Src/stm32f1xx_hal_gpio.c.obj
 .debug_info    0x0000679d      0xa36 CMakeFiles/Imagine_Cup.elf.dir/Drivers/STM32F1xx_HAL_Driver/Src/stm32f1xx_hal_rcc.c.obj
 .debug_info    0x000071d3     0x3b00 CMakeFiles/Imagine_Cup.elf.dir/Drivers/STM32F1xx_HAL_Driver/Src/stm32f1xx_hal_tim.c.obj
 .debug_info    0x0000acd3     0x19e9 CMakeFiles/Imagine_Cup.elf.dir/Drivers/STM32F1xx_HAL_Driver/Src/stm32f1xx_hal_tim_ex.c.obj

.debug_abbrev   0x00000000     0x1cab
 .debug_abbrev  0x00000000      0x218 CMakeFiles/Imagine_Cup.elf.dir/Core/Src/MatrixKey.c.obj
 .debug_abbrev  0x00000218      0x249 CMakeFiles/Imagine_Cup.elf.dir/Core/Src/OLED.c.obj
 .debug_abbrev  0x00000461      0x168 CMakeFiles/Imagine_Cup.elf.dir/Core/Src/SoftWare_I2C.c.obj
 .debug_abbrev  0x000005c9      0x13c CMakeFiles/Imagine_Cup.elf.dir/Core/Src/gpio.c.obj
 .debug_abbrev  0x00000705      0x206 CMakeFiles/Imagine_Cup.elf.dir/Core/Src/main.c.obj
 .debug_abbrev  0x0000090b       0xe5 CMakeFiles/Imagine_Cup.elf.dir/Core/Src/stm32f1xx_hal_msp.c.obj
 .debug_abbrev  0x000009f0      0x179 CMakeFiles/Imagine_Cup.elf.dir/Core/Src/stm32f1xx_it.c.obj
 .debug_abbrev  0x00000b69      0x13e CMakeFiles/Imagine_Cup.elf.dir/Core/Src/system_stm32f1xx.c.obj
 .debug_abbrev  0x00000ca7      0x1de CMakeFiles/Imagine_Cup.elf.dir/Core/Src/tim.c.obj
 .debug_abbrev  0x00000e85       0x12 CMakeFiles/Imagine_Cup.elf.dir/Core/Startup/startup_stm32f103c8tx.s.obj
 .debug_abbrev  0x00000e97      0x1f4 CMakeFiles/Imagine_Cup.elf.dir/Drivers/STM32F1xx_HAL_Driver/Src/stm32f1xx_hal.c.obj
 .debug_abbrev  0x0000108b      0x341 CMakeFiles/Imagine_Cup.elf.dir/Drivers/STM32F1xx_HAL_Driver/Src/stm32f1xx_hal_cortex.c.obj
 .debug_abbrev  0x000013cc      0x1e6 CMakeFiles/Imagine_Cup.elf.dir/Drivers/STM32F1xx_HAL_Driver/Src/stm32f1xx_hal_gpio.c.obj
 .debug_abbrev  0x000015b2      0x27a CMakeFiles/Imagine_Cup.elf.dir/Drivers/STM32F1xx_HAL_Driver/Src/stm32f1xx_hal_rcc.c.obj
 .debug_abbrev  0x0000182c      0x23e CMakeFiles/Imagine_Cup.elf.dir/Drivers/STM32F1xx_HAL_Driver/Src/stm32f1xx_hal_tim.c.obj
 .debug_abbrev  0x00001a6a      0x241 CMakeFiles/Imagine_Cup.elf.dir/Drivers/STM32F1xx_HAL_Driver/Src/stm32f1xx_hal_tim_ex.c.obj

.debug_loc      0x00000000     0x89bc
 .debug_loc     0x00000000       0x80 CMakeFiles/Imagine_Cup.elf.dir/Core/Src/MatrixKey.c.obj
 .debug_loc     0x00000080     0x101b CMakeFiles/Imagine_Cup.elf.dir/Core/Src/OLED.c.obj
 .debug_loc     0x0000109b      0x1b3 CMakeFiles/Imagine_Cup.elf.dir/Core/Src/SoftWare_I2C.c.obj
 .debug_loc     0x0000124e       0x52 CMakeFiles/Imagine_Cup.elf.dir/Core/Src/main.c.obj
 .debug_loc     0x000012a0       0x15 CMakeFiles/Imagine_Cup.elf.dir/Core/Src/stm32f1xx_hal_msp.c.obj
 .debug_loc     0x000012b5       0xff CMakeFiles/Imagine_Cup.elf.dir/Core/Src/system_stm32f1xx.c.obj
 .debug_loc     0x000013b4       0x67 CMakeFiles/Imagine_Cup.elf.dir/Core/Src/tim.c.obj
 .debug_loc     0x0000141b      0x141 CMakeFiles/Imagine_Cup.elf.dir/Drivers/STM32F1xx_HAL_Driver/Src/stm32f1xx_hal.c.obj
 .debug_loc     0x0000155c      0x71f CMakeFiles/Imagine_Cup.elf.dir/Drivers/STM32F1xx_HAL_Driver/Src/stm32f1xx_hal_cortex.c.obj
 .debug_loc     0x00001c7b      0x47d CMakeFiles/Imagine_Cup.elf.dir/Drivers/STM32F1xx_HAL_Driver/Src/stm32f1xx_hal_gpio.c.obj
 .debug_loc     0x000020f8      0x63e CMakeFiles/Imagine_Cup.elf.dir/Drivers/STM32F1xx_HAL_Driver/Src/stm32f1xx_hal_rcc.c.obj
 .debug_loc     0x00002736     0x47a8 CMakeFiles/Imagine_Cup.elf.dir/Drivers/STM32F1xx_HAL_Driver/Src/stm32f1xx_hal_tim.c.obj
 .debug_loc     0x00006ede     0x1ade CMakeFiles/Imagine_Cup.elf.dir/Drivers/STM32F1xx_HAL_Driver/Src/stm32f1xx_hal_tim_ex.c.obj

.debug_aranges  0x00000000      0xa60
 .debug_aranges
                0x00000000       0x38 CMakeFiles/Imagine_Cup.elf.dir/Core/Src/MatrixKey.c.obj
 .debug_aranges
                0x00000038       0xb8 CMakeFiles/Imagine_Cup.elf.dir/Core/Src/OLED.c.obj
 .debug_aranges
                0x000000f0       0x78 CMakeFiles/Imagine_Cup.elf.dir/Core/Src/SoftWare_I2C.c.obj
 .debug_aranges
                0x00000168       0x20 CMakeFiles/Imagine_Cup.elf.dir/Core/Src/gpio.c.obj
 .debug_aranges
                0x00000188       0x30 CMakeFiles/Imagine_Cup.elf.dir/Core/Src/main.c.obj
 .debug_aranges
                0x000001b8       0x20 CMakeFiles/Imagine_Cup.elf.dir/Core/Src/stm32f1xx_hal_msp.c.obj
 .debug_aranges
                0x000001d8       0x78 CMakeFiles/Imagine_Cup.elf.dir/Core/Src/stm32f1xx_it.c.obj
 .debug_aranges
                0x00000250       0x28 CMakeFiles/Imagine_Cup.elf.dir/Core/Src/system_stm32f1xx.c.obj
 .debug_aranges
                0x00000278       0x30 CMakeFiles/Imagine_Cup.elf.dir/Core/Src/tim.c.obj
 .debug_aranges
                0x000002a8       0x28 CMakeFiles/Imagine_Cup.elf.dir/Core/Startup/startup_stm32f103c8tx.s.obj
 .debug_aranges
                0x000002d0       0xe0 CMakeFiles/Imagine_Cup.elf.dir/Drivers/STM32F1xx_HAL_Driver/Src/stm32f1xx_hal.c.obj
 .debug_aranges
                0x000003b0       0x90 CMakeFiles/Imagine_Cup.elf.dir/Drivers/STM32F1xx_HAL_Driver/Src/stm32f1xx_hal_cortex.c.obj
 .debug_aranges
                0x00000440       0x58 CMakeFiles/Imagine_Cup.elf.dir/Drivers/STM32F1xx_HAL_Driver/Src/stm32f1xx_hal_gpio.c.obj
 .debug_aranges
                0x00000498       0x90 CMakeFiles/Imagine_Cup.elf.dir/Drivers/STM32F1xx_HAL_Driver/Src/stm32f1xx_hal_rcc.c.obj
 .debug_aranges
                0x00000528      0x3d0 CMakeFiles/Imagine_Cup.elf.dir/Drivers/STM32F1xx_HAL_Driver/Src/stm32f1xx_hal_tim.c.obj
 .debug_aranges
                0x000008f8      0x168 CMakeFiles/Imagine_Cup.elf.dir/Drivers/STM32F1xx_HAL_Driver/Src/stm32f1xx_hal_tim_ex.c.obj

.debug_ranges   0x00000000      0x9e8
 .debug_ranges  0x00000000       0x28 CMakeFiles/Imagine_Cup.elf.dir/Core/Src/MatrixKey.c.obj
 .debug_ranges  0x00000028       0xa8 CMakeFiles/Imagine_Cup.elf.dir/Core/Src/OLED.c.obj
 .debug_ranges  0x000000d0       0x68 CMakeFiles/Imagine_Cup.elf.dir/Core/Src/SoftWare_I2C.c.obj
 .debug_ranges  0x00000138       0x10 CMakeFiles/Imagine_Cup.elf.dir/Core/Src/gpio.c.obj
 .debug_ranges  0x00000148       0x20 CMakeFiles/Imagine_Cup.elf.dir/Core/Src/main.c.obj
 .debug_ranges  0x00000168       0x10 CMakeFiles/Imagine_Cup.elf.dir/Core/Src/stm32f1xx_hal_msp.c.obj
 .debug_ranges  0x00000178       0x68 CMakeFiles/Imagine_Cup.elf.dir/Core/Src/stm32f1xx_it.c.obj
 .debug_ranges  0x000001e0       0x18 CMakeFiles/Imagine_Cup.elf.dir/Core/Src/system_stm32f1xx.c.obj
 .debug_ranges  0x000001f8       0x20 CMakeFiles/Imagine_Cup.elf.dir/Core/Src/tim.c.obj
 .debug_ranges  0x00000218       0x20 CMakeFiles/Imagine_Cup.elf.dir/Core/Startup/startup_stm32f103c8tx.s.obj
 .debug_ranges  0x00000238       0xd0 CMakeFiles/Imagine_Cup.elf.dir/Drivers/STM32F1xx_HAL_Driver/Src/stm32f1xx_hal.c.obj
 .debug_ranges  0x00000308       0xe0 CMakeFiles/Imagine_Cup.elf.dir/Drivers/STM32F1xx_HAL_Driver/Src/stm32f1xx_hal_cortex.c.obj
 .debug_ranges  0x000003e8       0x48 CMakeFiles/Imagine_Cup.elf.dir/Drivers/STM32F1xx_HAL_Driver/Src/stm32f1xx_hal_gpio.c.obj
 .debug_ranges  0x00000430       0xa0 CMakeFiles/Imagine_Cup.elf.dir/Drivers/STM32F1xx_HAL_Driver/Src/stm32f1xx_hal_rcc.c.obj
 .debug_ranges  0x000004d0      0x3c0 CMakeFiles/Imagine_Cup.elf.dir/Drivers/STM32F1xx_HAL_Driver/Src/stm32f1xx_hal_tim.c.obj
 .debug_ranges  0x00000890      0x158 CMakeFiles/Imagine_Cup.elf.dir/Drivers/STM32F1xx_HAL_Driver/Src/stm32f1xx_hal_tim_ex.c.obj

.debug_line     0x00000000     0xa8c7
 .debug_line    0x00000000      0x5c7 CMakeFiles/Imagine_Cup.elf.dir/Core/Src/MatrixKey.c.obj
 .debug_line    0x000005c7      0xb20 CMakeFiles/Imagine_Cup.elf.dir/Core/Src/OLED.c.obj
 .debug_line    0x000010e7      0x464 CMakeFiles/Imagine_Cup.elf.dir/Core/Src/SoftWare_I2C.c.obj
 .debug_line    0x0000154b      0x297 CMakeFiles/Imagine_Cup.elf.dir/Core/Src/gpio.c.obj
 .debug_line    0x000017e2      0x43a CMakeFiles/Imagine_Cup.elf.dir/Core/Src/main.c.obj
 .debug_line    0x00001c1c      0x198 CMakeFiles/Imagine_Cup.elf.dir/Core/Src/stm32f1xx_hal_msp.c.obj
 .debug_line    0x00001db4      0x367 CMakeFiles/Imagine_Cup.elf.dir/Core/Src/stm32f1xx_it.c.obj
 .debug_line    0x0000211b      0x262 CMakeFiles/Imagine_Cup.elf.dir/Core/Src/system_stm32f1xx.c.obj
 .debug_line    0x0000237d      0x37c CMakeFiles/Imagine_Cup.elf.dir/Core/Src/tim.c.obj
 .debug_line    0x000026f9       0xb2 CMakeFiles/Imagine_Cup.elf.dir/Core/Startup/startup_stm32f103c8tx.s.obj
 .debug_line    0x000027ab      0x5a6 CMakeFiles/Imagine_Cup.elf.dir/Drivers/STM32F1xx_HAL_Driver/Src/stm32f1xx_hal.c.obj
 .debug_line    0x00002d51      0x683 CMakeFiles/Imagine_Cup.elf.dir/Drivers/STM32F1xx_HAL_Driver/Src/stm32f1xx_hal_cortex.c.obj
 .debug_line    0x000033d4      0x62d CMakeFiles/Imagine_Cup.elf.dir/Drivers/STM32F1xx_HAL_Driver/Src/stm32f1xx_hal_gpio.c.obj
 .debug_line    0x00003a01      0xc76 CMakeFiles/Imagine_Cup.elf.dir/Drivers/STM32F1xx_HAL_Driver/Src/stm32f1xx_hal_rcc.c.obj
 .debug_line    0x00004677     0x46a8 CMakeFiles/Imagine_Cup.elf.dir/Drivers/STM32F1xx_HAL_Driver/Src/stm32f1xx_hal_tim.c.obj
 .debug_line    0x00008d1f     0x1ba8 CMakeFiles/Imagine_Cup.elf.dir/Drivers/STM32F1xx_HAL_Driver/Src/stm32f1xx_hal_tim_ex.c.obj

.debug_str      0x00000000     0x3237
 .debug_str     0x00000000      0x6e8 CMakeFiles/Imagine_Cup.elf.dir/Core/Src/MatrixKey.c.obj
                                0x79c (size before relaxing)
 .debug_str     0x000006e8      0x27b CMakeFiles/Imagine_Cup.elf.dir/Core/Src/OLED.c.obj
                                0x428 (size before relaxing)
 .debug_str     0x00000963       0xae CMakeFiles/Imagine_Cup.elf.dir/Core/Src/SoftWare_I2C.c.obj
                                0x310 (size before relaxing)
 .debug_str     0x00000a11       0xcb CMakeFiles/Imagine_Cup.elf.dir/Core/Src/gpio.c.obj
                                0x2d1 (size before relaxing)
 .debug_str     0x00000adc      0x22e CMakeFiles/Imagine_Cup.elf.dir/Core/Src/main.c.obj
                                0x917 (size before relaxing)
 .debug_str     0x00000d0a       0x85 CMakeFiles/Imagine_Cup.elf.dir/Core/Src/stm32f1xx_hal_msp.c.obj
                                0x273 (size before relaxing)
 .debug_str     0x00000d8f      0x134 CMakeFiles/Imagine_Cup.elf.dir/Core/Src/stm32f1xx_it.c.obj
                                0x796 (size before relaxing)
 .debug_str     0x00000ec3       0xa9 CMakeFiles/Imagine_Cup.elf.dir/Core/Src/system_stm32f1xx.c.obj
                                0x2a8 (size before relaxing)
 .debug_str     0x00000f6c      0x478 CMakeFiles/Imagine_Cup.elf.dir/Core/Src/tim.c.obj
                                0xb6d (size before relaxing)
 .debug_str     0x000013e4       0x61 CMakeFiles/Imagine_Cup.elf.dir/Core/Startup/startup_stm32f103c8tx.s.obj
                                 0xa1 (size before relaxing)
 .debug_str     0x00001445      0x32f CMakeFiles/Imagine_Cup.elf.dir/Drivers/STM32F1xx_HAL_Driver/Src/stm32f1xx_hal.c.obj
                                0x878 (size before relaxing)
 .debug_str     0x00001774      0x3c9 CMakeFiles/Imagine_Cup.elf.dir/Drivers/STM32F1xx_HAL_Driver/Src/stm32f1xx_hal_cortex.c.obj
                                0x927 (size before relaxing)
 .debug_str     0x00001b3d      0x12c CMakeFiles/Imagine_Cup.elf.dir/Drivers/STM32F1xx_HAL_Driver/Src/stm32f1xx_hal_gpio.c.obj
                                0x454 (size before relaxing)
 .debug_str     0x00001c69      0x21f CMakeFiles/Imagine_Cup.elf.dir/Drivers/STM32F1xx_HAL_Driver/Src/stm32f1xx_hal_rcc.c.obj
                                0x67f (size before relaxing)
 .debug_str     0x00001e88      0xe60 CMakeFiles/Imagine_Cup.elf.dir/Drivers/STM32F1xx_HAL_Driver/Src/stm32f1xx_hal_tim.c.obj
                               0x168c (size before relaxing)
 .debug_str     0x00002ce8      0x54f CMakeFiles/Imagine_Cup.elf.dir/Drivers/STM32F1xx_HAL_Driver/Src/stm32f1xx_hal_tim_ex.c.obj
                                0xe8d (size before relaxing)

.comment        0x00000000       0x49
 .comment       0x00000000       0x49 CMakeFiles/Imagine_Cup.elf.dir/Core/Src/MatrixKey.c.obj
                                 0x4a (size before relaxing)
 .comment       0x00000049       0x4a CMakeFiles/Imagine_Cup.elf.dir/Core/Src/OLED.c.obj
 .comment       0x00000049       0x4a CMakeFiles/Imagine_Cup.elf.dir/Core/Src/SoftWare_I2C.c.obj
 .comment       0x00000049       0x4a CMakeFiles/Imagine_Cup.elf.dir/Core/Src/gpio.c.obj
 .comment       0x00000049       0x4a CMakeFiles/Imagine_Cup.elf.dir/Core/Src/main.c.obj
 .comment       0x00000049       0x4a CMakeFiles/Imagine_Cup.elf.dir/Core/Src/stm32f1xx_hal_msp.c.obj
 .comment       0x00000049       0x4a CMakeFiles/Imagine_Cup.elf.dir/Core/Src/stm32f1xx_it.c.obj
 .comment       0x00000049       0x4a CMakeFiles/Imagine_Cup.elf.dir/Core/Src/system_stm32f1xx.c.obj
 .comment       0x00000049       0x4a CMakeFiles/Imagine_Cup.elf.dir/Core/Src/tim.c.obj
 .comment       0x00000049       0x4a CMakeFiles/Imagine_Cup.elf.dir/Drivers/STM32F1xx_HAL_Driver/Src/stm32f1xx_hal.c.obj
 .comment       0x00000049       0x4a CMakeFiles/Imagine_Cup.elf.dir/Drivers/STM32F1xx_HAL_Driver/Src/stm32f1xx_hal_cortex.c.obj
 .comment       0x00000049       0x4a CMakeFiles/Imagine_Cup.elf.dir/Drivers/STM32F1xx_HAL_Driver/Src/stm32f1xx_hal_gpio.c.obj
 .comment       0x00000049       0x4a CMakeFiles/Imagine_Cup.elf.dir/Drivers/STM32F1xx_HAL_Driver/Src/stm32f1xx_hal_rcc.c.obj
 .comment       0x00000049       0x4a CMakeFiles/Imagine_Cup.elf.dir/Drivers/STM32F1xx_HAL_Driver/Src/stm32f1xx_hal_tim.c.obj
 .comment       0x00000049       0x4a CMakeFiles/Imagine_Cup.elf.dir/Drivers/STM32F1xx_HAL_Driver/Src/stm32f1xx_hal_tim_ex.c.obj

.debug_frame    0x00000000     0x1cd0
 .debug_frame   0x00000000       0x70 CMakeFiles/Imagine_Cup.elf.dir/Core/Src/MatrixKey.c.obj
 .debug_frame   0x00000070      0x280 CMakeFiles/Imagine_Cup.elf.dir/Core/Src/OLED.c.obj
 .debug_frame   0x000002f0      0x134 CMakeFiles/Imagine_Cup.elf.dir/Core/Src/SoftWare_I2C.c.obj
 .debug_frame   0x00000424       0x38 CMakeFiles/Imagine_Cup.elf.dir/Core/Src/gpio.c.obj
 .debug_frame   0x0000045c       0x60 CMakeFiles/Imagine_Cup.elf.dir/Core/Src/main.c.obj
 .debug_frame   0x000004bc       0x28 CMakeFiles/Imagine_Cup.elf.dir/Core/Src/stm32f1xx_hal_msp.c.obj
 .debug_frame   0x000004e4       0xf0 CMakeFiles/Imagine_Cup.elf.dir/Core/Src/stm32f1xx_it.c.obj
 .debug_frame   0x000005d4       0x30 CMakeFiles/Imagine_Cup.elf.dir/Core/Src/system_stm32f1xx.c.obj
 .debug_frame   0x00000604       0x64 CMakeFiles/Imagine_Cup.elf.dir/Core/Src/tim.c.obj
 .debug_frame   0x00000668      0x1cc CMakeFiles/Imagine_Cup.elf.dir/Drivers/STM32F1xx_HAL_Driver/Src/stm32f1xx_hal.c.obj
 .debug_frame   0x00000834      0x118 CMakeFiles/Imagine_Cup.elf.dir/Drivers/STM32F1xx_HAL_Driver/Src/stm32f1xx_hal_cortex.c.obj
 .debug_frame   0x0000094c       0xe4 CMakeFiles/Imagine_Cup.elf.dir/Drivers/STM32F1xx_HAL_Driver/Src/stm32f1xx_hal_gpio.c.obj
 .debug_frame   0x00000a30      0x190 CMakeFiles/Imagine_Cup.elf.dir/Drivers/STM32F1xx_HAL_Driver/Src/stm32f1xx_hal_rcc.c.obj
 .debug_frame   0x00000bc0      0xb18 CMakeFiles/Imagine_Cup.elf.dir/Drivers/STM32F1xx_HAL_Driver/Src/stm32f1xx_hal_tim.c.obj
 .debug_frame   0x000016d8      0x40c CMakeFiles/Imagine_Cup.elf.dir/Drivers/STM32F1xx_HAL_Driver/Src/stm32f1xx_hal_tim_ex.c.obj
 .debug_frame   0x00001ae4       0x2c d:/progra~2/gnuarm~1/102021~1.10/bin/../lib/gcc/arm-none-eabi/10.3.1/../../../../arm-none-eabi/lib/thumb/v7-m/nofp\libg.a(lib_a-init.o)
 .debug_frame   0x00001b10       0x2c d:/progra~2/gnuarm~1/102021~1.10/bin/../lib/gcc/arm-none-eabi/10.3.1/../../../../arm-none-eabi/lib/thumb/v7-m/nofp\libg.a(lib_a-memset.o)
 .debug_frame   0x00001b3c       0x5c d:/progra~2/gnuarm~1/102021~1.10/bin/../lib/gcc/arm-none-eabi/10.3.1/../../../../arm-none-eabi/lib/thumb/v7-m/nofp\libg.a(lib_a-__call_atexit.o)
 .debug_frame   0x00001b98       0x20 d:/progra~2/gnuarm~1/102021~1.10/bin/../lib/gcc/arm-none-eabi/10.3.1/../../../../arm-none-eabi/lib/thumb/v7-m/nofp\libg.a(lib_a-atexit.o)
 .debug_frame   0x00001bb8       0x34 d:/progra~2/gnuarm~1/102021~1.10/bin/../lib/gcc/arm-none-eabi/10.3.1/../../../../arm-none-eabi/lib/thumb/v7-m/nofp\libg.a(lib_a-fini.o)
 .debug_frame   0x00001bec       0xb0 d:/progra~2/gnuarm~1/102021~1.10/bin/../lib/gcc/arm-none-eabi/10.3.1/../../../../arm-none-eabi/lib/thumb/v7-m/nofp\libg.a(lib_a-lock.o)
 .debug_frame   0x00001c9c       0x34 d:/progra~2/gnuarm~1/102021~1.10/bin/../lib/gcc/arm-none-eabi/10.3.1/../../../../arm-none-eabi/lib/thumb/v7-m/nofp\libg.a(lib_a-__atexit.o)
