Archive member included to satisfy reference by file (symbol)

d:/study/stm32_project/clion/gcc-arm-none-eabi-10.3-2021.10/bin/../lib/gcc/arm-none-eabi/10.3.1/thumb/v7-m/nofp\libgcc.a(_arm_mulsf3.o)
                              CMakeFiles/Imagine_Cup.elf.dir/Core/Src/Frectest.c.obj (__aeabi_fmul)
d:/study/stm32_project/clion/gcc-arm-none-eabi-10.3-2021.10/bin/../lib/gcc/arm-none-eabi/10.3.1/thumb/v7-m/nofp\libgcc.a(_arm_addsubsf3.o)
                              CMakeFiles/Imagine_Cup.elf.dir/Core/Src/OLED.c.obj (__aeabi_fsub)
d:/study/stm32_project/clion/gcc-arm-none-eabi-10.3-2021.10/bin/../lib/gcc/arm-none-eabi/10.3.1/thumb/v7-m/nofp\libgcc.a(_arm_muldivsf3.o)
                              CMakeFiles/Imagine_Cup.elf.dir/Core/Src/Frectest.c.obj (__aeabi_fdiv)
d:/study/stm32_project/clion/gcc-arm-none-eabi-10.3-2021.10/bin/../lib/gcc/arm-none-eabi/10.3.1/thumb/v7-m/nofp\libgcc.a(_arm_cmpsf2.o)
                              CMakeFiles/Imagine_Cup.elf.dir/Core/Src/main.c.obj (__aeabi_fcmpeq)
d:/study/stm32_project/clion/gcc-arm-none-eabi-10.3-2021.10/bin/../lib/gcc/arm-none-eabi/10.3.1/thumb/v7-m/nofp\libgcc.a(_arm_fixsfsi.o)
                              CMakeFiles/Imagine_Cup.elf.dir/Core/Src/OLED.c.obj (__aeabi_f2iz)
d:/study/stm32_project/clion/gcc-arm-none-eabi-10.3-2021.10/bin/../lib/gcc/arm-none-eabi/10.3.1/../../../../arm-none-eabi/lib/thumb/v7-m/nofp\libg.a(lib_a-errno.o)
                              CMakeFiles/Imagine_Cup.elf.dir/Core/Src/syscalls.c.obj (__errno)
d:/study/stm32_project/clion/gcc-arm-none-eabi-10.3-2021.10/bin/../lib/gcc/arm-none-eabi/10.3.1/../../../../arm-none-eabi/lib/thumb/v7-m/nofp\libg.a(lib_a-exit.o)
                              d:/study/stm32_project/clion/gcc-arm-none-eabi-10.3-2021.10/bin/../lib/gcc/arm-none-eabi/10.3.1/../../../../arm-none-eabi/lib/thumb/v7-m/nofp/crt0.o (exit)
d:/study/stm32_project/clion/gcc-arm-none-eabi-10.3-2021.10/bin/../lib/gcc/arm-none-eabi/10.3.1/../../../../arm-none-eabi/lib/thumb/v7-m/nofp\libg.a(lib_a-impure.o)
                              d:/study/stm32_project/clion/gcc-arm-none-eabi-10.3-2021.10/bin/../lib/gcc/arm-none-eabi/10.3.1/../../../../arm-none-eabi/lib/thumb/v7-m/nofp\libg.a(lib_a-exit.o) (_global_impure_ptr)
d:/study/stm32_project/clion/gcc-arm-none-eabi-10.3-2021.10/bin/../lib/gcc/arm-none-eabi/10.3.1/../../../../arm-none-eabi/lib/thumb/v7-m/nofp\libg.a(lib_a-init.o)
                              d:/study/stm32_project/clion/gcc-arm-none-eabi-10.3-2021.10/bin/../lib/gcc/arm-none-eabi/10.3.1/../../../../arm-none-eabi/lib/thumb/v7-m/nofp/crt0.o (__libc_init_array)
d:/study/stm32_project/clion/gcc-arm-none-eabi-10.3-2021.10/bin/../lib/gcc/arm-none-eabi/10.3.1/../../../../arm-none-eabi/lib/thumb/v7-m/nofp\libg.a(lib_a-memset.o)
                              d:/study/stm32_project/clion/gcc-arm-none-eabi-10.3-2021.10/bin/../lib/gcc/arm-none-eabi/10.3.1/../../../../arm-none-eabi/lib/thumb/v7-m/nofp/crt0.o (memset)
d:/study/stm32_project/clion/gcc-arm-none-eabi-10.3-2021.10/bin/../lib/gcc/arm-none-eabi/10.3.1/../../../../arm-none-eabi/lib/thumb/v7-m/nofp\libg.a(lib_a-__call_atexit.o)
                              d:/study/stm32_project/clion/gcc-arm-none-eabi-10.3-2021.10/bin/../lib/gcc/arm-none-eabi/10.3.1/../../../../arm-none-eabi/lib/thumb/v7-m/nofp\libg.a(lib_a-exit.o) (__call_exitprocs)
d:/study/stm32_project/clion/gcc-arm-none-eabi-10.3-2021.10/bin/../lib/gcc/arm-none-eabi/10.3.1/../../../../arm-none-eabi/lib/thumb/v7-m/nofp\libg.a(lib_a-atexit.o)
                              d:/study/stm32_project/clion/gcc-arm-none-eabi-10.3-2021.10/bin/../lib/gcc/arm-none-eabi/10.3.1/../../../../arm-none-eabi/lib/thumb/v7-m/nofp\libg.a(lib_a-__call_atexit.o) (atexit)
d:/study/stm32_project/clion/gcc-arm-none-eabi-10.3-2021.10/bin/../lib/gcc/arm-none-eabi/10.3.1/../../../../arm-none-eabi/lib/thumb/v7-m/nofp\libg.a(lib_a-fini.o)
                              d:/study/stm32_project/clion/gcc-arm-none-eabi-10.3-2021.10/bin/../lib/gcc/arm-none-eabi/10.3.1/../../../../arm-none-eabi/lib/thumb/v7-m/nofp\libg.a(lib_a-__call_atexit.o) (__libc_fini_array)
d:/study/stm32_project/clion/gcc-arm-none-eabi-10.3-2021.10/bin/../lib/gcc/arm-none-eabi/10.3.1/../../../../arm-none-eabi/lib/thumb/v7-m/nofp\libg.a(lib_a-lock.o)
                              d:/study/stm32_project/clion/gcc-arm-none-eabi-10.3-2021.10/bin/../lib/gcc/arm-none-eabi/10.3.1/../../../../arm-none-eabi/lib/thumb/v7-m/nofp\libg.a(lib_a-__call_atexit.o) (__retarget_lock_acquire_recursive)
d:/study/stm32_project/clion/gcc-arm-none-eabi-10.3-2021.10/bin/../lib/gcc/arm-none-eabi/10.3.1/../../../../arm-none-eabi/lib/thumb/v7-m/nofp\libg.a(lib_a-__atexit.o)
                              d:/study/stm32_project/clion/gcc-arm-none-eabi-10.3-2021.10/bin/../lib/gcc/arm-none-eabi/10.3.1/../../../../arm-none-eabi/lib/thumb/v7-m/nofp\libg.a(lib_a-atexit.o) (__register_exitproc)

Discarded input sections

[...]
Memory Configuration

Name             Origin             Length             Attributes
RAM              0x20000000         0x00005000         xrw
FLASH            0x08000000         0x00010000         xr
*default*        0x00000000         0xffffffff

Linker script and memory map

LOAD d:/study/stm32_project/clion/gcc-arm-none-eabi-10.3-2021.10/bin/../lib/gcc/arm-none-eabi/10.3.1/thumb/v7-m/nofp/crti.o
LOAD d:/study/stm32_project/clion/gcc-arm-none-eabi-10.3-2021.10/bin/../lib/gcc/arm-none-eabi/10.3.1/thumb/v7-m/nofp/crtbegin.o
LOAD d:/study/stm32_project/clion/gcc-arm-none-eabi-10.3-2021.10/bin/../lib/gcc/arm-none-eabi/10.3.1/../../../../arm-none-eabi/lib/thumb/v7-m/nofp/crt0.o
LOAD CMakeFiles/Imagine_Cup.elf.dir/Core/Src/Frectest.c.obj
LOAD CMakeFiles/Imagine_Cup.elf.dir/Core/Src/MatrixKey.c.obj
LOAD CMakeFiles/Imagine_Cup.elf.dir/Core/Src/OLED.c.obj
LOAD CMakeFiles/Imagine_Cup.elf.dir/Core/Src/SoftWare_I2C.c.obj
LOAD CMakeFiles/Imagine_Cup.elf.dir/Core/Src/gpio.c.obj
LOAD CMakeFiles/Imagine_Cup.elf.dir/Core/Src/main.c.obj
LOAD CMakeFiles/Imagine_Cup.elf.dir/Core/Src/stm32f1xx_hal_msp.c.obj
LOAD CMakeFiles/Imagine_Cup.elf.dir/Core/Src/stm32f1xx_it.c.obj
LOAD CMakeFiles/Imagine_Cup.elf.dir/Core/Src/syscalls.c.obj
LOAD CMakeFiles/Imagine_Cup.elf.dir/Core/Src/sysmem.c.obj
LOAD CMakeFiles/Imagine_Cup.elf.dir/Core/Src/system_stm32f1xx.c.obj
LOAD CMakeFiles/Imagine_Cup.elf.dir/Core/Src/tim.c.obj
LOAD CMakeFiles/Imagine_Cup.elf.dir/Core/Startup/startup_stm32f103c8tx.s.obj
LOAD CMakeFiles/Imagine_Cup.elf.dir/Drivers/STM32F1xx_HAL_Driver/Src/stm32f1xx_hal.c.obj
LOAD CMakeFiles/Imagine_Cup.elf.dir/Drivers/STM32F1xx_HAL_Driver/Src/stm32f1xx_hal_cortex.c.obj
LOAD CMakeFiles/Imagine_Cup.elf.dir/Drivers/STM32F1xx_HAL_Driver/Src/stm32f1xx_hal_dma.c.obj
LOAD CMakeFiles/Imagine_Cup.elf.dir/Drivers/STM32F1xx_HAL_Driver/Src/stm32f1xx_hal_exti.c.obj
LOAD CMakeFiles/Imagine_Cup.elf.dir/Drivers/STM32F1xx_HAL_Driver/Src/stm32f1xx_hal_flash.c.obj
LOAD CMakeFiles/Imagine_Cup.elf.dir/Drivers/STM32F1xx_HAL_Driver/Src/stm32f1xx_hal_flash_ex.c.obj
LOAD CMakeFiles/Imagine_Cup.elf.dir/Drivers/STM32F1xx_HAL_Driver/Src/stm32f1xx_hal_gpio.c.obj
LOAD CMakeFiles/Imagine_Cup.elf.dir/Drivers/STM32F1xx_HAL_Driver/Src/stm32f1xx_hal_gpio_ex.c.obj
LOAD CMakeFiles/Imagine_Cup.elf.dir/Drivers/STM32F1xx_HAL_Driver/Src/stm32f1xx_hal_pwr.c.obj
LOAD CMakeFiles/Imagine_Cup.elf.dir/Drivers/STM32F1xx_HAL_Driver/Src/stm32f1xx_hal_rcc.c.obj
LOAD CMakeFiles/Imagine_Cup.elf.dir/Drivers/STM32F1xx_HAL_Driver/Src/stm32f1xx_hal_rcc_ex.c.obj
LOAD CMakeFiles/Imagine_Cup.elf.dir/Drivers/STM32F1xx_HAL_Driver/Src/stm32f1xx_hal_tim.c.obj
LOAD CMakeFiles/Imagine_Cup.elf.dir/Drivers/STM32F1xx_HAL_Driver/Src/stm32f1xx_hal_tim_ex.c.obj
START GROUP
LOAD d:/study/stm32_project/clion/gcc-arm-none-eabi-10.3-2021.10/bin/../lib/gcc/arm-none-eabi/10.3.1/thumb/v7-m/nofp\libgcc.a
LOAD d:/study/stm32_project/clion/gcc-arm-none-eabi-10.3-2021.10/bin/../lib/gcc/arm-none-eabi/10.3.1/../../../../arm-none-eabi/lib/thumb/v7-m/nofp\libg.a
LOAD d:/study/stm32_project/clion/gcc-arm-none-eabi-10.3-2021.10/bin/../lib/gcc/arm-none-eabi/10.3.1/../../../../arm-none-eabi/lib/thumb/v7-m/nofp\libc.a
END GROUP
LOAD d:/study/stm32_project/clion/gcc-arm-none-eabi-10.3-2021.10/bin/../lib/gcc/arm-none-eabi/10.3.1/thumb/v7-m/nofp/crtend.o
LOAD d:/study/stm32_project/clion/gcc-arm-none-eabi-10.3-2021.10/bin/../lib/gcc/arm-none-eabi/10.3.1/thumb/v7-m/nofp/crtn.o
                0x20005000                _estack = (ORIGIN (RAM) + LENGTH (RAM))
                0x00000200                _Min_Heap_Size = 0x200
                0x00000400                _Min_Stack_Size = 0x400

.isr_vector     0x08000000      0x10c
                0x08000000                . = ALIGN (0x4)
 *(.isr_vector)
 .isr_vector    0x08000000      0x10c CMakeFiles/Imagine_Cup.elf.dir/Core/Startup/startup_stm32f103c8tx.s.obj
                0x08000000                g_pfnVectors
                0x0800010c                . = ALIGN (0x4)

.text           0x0800010c     0x34e4
                0x0800010c                . = ALIGN (0x4)
 *(.text)
 .text          0x0800010c       0x40 d:/study/stm32_project/clion/gcc-arm-none-eabi-10.3-2021.10/bin/../lib/gcc/arm-none-eabi/10.3.1/thumb/v7-m/nofp/crtbegin.o
 .text          0x0800014c      0x21c d:/study/stm32_project/clion/gcc-arm-none-eabi-10.3-2021.10/bin/../lib/gcc/arm-none-eabi/10.3.1/thumb/v7-m/nofp\libgcc.a(_arm_addsubsf3.o)
                0x0800014c                __aeabi_frsub
                0x08000154                __subsf3
                0x08000154                __aeabi_fsub
                0x08000158                __aeabi_fadd
                0x08000158                __addsf3
                0x080002b8                __aeabi_ui2f
                0x080002b8                __floatunsisf
                0x080002c0                __aeabi_i2f
                0x080002c0                __floatsisf
                0x080002dc                __aeabi_ul2f
                0x080002dc                __floatundisf
                0x080002ec                __aeabi_l2f
                0x080002ec                __floatdisf
 .text          0x08000368      0x2a0 d:/study/stm32_project/clion/gcc-arm-none-eabi-10.3-2021.10/bin/../lib/gcc/arm-none-eabi/10.3.1/thumb/v7-m/nofp\libgcc.a(_arm_muldivsf3.o)
                0x08000368                __mulsf3
                0x08000368                __aeabi_fmul
                0x080004d0                __aeabi_fdiv
                0x080004d0                __divsf3
 .text          0x08000608       0xec d:/study/stm32_project/clion/gcc-arm-none-eabi-10.3-2021.10/bin/../lib/gcc/arm-none-eabi/10.3.1/thumb/v7-m/nofp\libgcc.a(_arm_cmpsf2.o)
                0x08000608                __gesf2
                0x08000608                __gtsf2
                0x08000610                __lesf2
                0x08000610                __ltsf2
                0x08000618                __nesf2
                0x08000618                __eqsf2
                0x08000618                __cmpsf2
                0x08000678                __aeabi_cfrcmple
                0x08000680                __aeabi_cfcmpeq
                0x08000680                __aeabi_cfcmple
                0x08000690                __aeabi_fcmpeq
                0x080006a4                __aeabi_fcmplt
                0x080006b8                __aeabi_fcmple
                0x080006cc                __aeabi_fcmpge
                0x080006e0                __aeabi_fcmpgt
 .text          0x080006f4       0x4c d:/study/stm32_project/clion/gcc-arm-none-eabi-10.3-2021.10/bin/../lib/gcc/arm-none-eabi/10.3.1/thumb/v7-m/nofp\libgcc.a(_arm_fixsfsi.o)
                0x080006f4                __aeabi_f2iz
                0x080006f4                __fixsfsi
 *(.text*)
 .text.Frec_init
                0x08000740       0x20 CMakeFiles/Imagine_Cup.elf.dir/Core/Src/Frectest.c.obj
                0x08000740                Frec_init
 .text.Frec_Start_Test
                0x08000760       0x54 CMakeFiles/Imagine_Cup.elf.dir/Core/Src/Frectest.c.obj
                0x08000760                Frec_Start_Test
 .text.Frec_Overflow_Handle
                0x080007b4       0x10 CMakeFiles/Imagine_Cup.elf.dir/Core/Src/Frectest.c.obj
                0x080007b4                Frec_Overflow_Handle
 .text.Frec_Get_Resistance
                0x080007c4        0xc CMakeFiles/Imagine_Cup.elf.dir/Core/Src/Frectest.c.obj
                0x080007c4                Frec_Get_Resistance
 .text.Frec_Cal_Resistance
                0x080007d0       0x38 CMakeFiles/Imagine_Cup.elf.dir/Core/Src/Frectest.c.obj
                0x080007d0                Frec_Cal_Resistance
 .text.Frec_Trec_TIMer_Handle
                0x08000808       0x94 CMakeFiles/Imagine_Cup.elf.dir/Core/Src/Frectest.c.obj
                0x08000808                Frec_Trec_TIMer_Handle
 .text.MatrixKey_GetState
                0x0800089c      0x160 CMakeFiles/Imagine_Cup.elf.dir/Core/Src/MatrixKey.c.obj
                0x0800089c                MatrixKey_GetState
 .text.MatrixKey
                0x080009fc        0xc CMakeFiles/Imagine_Cup.elf.dir/Core/Src/MatrixKey.c.obj
                0x080009fc                MatrixKey
 .text.MatrixKey_Loop
                0x08000a08      0x120 CMakeFiles/Imagine_Cup.elf.dir/Core/Src/MatrixKey.c.obj
                0x08000a08                MatrixKey_Loop
 .text.OLED_WritrDate
                0x08000b28       0x2c CMakeFiles/Imagine_Cup.elf.dir/Core/Src/OLED.c.obj
                0x08000b28                OLED_WritrDate
 .text.OLED_WriteCommand
                0x08000b54       0x2c CMakeFiles/Imagine_Cup.elf.dir/Core/Src/OLED.c.obj
                0x08000b54                OLED_WriteCommand
 .text.OLED_WR_Byte
                0x08000b80       0x12 CMakeFiles/Imagine_Cup.elf.dir/Core/Src/OLED.c.obj
                0x08000b80                OLED_WR_Byte
 .text.OLED_Set_Pos
                0x08000b92       0x28 CMakeFiles/Imagine_Cup.elf.dir/Core/Src/OLED.c.obj
                0x08000b92                OLED_Set_Pos
 *fill*         0x08000bba        0x2 
 .text.OLED_ShowChar
                0x08000bbc       0xd4 CMakeFiles/Imagine_Cup.elf.dir/Core/Src/OLED.c.obj
                0x08000bbc                OLED_ShowChar
 .text.OLED_ShowString
                0x08000c90       0x36 CMakeFiles/Imagine_Cup.elf.dir/Core/Src/OLED.c.obj
                0x08000c90                OLED_ShowString
 .text.oled_pow
                0x08000cc6       0x16 CMakeFiles/Imagine_Cup.elf.dir/Core/Src/OLED.c.obj
                0x08000cc6                oled_pow
 .text.OLED_ShowNum
                0x08000cdc       0xac CMakeFiles/Imagine_Cup.elf.dir/Core/Src/OLED.c.obj
                0x08000cdc                OLED_ShowNum
 .text.OLED_ShowFloatNum
                0x08000d88       0xec CMakeFiles/Imagine_Cup.elf.dir/Core/Src/OLED.c.obj
                0x08000d88                OLED_ShowFloatNum
 .text.OLED_Clear
                0x08000e74       0x2e CMakeFiles/Imagine_Cup.elf.dir/Core/Src/OLED.c.obj
                0x08000e74                OLED_Clear
 .text.OLED_Init
                0x08000ea2       0xe0 CMakeFiles/Imagine_Cup.elf.dir/Core/Src/OLED.c.obj
                0x08000ea2                OLED_Init
 *fill*         0x08000f82        0x2 
 .text.OLED_Show_A_CHinese
                0x08000f84      0x190 CMakeFiles/Imagine_Cup.elf.dir/Core/Src/OLED.c.obj
                0x08000f84                OLED_Show_A_CHinese
 .text.OLED_ShowChinese
                0x08001114       0x48 CMakeFiles/Imagine_Cup.elf.dir/Core/Src/OLED.c.obj
                0x08001114                OLED_ShowChinese
 .text.I2C_Delay
                0x0800115c        0xe CMakeFiles/Imagine_Cup.elf.dir/Core/Src/SoftWare_I2C.c.obj
                0x0800115c                I2C_Delay
 *fill*         0x0800116a        0x2 
 .text.I2C_W_SCL
                0x0800116c       0x24 CMakeFiles/Imagine_Cup.elf.dir/Core/Src/SoftWare_I2C.c.obj
                0x0800116c                I2C_W_SCL
 .text.I2C_W_SDA
                0x08001190       0x24 CMakeFiles/Imagine_Cup.elf.dir/Core/Src/SoftWare_I2C.c.obj
                0x08001190                I2C_W_SDA
 .text.I2C_R_SDA
                0x080011b4       0x14 CMakeFiles/Imagine_Cup.elf.dir/Core/Src/SoftWare_I2C.c.obj
                0x080011b4                I2C_R_SDA
 .text.I2C_Start
                0x080011c8       0x28 CMakeFiles/Imagine_Cup.elf.dir/Core/Src/SoftWare_I2C.c.obj
                0x080011c8                I2C_Start
 .text.I2C_Stop
                0x080011f0       0x28 CMakeFiles/Imagine_Cup.elf.dir/Core/Src/SoftWare_I2C.c.obj
                0x080011f0                I2C_Stop
 .text.I2C_Wait_Ack
                0x08001218       0x34 CMakeFiles/Imagine_Cup.elf.dir/Core/Src/SoftWare_I2C.c.obj
                0x08001218                I2C_Wait_Ack
 .text.Write_I2C_Byte
                0x0800124c       0x3e CMakeFiles/Imagine_Cup.elf.dir/Core/Src/SoftWare_I2C.c.obj
                0x0800124c                Write_I2C_Byte
 *fill*         0x0800128a        0x2 
 .text.MX_GPIO_Init
                0x0800128c       0xf0 CMakeFiles/Imagine_Cup.elf.dir/Core/Src/gpio.c.obj
                0x0800128c                MX_GPIO_Init
 .text.huandang
                0x0800137c       0x64 CMakeFiles/Imagine_Cup.elf.dir/Core/Src/main.c.obj
                0x0800137c                huandang
 .text.HAL_TIM_PeriodElapsedCallback
                0x080013e0       0x38 CMakeFiles/Imagine_Cup.elf.dir/Core/Src/main.c.obj
                0x080013e0                HAL_TIM_PeriodElapsedCallback
 .text.Error_Handler
                0x08001418        0x4 CMakeFiles/Imagine_Cup.elf.dir/Core/Src/main.c.obj
                0x08001418                Error_Handler
 .text.SystemClock_Config
                0x0800141c       0x64 CMakeFiles/Imagine_Cup.elf.dir/Core/Src/main.c.obj
                0x0800141c                SystemClock_Config
 .text.main     0x08001480      0x1f0 CMakeFiles/Imagine_Cup.elf.dir/Core/Src/main.c.obj
                0x08001480                main
 .text.assert_failed
                0x08001670        0x2 CMakeFiles/Imagine_Cup.elf.dir/Core/Src/main.c.obj
                0x08001670                assert_failed
 *fill*         0x08001672        0x2 
 .text.HAL_MspInit
                0x08001674       0x44 CMakeFiles/Imagine_Cup.elf.dir/Core/Src/stm32f1xx_hal_msp.c.obj
                0x08001674                HAL_MspInit
 .text.NMI_Handler
                0x080016b8        0x2 CMakeFiles/Imagine_Cup.elf.dir/Core/Src/stm32f1xx_it.c.obj
                0x080016b8                NMI_Handler
 .text.HardFault_Handler
                0x080016ba        0x2 CMakeFiles/Imagine_Cup.elf.dir/Core/Src/stm32f1xx_it.c.obj
                0x080016ba                HardFault_Handler
 .text.MemManage_Handler
                0x080016bc        0x2 CMakeFiles/Imagine_Cup.elf.dir/Core/Src/stm32f1xx_it.c.obj
                0x080016bc                MemManage_Handler
 .text.BusFault_Handler
                0x080016be        0x2 CMakeFiles/Imagine_Cup.elf.dir/Core/Src/stm32f1xx_it.c.obj
                0x080016be                BusFault_Handler
 .text.UsageFault_Handler
                0x080016c0        0x2 CMakeFiles/Imagine_Cup.elf.dir/Core/Src/stm32f1xx_it.c.obj
                0x080016c0                UsageFault_Handler
 .text.SVC_Handler
                0x080016c2        0x2 CMakeFiles/Imagine_Cup.elf.dir/Core/Src/stm32f1xx_it.c.obj
                0x080016c2                SVC_Handler
 .text.DebugMon_Handler
                0x080016c4        0x2 CMakeFiles/Imagine_Cup.elf.dir/Core/Src/stm32f1xx_it.c.obj
                0x080016c4                DebugMon_Handler
 .text.PendSV_Handler
                0x080016c6        0x2 CMakeFiles/Imagine_Cup.elf.dir/Core/Src/stm32f1xx_it.c.obj
                0x080016c6                PendSV_Handler
 .text.SysTick_Handler
                0x080016c8        0x8 CMakeFiles/Imagine_Cup.elf.dir/Core/Src/stm32f1xx_it.c.obj
                0x080016c8                SysTick_Handler
 .text.TIM1_BRK_IRQHandler
                0x080016d0       0x10 CMakeFiles/Imagine_Cup.elf.dir/Core/Src/stm32f1xx_it.c.obj
                0x080016d0                TIM1_BRK_IRQHandler
 .text.TIM1_UP_IRQHandler
                0x080016e0       0x10 CMakeFiles/Imagine_Cup.elf.dir/Core/Src/stm32f1xx_it.c.obj
                0x080016e0                TIM1_UP_IRQHandler
 .text.TIM1_TRG_COM_IRQHandler
                0x080016f0       0x10 CMakeFiles/Imagine_Cup.elf.dir/Core/Src/stm32f1xx_it.c.obj
                0x080016f0                TIM1_TRG_COM_IRQHandler
 .text.TIM2_IRQHandler
                0x08001700       0x10 CMakeFiles/Imagine_Cup.elf.dir/Core/Src/stm32f1xx_it.c.obj
                0x08001700                TIM2_IRQHandler
 .text.TIM3_IRQHandler
                0x08001710       0x10 CMakeFiles/Imagine_Cup.elf.dir/Core/Src/stm32f1xx_it.c.obj
                0x08001710                TIM3_IRQHandler
 .text.SystemInit
                0x08001720        0x2 CMakeFiles/Imagine_Cup.elf.dir/Core/Src/system_stm32f1xx.c.obj
                0x08001720                SystemInit
 *fill*         0x08001722        0x2 
 .text.MX_TIM1_Init
                0x08001724       0x74 CMakeFiles/Imagine_Cup.elf.dir/Core/Src/tim.c.obj
                0x08001724                MX_TIM1_Init
 .text.MX_TIM2_Init
                0x08001798       0x78 CMakeFiles/Imagine_Cup.elf.dir/Core/Src/tim.c.obj
                0x08001798                MX_TIM2_Init
 .text.MX_TIM3_Init
                0x08001810       0x70 CMakeFiles/Imagine_Cup.elf.dir/Core/Src/tim.c.obj
                0x08001810                MX_TIM3_Init
 .text.HAL_TIM_Base_MspInit
                0x08001880       0xec CMakeFiles/Imagine_Cup.elf.dir/Core/Src/tim.c.obj
                0x08001880                HAL_TIM_Base_MspInit
 .text.Reset_Handler
                0x0800196c       0x48 CMakeFiles/Imagine_Cup.elf.dir/Core/Startup/startup_stm32f103c8tx.s.obj
                0x0800196c                Reset_Handler
 .text.Default_Handler
                0x080019b4        0x2 CMakeFiles/Imagine_Cup.elf.dir/Core/Startup/startup_stm32f103c8tx.s.obj
                0x080019b4                RTC_Alarm_IRQHandler
                0x080019b4                EXTI2_IRQHandler
                0x080019b4                TIM1_CC_IRQHandler
                0x080019b4                PVD_IRQHandler
                0x080019b4                EXTI3_IRQHandler
                0x080019b4                EXTI0_IRQHandler
                0x080019b4                I2C2_EV_IRQHandler
                0x080019b4                ADC1_2_IRQHandler
                0x080019b4                SPI1_IRQHandler
                0x080019b4                TAMPER_IRQHandler
                0x080019b4                DMA1_Channel4_IRQHandler
                0x080019b4                USART3_IRQHandler
                0x080019b4                RTC_IRQHandler
                0x080019b4                DMA1_Channel7_IRQHandler
                0x080019b4                CAN1_RX1_IRQHandler
                0x080019b4                TIM4_IRQHandler
                0x080019b4                I2C1_EV_IRQHandler
                0x080019b4                DMA1_Channel6_IRQHandler
                0x080019b4                RCC_IRQHandler
                0x080019b4                DMA1_Channel1_IRQHandler
                0x080019b4                Default_Handler
                0x080019b4                EXTI15_10_IRQHandler
                0x080019b4                EXTI9_5_IRQHandler
                0x080019b4                SPI2_IRQHandler
                0x080019b4                DMA1_Channel5_IRQHandler
                0x080019b4                EXTI4_IRQHandler
                0x080019b4                USB_LP_CAN1_RX0_IRQHandler
                0x080019b4                USB_HP_CAN1_TX_IRQHandler
                0x080019b4                DMA1_Channel3_IRQHandler
                0x080019b4                WWDG_IRQHandler
                0x080019b4                EXTI1_IRQHandler
                0x080019b4                USART2_IRQHandler
                0x080019b4                I2C2_ER_IRQHandler
                0x080019b4                DMA1_Channel2_IRQHandler
                0x080019b4                CAN1_SCE_IRQHandler
                0x080019b4                FLASH_IRQHandler
                0x080019b4                USART1_IRQHandler
                0x080019b4                I2C1_ER_IRQHandler
                0x080019b4                USBWakeUp_IRQHandler
 *fill*         0x080019b6        0x2 
 .text.HAL_InitTick
                0x080019b8       0x4c CMakeFiles/Imagine_Cup.elf.dir/Drivers/STM32F1xx_HAL_Driver/Src/stm32f1xx_hal.c.obj
                0x080019b8                HAL_InitTick
 .text.HAL_Init
                0x08001a04       0x24 CMakeFiles/Imagine_Cup.elf.dir/Drivers/STM32F1xx_HAL_Driver/Src/stm32f1xx_hal.c.obj
                0x08001a04                HAL_Init
 .text.HAL_IncTick
                0x08001a28       0x18 CMakeFiles/Imagine_Cup.elf.dir/Drivers/STM32F1xx_HAL_Driver/Src/stm32f1xx_hal.c.obj
                0x08001a28                HAL_IncTick
 .text.HAL_GetTick
                0x08001a40        0xc CMakeFiles/Imagine_Cup.elf.dir/Drivers/STM32F1xx_HAL_Driver/Src/stm32f1xx_hal.c.obj
                0x08001a40                HAL_GetTick
 .text.HAL_NVIC_SetPriorityGrouping
                0x08001a4c       0x3c CMakeFiles/Imagine_Cup.elf.dir/Drivers/STM32F1xx_HAL_Driver/Src/stm32f1xx_hal_cortex.c.obj
                0x08001a4c                HAL_NVIC_SetPriorityGrouping
 .text.HAL_NVIC_SetPriority
                0x08001a88       0x8c CMakeFiles/Imagine_Cup.elf.dir/Drivers/STM32F1xx_HAL_Driver/Src/stm32f1xx_hal_cortex.c.obj
                0x08001a88                HAL_NVIC_SetPriority
 .text.HAL_NVIC_EnableIRQ
                0x08001b14       0x30 CMakeFiles/Imagine_Cup.elf.dir/Drivers/STM32F1xx_HAL_Driver/Src/stm32f1xx_hal_cortex.c.obj
                0x08001b14                HAL_NVIC_EnableIRQ
 .text.HAL_SYSTICK_Config
                0x08001b44       0x28 CMakeFiles/Imagine_Cup.elf.dir/Drivers/STM32F1xx_HAL_Driver/Src/stm32f1xx_hal_cortex.c.obj
                0x08001b44                HAL_SYSTICK_Config
 .text.HAL_GPIO_Init
                0x08001b6c      0x368 CMakeFiles/Imagine_Cup.elf.dir/Drivers/STM32F1xx_HAL_Driver/Src/stm32f1xx_hal_gpio.c.obj
                0x08001b6c                HAL_GPIO_Init
 .text.HAL_GPIO_ReadPin
                0x08001ed4       0x28 CMakeFiles/Imagine_Cup.elf.dir/Drivers/STM32F1xx_HAL_Driver/Src/stm32f1xx_hal_gpio.c.obj
                0x08001ed4                HAL_GPIO_ReadPin
 .text.HAL_GPIO_WritePin
                0x08001efc       0x38 CMakeFiles/Imagine_Cup.elf.dir/Drivers/STM32F1xx_HAL_Driver/Src/stm32f1xx_hal_gpio.c.obj
                0x08001efc                HAL_GPIO_WritePin
 .text.RCC_Delay
                0x08001f34       0x2c CMakeFiles/Imagine_Cup.elf.dir/Drivers/STM32F1xx_HAL_Driver/Src/stm32f1xx_hal_rcc.c.obj
 .text.HAL_RCC_OscConfig
                0x08001f60      0x548 CMakeFiles/Imagine_Cup.elf.dir/Drivers/STM32F1xx_HAL_Driver/Src/stm32f1xx_hal_rcc.c.obj
                0x08001f60                HAL_RCC_OscConfig
 .text.HAL_RCC_GetSysClockFreq
                0x080024a8       0x70 CMakeFiles/Imagine_Cup.elf.dir/Drivers/STM32F1xx_HAL_Driver/Src/stm32f1xx_hal_rcc.c.obj
                0x080024a8                HAL_RCC_GetSysClockFreq
 .text.HAL_RCC_ClockConfig
                0x08002518      0x228 CMakeFiles/Imagine_Cup.elf.dir/Drivers/STM32F1xx_HAL_Driver/Src/stm32f1xx_hal_rcc.c.obj
                0x08002518                HAL_RCC_ClockConfig
 .text.TIM_TI1_ConfigInputStage
                0x08002740       0x24 CMakeFiles/Imagine_Cup.elf.dir/Drivers/STM32F1xx_HAL_Driver/Src/stm32f1xx_hal_tim.c.obj
 .text.TIM_TI2_ConfigInputStage
                0x08002764       0x26 CMakeFiles/Imagine_Cup.elf.dir/Drivers/STM32F1xx_HAL_Driver/Src/stm32f1xx_hal_tim.c.obj
 .text.TIM_ITRx_SetConfig
                0x0800278a       0x10 CMakeFiles/Imagine_Cup.elf.dir/Drivers/STM32F1xx_HAL_Driver/Src/stm32f1xx_hal_tim.c.obj
 *fill*         0x0800279a        0x2 
 .text.HAL_TIM_Base_Start
                0x0800279c       0x8c CMakeFiles/Imagine_Cup.elf.dir/Drivers/STM32F1xx_HAL_Driver/Src/stm32f1xx_hal_tim.c.obj
                0x0800279c                HAL_TIM_Base_Start
 .text.HAL_TIM_Base_Stop
                0x08002828       0x5c CMakeFiles/Imagine_Cup.elf.dir/Drivers/STM32F1xx_HAL_Driver/Src/stm32f1xx_hal_tim.c.obj
                0x08002828                HAL_TIM_Base_Stop
 .text.HAL_TIM_Base_Start_IT
                0x08002884       0x98 CMakeFiles/Imagine_Cup.elf.dir/Drivers/STM32F1xx_HAL_Driver/Src/stm32f1xx_hal_tim.c.obj
                0x08002884                HAL_TIM_Base_Start_IT
 .text.HAL_TIM_Base_Stop_IT
                0x0800291c       0x68 CMakeFiles/Imagine_Cup.elf.dir/Drivers/STM32F1xx_HAL_Driver/Src/stm32f1xx_hal_tim.c.obj
                0x0800291c                HAL_TIM_Base_Stop_IT
 .text.HAL_TIM_OC_DelayElapsedCallback
                0x08002984        0x2 CMakeFiles/Imagine_Cup.elf.dir/Drivers/STM32F1xx_HAL_Driver/Src/stm32f1xx_hal_tim.c.obj
                0x08002984                HAL_TIM_OC_DelayElapsedCallback
 .text.HAL_TIM_IC_CaptureCallback
                0x08002986        0x2 CMakeFiles/Imagine_Cup.elf.dir/Drivers/STM32F1xx_HAL_Driver/Src/stm32f1xx_hal_tim.c.obj
                0x08002986                HAL_TIM_IC_CaptureCallback
 .text.HAL_TIM_PWM_PulseFinishedCallback
                0x08002988        0x2 CMakeFiles/Imagine_Cup.elf.dir/Drivers/STM32F1xx_HAL_Driver/Src/stm32f1xx_hal_tim.c.obj
                0x08002988                HAL_TIM_PWM_PulseFinishedCallback
 .text.HAL_TIM_TriggerCallback
                0x0800298a        0x2 CMakeFiles/Imagine_Cup.elf.dir/Drivers/STM32F1xx_HAL_Driver/Src/stm32f1xx_hal_tim.c.obj
                0x0800298a                HAL_TIM_TriggerCallback
 .text.HAL_TIM_IRQHandler
                0x0800298c      0x17a CMakeFiles/Imagine_Cup.elf.dir/Drivers/STM32F1xx_HAL_Driver/Src/stm32f1xx_hal_tim.c.obj
                0x0800298c                HAL_TIM_IRQHandler
 *fill*         0x08002b06        0x2 
 .text.TIM_Base_SetConfig
                0x08002b08       0x74 CMakeFiles/Imagine_Cup.elf.dir/Drivers/STM32F1xx_HAL_Driver/Src/stm32f1xx_hal_tim.c.obj
                0x08002b08                TIM_Base_SetConfig
 .text.HAL_TIM_Base_Init
                0x08002b7c       0xdc CMakeFiles/Imagine_Cup.elf.dir/Drivers/STM32F1xx_HAL_Driver/Src/stm32f1xx_hal_tim.c.obj
                0x08002b7c                HAL_TIM_Base_Init
 .text.TIM_ETR_SetConfig
                0x08002c58       0x18 CMakeFiles/Imagine_Cup.elf.dir/Drivers/STM32F1xx_HAL_Driver/Src/stm32f1xx_hal_tim.c.obj
                0x08002c58                TIM_ETR_SetConfig
 .text.HAL_TIM_ConfigClockSource
                0x08002c70      0x38c CMakeFiles/Imagine_Cup.elf.dir/Drivers/STM32F1xx_HAL_Driver/Src/stm32f1xx_hal_tim.c.obj
                0x08002c70                HAL_TIM_ConfigClockSource
 .text.TIM_SlaveTimer_SetConfig
                0x08002ffc      0x264 CMakeFiles/Imagine_Cup.elf.dir/Drivers/STM32F1xx_HAL_Driver/Src/stm32f1xx_hal_tim.c.obj
 .text.HAL_TIM_SlaveConfigSynchro
                0x08003260       0xd4 CMakeFiles/Imagine_Cup.elf.dir/Drivers/STM32F1xx_HAL_Driver/Src/stm32f1xx_hal_tim.c.obj
                0x08003260                HAL_TIM_SlaveConfigSynchro
 .text.HAL_TIMEx_MasterConfigSynchronization
                0x08003334       0xd4 CMakeFiles/Imagine_Cup.elf.dir/Drivers/STM32F1xx_HAL_Driver/Src/stm32f1xx_hal_tim_ex.c.obj
                0x08003334                HAL_TIMEx_MasterConfigSynchronization
 .text.HAL_TIMEx_CommutCallback
                0x08003408        0x2 CMakeFiles/Imagine_Cup.elf.dir/Drivers/STM32F1xx_HAL_Driver/Src/stm32f1xx_hal_tim_ex.c.obj
                0x08003408                HAL_TIMEx_CommutCallback
 .text.HAL_TIMEx_BreakCallback
                0x0800340a        0x2 CMakeFiles/Imagine_Cup.elf.dir/Drivers/STM32F1xx_HAL_Driver/Src/stm32f1xx_hal_tim_ex.c.obj
                0x0800340a                HAL_TIMEx_BreakCallback
 .text.__libc_init_array
                0x0800340c       0x48 d:/study/stm32_project/clion/gcc-arm-none-eabi-10.3-2021.10/bin/../lib/gcc/arm-none-eabi/10.3.1/../../../../arm-none-eabi/lib/thumb/v7-m/nofp\libg.a(lib_a-init.o)
                0x0800340c                __libc_init_array
 .text.memset   0x08003454       0xa4 d:/study/stm32_project/clion/gcc-arm-none-eabi-10.3-2021.10/bin/../lib/gcc/arm-none-eabi/10.3.1/../../../../arm-none-eabi/lib/thumb/v7-m/nofp\libg.a(lib_a-memset.o)
                0x08003454                memset
 .text.startup.register_fini
                0x080034f8       0x14 d:/study/stm32_project/clion/gcc-arm-none-eabi-10.3-2021.10/bin/../lib/gcc/arm-none-eabi/10.3.1/../../../../arm-none-eabi/lib/thumb/v7-m/nofp\libg.a(lib_a-__call_atexit.o)
 .text.atexit   0x0800350c        0xc d:/study/stm32_project/clion/gcc-arm-none-eabi-10.3-2021.10/bin/../lib/gcc/arm-none-eabi/10.3.1/../../../../arm-none-eabi/lib/thumb/v7-m/nofp\libg.a(lib_a-atexit.o)
                0x0800350c                atexit
 .text.__libc_fini_array
                0x08003518       0x2c d:/study/stm32_project/clion/gcc-arm-none-eabi-10.3-2021.10/bin/../lib/gcc/arm-none-eabi/10.3.1/../../../../arm-none-eabi/lib/thumb/v7-m/nofp\libg.a(lib_a-fini.o)
                0x08003518                __libc_fini_array
 .text.__retarget_lock_acquire_recursive
                0x08003544        0x4 d:/study/stm32_project/clion/gcc-arm-none-eabi-10.3-2021.10/bin/../lib/gcc/arm-none-eabi/10.3.1/../../../../arm-none-eabi/lib/thumb/v7-m/nofp\libg.a(lib_a-lock.o)
                0x08003544                __retarget_lock_acquire_recursive
 .text.__retarget_lock_release_recursive
                0x08003548        0x4 d:/study/stm32_project/clion/gcc-arm-none-eabi-10.3-2021.10/bin/../lib/gcc/arm-none-eabi/10.3.1/../../../../arm-none-eabi/lib/thumb/v7-m/nofp\libg.a(lib_a-lock.o)
                0x08003548                __retarget_lock_release_recursive
 .text.__register_exitproc
                0x0800354c       0x8c d:/study/stm32_project/clion/gcc-arm-none-eabi-10.3-2021.10/bin/../lib/gcc/arm-none-eabi/10.3.1/../../../../arm-none-eabi/lib/thumb/v7-m/nofp\libg.a(lib_a-__atexit.o)
                0x0800354c                __register_exitproc
 *(.glue_7)
 .glue_7        0x080035d8        0x0 linker stubs
 *(.glue_7t)
 .glue_7t       0x080035d8        0x0 linker stubs
 *(.eh_frame)
 .eh_frame      0x080035d8        0x0 d:/study/stm32_project/clion/gcc-arm-none-eabi-10.3-2021.10/bin/../lib/gcc/arm-none-eabi/10.3.1/thumb/v7-m/nofp/crtbegin.o
 *(.init)
 .init          0x080035d8        0x4 d:/study/stm32_project/clion/gcc-arm-none-eabi-10.3-2021.10/bin/../lib/gcc/arm-none-eabi/10.3.1/thumb/v7-m/nofp/crti.o
                0x080035d8                _init
 .init          0x080035dc        0x8 d:/study/stm32_project/clion/gcc-arm-none-eabi-10.3-2021.10/bin/../lib/gcc/arm-none-eabi/10.3.1/thumb/v7-m/nofp/crtn.o
 *(.fini)
 .fini          0x080035e4        0x4 d:/study/stm32_project/clion/gcc-arm-none-eabi-10.3-2021.10/bin/../lib/gcc/arm-none-eabi/10.3.1/thumb/v7-m/nofp/crti.o
                0x080035e4                _fini
 .fini          0x080035e8        0x8 d:/study/stm32_project/clion/gcc-arm-none-eabi-10.3-2021.10/bin/../lib/gcc/arm-none-eabi/10.3.1/thumb/v7-m/nofp/crtn.o
                0x080035f0                . = ALIGN (0x4)
                0x080035f0                _etext = .

.vfp11_veneer   0x080035f0        0x0
 .vfp11_veneer  0x080035f0        0x0 linker stubs

.v4_bx          0x080035f0        0x0
 .v4_bx         0x080035f0        0x0 linker stubs

.iplt           0x080035f0        0x0
 .iplt          0x080035f0        0x0 d:/study/stm32_project/clion/gcc-arm-none-eabi-10.3-2021.10/bin/../lib/gcc/arm-none-eabi/10.3.1/thumb/v7-m/nofp/crtbegin.o

.rodata         0x080035f0      0xd94
                0x080035f0                . = ALIGN (0x4)
 *(.rodata)
 *(.rodata*)
 .rodata.Chinese_16
                0x080035f0      0x176 CMakeFiles/Imagine_Cup.elf.dir/Core/Src/OLED.c.obj
                0x080035f0                Chinese_16
 *fill*         0x08003766        0x2 
 .rodata.Chinese_1602
                0x08003768       0xcc CMakeFiles/Imagine_Cup.elf.dir/Core/Src/OLED.c.obj
                0x08003768                Chinese_1602
 .rodata.Chinese_Bold16
                0x08003834      0x132 CMakeFiles/Imagine_Cup.elf.dir/Core/Src/OLED.c.obj
                0x08003834                Chinese_Bold16
 *fill*         0x08003966        0x2 
 .rodata.F6x8   0x08003968      0x222 CMakeFiles/Imagine_Cup.elf.dir/Core/Src/OLED.c.obj
                0x08003968                F6x8
 *fill*         0x08003b8a        0x2 
 .rodata.F8X16  0x08003b8c      0x5f0 CMakeFiles/Imagine_Cup.elf.dir/Core/Src/OLED.c.obj
                0x08003b8c                F8X16
 .rodata.main.str1.4
                0x0800417c       0x1a CMakeFiles/Imagine_Cup.elf.dir/Core/Src/main.c.obj
 *fill*         0x08004196        0x2 
 .rodata.AHBPrescTable
                0x08004198       0x10 CMakeFiles/Imagine_Cup.elf.dir/Core/Src/system_stm32f1xx.c.obj
                0x08004198                AHBPrescTable
 .rodata.HAL_NVIC_SetPriorityGrouping.str1.4
                0x080041a8       0x5b CMakeFiles/Imagine_Cup.elf.dir/Drivers/STM32F1xx_HAL_Driver/Src/stm32f1xx_hal_cortex.c.obj
 *fill*         0x08004203        0x1 
 .rodata.HAL_GPIO_Init.str1.4
                0x08004204       0x59 CMakeFiles/Imagine_Cup.elf.dir/Drivers/STM32F1xx_HAL_Driver/Src/stm32f1xx_hal_gpio.c.obj
 *fill*         0x0800425d        0x3 
 .rodata.HAL_RCC_OscConfig.str1.4
                0x08004260       0x58 CMakeFiles/Imagine_Cup.elf.dir/Drivers/STM32F1xx_HAL_Driver/Src/stm32f1xx_hal_rcc.c.obj
 .rodata.HAL_RCC_GetSysClockFreq.str1.4
                0x080042b8       0x11 CMakeFiles/Imagine_Cup.elf.dir/Drivers/STM32F1xx_HAL_Driver/Src/stm32f1xx_hal_rcc.c.obj
 *fill*         0x080042c9        0x3 
 .rodata.TIM_OC1_SetConfig.str1.4
                0x080042cc       0x58 CMakeFiles/Imagine_Cup.elf.dir/Drivers/STM32F1xx_HAL_Driver/Src/stm32f1xx_hal_tim.c.obj
 .rodata.HAL_TIMEx_HallSensor_Init.str1.4
                0x08004324       0x5b CMakeFiles/Imagine_Cup.elf.dir/Drivers/STM32F1xx_HAL_Driver/Src/stm32f1xx_hal_tim_ex.c.obj
 *fill*         0x0800437f        0x1 
 .rodata._global_impure_ptr
                0x08004380        0x4 d:/study/stm32_project/clion/gcc-arm-none-eabi-10.3-2021.10/bin/../lib/gcc/arm-none-eabi/10.3.1/../../../../arm-none-eabi/lib/thumb/v7-m/nofp\libg.a(lib_a-impure.o)
                0x08004380                _global_impure_ptr
                0x08004384                . = ALIGN (0x4)

.rel.dyn        0x08004384        0x0
 .rel.iplt      0x08004384        0x0 d:/study/stm32_project/clion/gcc-arm-none-eabi-10.3-2021.10/bin/../lib/gcc/arm-none-eabi/10.3.1/thumb/v7-m/nofp/crtbegin.o

.ARM.extab      0x08004384        0x0
                0x08004384                . = ALIGN (0x4)
 *(.ARM.extab* .gnu.linkonce.armextab.*)
                0x08004384                . = ALIGN (0x4)

.ARM            0x08004384        0x0
                0x08004384                . = ALIGN (0x4)
                0x08004384                __exidx_start = .
 *(.ARM.exidx*)
                0x08004384                __exidx_end = .
                0x08004384                . = ALIGN (0x4)

.preinit_array  0x08004384        0x0
                0x08004384                . = ALIGN (0x4)
                0x08004384                PROVIDE (__preinit_array_start = .)
 *(.preinit_array*)
                0x08004384                PROVIDE (__preinit_array_end = .)
                0x08004384                . = ALIGN (0x4)

.init_array     0x08004384        0x8
                0x08004384                . = ALIGN (0x4)
                0x08004384                PROVIDE (__init_array_start = .)
 *(SORT_BY_NAME(.init_array.*))
 .init_array.00000
                0x08004384        0x4 d:/study/stm32_project/clion/gcc-arm-none-eabi-10.3-2021.10/bin/../lib/gcc/arm-none-eabi/10.3.1/../../../../arm-none-eabi/lib/thumb/v7-m/nofp\libg.a(lib_a-__call_atexit.o)
 *(.init_array*)
 .init_array    0x08004388        0x4 d:/study/stm32_project/clion/gcc-arm-none-eabi-10.3-2021.10/bin/../lib/gcc/arm-none-eabi/10.3.1/thumb/v7-m/nofp/crtbegin.o
                0x0800438c                PROVIDE (__init_array_end = .)
                0x0800438c                . = ALIGN (0x4)

.fini_array     0x0800438c        0x4
                0x0800438c                . = ALIGN (0x4)
                0x0800438c                PROVIDE (__fini_array_start = .)
 *(SORT_BY_NAME(.fini_array.*))
 *(.fini_array*)
 .fini_array    0x0800438c        0x4 d:/study/stm32_project/clion/gcc-arm-none-eabi-10.3-2021.10/bin/../lib/gcc/arm-none-eabi/10.3.1/thumb/v7-m/nofp/crtbegin.o
                0x08004390                PROVIDE (__fini_array_end = .)
                0x08004390                . = ALIGN (0x4)
                0x08004390                _sidata = LOADADDR (.data)

.data           0x20000000      0x44c load address 0x08004390
                0x20000000                . = ALIGN (0x4)
                0x20000000                _sdata = .
 *(.data)
 *(.data*)
 .data.SampleTimeMS
                0x20000000        0x4 CMakeFiles/Imagine_Cup.elf.dir/Core/Src/Frectest.c.obj
                0x20000000                SampleTimeMS
 .data.cap      0x20000004        0x4 CMakeFiles/Imagine_Cup.elf.dir/Core/Src/Frectest.c.obj
                0x20000004                cap
 .data.cnt      0x20000008        0x8 CMakeFiles/Imagine_Cup.elf.dir/Core/Src/Frectest.c.obj
                0x20000008                cnt
 .data.SystemCoreClock
                0x20000010        0x4 CMakeFiles/Imagine_Cup.elf.dir/Core/Src/system_stm32f1xx.c.obj
                0x20000010                SystemCoreClock
 .data.uwTickFreq
                0x20000014        0x1 CMakeFiles/Imagine_Cup.elf.dir/Drivers/STM32F1xx_HAL_Driver/Src/stm32f1xx_hal.c.obj
                0x20000014                uwTickFreq
 *fill*         0x20000015        0x3 
 .data.uwTickPrio
                0x20000018        0x4 CMakeFiles/Imagine_Cup.elf.dir/Drivers/STM32F1xx_HAL_Driver/Src/stm32f1xx_hal.c.obj
                0x20000018                uwTickPrio
 *fill*         0x2000001c        0x4 
 .data.impure_data
                0x20000020      0x428 d:/study/stm32_project/clion/gcc-arm-none-eabi-10.3-2021.10/bin/../lib/gcc/arm-none-eabi/10.3.1/../../../../arm-none-eabi/lib/thumb/v7-m/nofp\libg.a(lib_a-impure.o)
 .data.__atexit_recursive_mutex
                0x20000448        0x4 d:/study/stm32_project/clion/gcc-arm-none-eabi-10.3-2021.10/bin/../lib/gcc/arm-none-eabi/10.3.1/../../../../arm-none-eabi/lib/thumb/v7-m/nofp\libg.a(lib_a-__call_atexit.o)
                0x20000448                __atexit_recursive_mutex
 *(.RamFunc)
 *(.RamFunc*)
                0x2000044c                . = ALIGN (0x4)
                0x2000044c                _edata = .

.igot.plt       0x2000044c        0x0 load address 0x080047dc
 .igot.plt      0x2000044c        0x0 d:/study/stm32_project/clion/gcc-arm-none-eabi-10.3-2021.10/bin/../lib/gcc/arm-none-eabi/10.3.1/thumb/v7-m/nofp/crtbegin.o
                0x2000044c                . = ALIGN (0x4)

.bss            0x2000044c      0x10c load address 0x080047dc
                0x2000044c                _sbss = .
                0x2000044c                __bss_start__ = _sbss
 *(.bss)
 .bss           0x2000044c       0x1c d:/study/stm32_project/clion/gcc-arm-none-eabi-10.3-2021.10/bin/../lib/gcc/arm-none-eabi/10.3.1/thumb/v7-m/nofp/crtbegin.o
 *(.bss*)
 .bss.frec      0x20000468        0x4 CMakeFiles/Imagine_Cup.elf.dir/Core/Src/Frectest.c.obj
                0x20000468                frec
 .bss.isTiger   0x2000046c        0x1 CMakeFiles/Imagine_Cup.elf.dir/Core/Src/Frectest.c.obj
                0x2000046c                isTiger
 .bss.overflow  0x2000046d        0x1 CMakeFiles/Imagine_Cup.elf.dir/Core/Src/Frectest.c.obj
                0x2000046d                overflow
 *fill*         0x2000046e        0x2 
 .bss.resistance
                0x20000470        0x4 CMakeFiles/Imagine_Cup.elf.dir/Core/Src/Frectest.c.obj
                0x20000470                resistance
 .bss.KeyNumber
                0x20000474        0x1 CMakeFiles/Imagine_Cup.elf.dir/Core/Src/MatrixKey.c.obj
                0x20000474                KeyNumber
 .bss.LastState.0
                0x20000475        0x1 CMakeFiles/Imagine_Cup.elf.dir/Core/Src/MatrixKey.c.obj
 .bss.NewState.1
                0x20000476        0x1 CMakeFiles/Imagine_Cup.elf.dir/Core/Src/MatrixKey.c.obj
 *fill*         0x20000477        0x1 
 .bss.htim1     0x20000478       0x48 CMakeFiles/Imagine_Cup.elf.dir/Core/Src/tim.c.obj
                0x20000478                htim1
 .bss.htim2     0x200004c0       0x48 CMakeFiles/Imagine_Cup.elf.dir/Core/Src/tim.c.obj
                0x200004c0                htim2
 .bss.htim3     0x20000508       0x48 CMakeFiles/Imagine_Cup.elf.dir/Core/Src/tim.c.obj
                0x20000508                htim3
 .bss.uwTick    0x20000550        0x4 CMakeFiles/Imagine_Cup.elf.dir/Drivers/STM32F1xx_HAL_Driver/Src/stm32f1xx_hal.c.obj
                0x20000550                uwTick
 .bss.__lock___atexit_recursive_mutex
                0x20000554        0x1 d:/study/stm32_project/clion/gcc-arm-none-eabi-10.3-2021.10/bin/../lib/gcc/arm-none-eabi/10.3.1/../../../../arm-none-eabi/lib/thumb/v7-m/nofp\libg.a(lib_a-lock.o)
                0x20000554                __lock___atexit_recursive_mutex
 *(COMMON)
                0x20000558                . = ALIGN (0x4)
 *fill*         0x20000555        0x3 
                0x20000558                _ebss = .
                0x20000558                __bss_end__ = _ebss

._user_heap_stack
                0x20000558      0x600 load address 0x080047dc
                0x20000558                . = ALIGN (0x8)
                [!provide]                PROVIDE (end = .)
                0x20000558                PROVIDE (_end = .)
                0x20000758                . = (. + _Min_Heap_Size)
 *fill*         0x20000558      0x200 
                0x20000b58                . = (. + _Min_Stack_Size)
 *fill*         0x20000758      0x400 
                0x20000b58                . = ALIGN (0x8)

/DISCARD/
 libc.a(*)
 libm.a(*)
 libgcc.a(*)

.ARM.attributes
                0x00000000       0x29
 *(.ARM.attributes)
 .ARM.attributes
                0x00000000       0x1d d:/study/stm32_project/clion/gcc-arm-none-eabi-10.3-2021.10/bin/../lib/gcc/arm-none-eabi/10.3.1/thumb/v7-m/nofp/crti.o
 .ARM.attributes
                0x0000001d       0x2d d:/study/stm32_project/clion/gcc-arm-none-eabi-10.3-2021.10/bin/../lib/gcc/arm-none-eabi/10.3.1/thumb/v7-m/nofp/crtbegin.o
 .ARM.attributes
                0x0000004a       0x2d CMakeFiles/Imagine_Cup.elf.dir/Core/Src/Frectest.c.obj
 .ARM.attributes
                0x00000077       0x2d CMakeFiles/Imagine_Cup.elf.dir/Core/Src/MatrixKey.c.obj
 .ARM.attributes
                0x000000a4       0x2d CMakeFiles/Imagine_Cup.elf.dir/Core/Src/OLED.c.obj
 .ARM.attributes
                0x000000d1       0x2d CMakeFiles/Imagine_Cup.elf.dir/Core/Src/SoftWare_I2C.c.obj
 .ARM.attributes
                0x000000fe       0x2d CMakeFiles/Imagine_Cup.elf.dir/Core/Src/gpio.c.obj
 .ARM.attributes
                0x0000012b       0x2d CMakeFiles/Imagine_Cup.elf.dir/Core/Src/main.c.obj
 .ARM.attributes
                0x00000158       0x2d CMakeFiles/Imagine_Cup.elf.dir/Core/Src/stm32f1xx_hal_msp.c.obj
 .ARM.attributes
                0x00000185       0x2d CMakeFiles/Imagine_Cup.elf.dir/Core/Src/stm32f1xx_it.c.obj
 .ARM.attributes
                0x000001b2       0x2d CMakeFiles/Imagine_Cup.elf.dir/Core/Src/system_stm32f1xx.c.obj
 .ARM.attributes
                0x000001df       0x2d CMakeFiles/Imagine_Cup.elf.dir/Core/Src/tim.c.obj
 .ARM.attributes
                0x0000020c       0x21 CMakeFiles/Imagine_Cup.elf.dir/Core/Startup/startup_stm32f103c8tx.s.obj
 .ARM.attributes
                0x0000022d       0x2d CMakeFiles/Imagine_Cup.elf.dir/Drivers/STM32F1xx_HAL_Driver/Src/stm32f1xx_hal.c.obj
 .ARM.attributes
                0x0000025a       0x2d CMakeFiles/Imagine_Cup.elf.dir/Drivers/STM32F1xx_HAL_Driver/Src/stm32f1xx_hal_cortex.c.obj
 .ARM.attributes
                0x00000287       0x2d CMakeFiles/Imagine_Cup.elf.dir/Drivers/STM32F1xx_HAL_Driver/Src/stm32f1xx_hal_gpio.c.obj
 .ARM.attributes
                0x000002b4       0x2d CMakeFiles/Imagine_Cup.elf.dir/Drivers/STM32F1xx_HAL_Driver/Src/stm32f1xx_hal_rcc.c.obj
 .ARM.attributes
                0x000002e1       0x2d CMakeFiles/Imagine_Cup.elf.dir/Drivers/STM32F1xx_HAL_Driver/Src/stm32f1xx_hal_tim.c.obj
 .ARM.attributes
                0x0000030e       0x2d CMakeFiles/Imagine_Cup.elf.dir/Drivers/STM32F1xx_HAL_Driver/Src/stm32f1xx_hal_tim_ex.c.obj
 .ARM.attributes
                0x0000033b       0x1d d:/study/stm32_project/clion/gcc-arm-none-eabi-10.3-2021.10/bin/../lib/gcc/arm-none-eabi/10.3.1/thumb/v7-m/nofp\libgcc.a(_arm_addsubsf3.o)
 .ARM.attributes
                0x00000358       0x1d d:/study/stm32_project/clion/gcc-arm-none-eabi-10.3-2021.10/bin/../lib/gcc/arm-none-eabi/10.3.1/thumb/v7-m/nofp\libgcc.a(_arm_muldivsf3.o)
 .ARM.attributes
                0x00000375       0x1d d:/study/stm32_project/clion/gcc-arm-none-eabi-10.3-2021.10/bin/../lib/gcc/arm-none-eabi/10.3.1/thumb/v7-m/nofp\libgcc.a(_arm_cmpsf2.o)
 .ARM.attributes
                0x00000392       0x1d d:/study/stm32_project/clion/gcc-arm-none-eabi-10.3-2021.10/bin/../lib/gcc/arm-none-eabi/10.3.1/thumb/v7-m/nofp\libgcc.a(_arm_fixsfsi.o)
 .ARM.attributes
                0x000003af       0x2d d:/study/stm32_project/clion/gcc-arm-none-eabi-10.3-2021.10/bin/../lib/gcc/arm-none-eabi/10.3.1/../../../../arm-none-eabi/lib/thumb/v7-m/nofp\libg.a(lib_a-impure.o)
 .ARM.attributes
                0x000003dc       0x2d d:/study/stm32_project/clion/gcc-arm-none-eabi-10.3-2021.10/bin/../lib/gcc/arm-none-eabi/10.3.1/../../../../arm-none-eabi/lib/thumb/v7-m/nofp\libg.a(lib_a-init.o)
 .ARM.attributes
                0x00000409       0x2d d:/study/stm32_project/clion/gcc-arm-none-eabi-10.3-2021.10/bin/../lib/gcc/arm-none-eabi/10.3.1/../../../../arm-none-eabi/lib/thumb/v7-m/nofp\libg.a(lib_a-memset.o)
 .ARM.attributes
                0x00000436       0x2d d:/study/stm32_project/clion/gcc-arm-none-eabi-10.3-2021.10/bin/../lib/gcc/arm-none-eabi/10.3.1/../../../../arm-none-eabi/lib/thumb/v7-m/nofp\libg.a(lib_a-__call_atexit.o)
 .ARM.attributes
                0x00000463       0x2d d:/study/stm32_project/clion/gcc-arm-none-eabi-10.3-2021.10/bin/../lib/gcc/arm-none-eabi/10.3.1/../../../../arm-none-eabi/lib/thumb/v7-m/nofp\libg.a(lib_a-atexit.o)
 .ARM.attributes
                0x00000490       0x2d d:/study/stm32_project/clion/gcc-arm-none-eabi-10.3-2021.10/bin/../lib/gcc/arm-none-eabi/10.3.1/../../../../arm-none-eabi/lib/thumb/v7-m/nofp\libg.a(lib_a-fini.o)
 .ARM.attributes
                0x000004bd       0x2d d:/study/stm32_project/clion/gcc-arm-none-eabi-10.3-2021.10/bin/../lib/gcc/arm-none-eabi/10.3.1/../../../../arm-none-eabi/lib/thumb/v7-m/nofp\libg.a(lib_a-lock.o)
 .ARM.attributes
                0x000004ea       0x2d d:/study/stm32_project/clion/gcc-arm-none-eabi-10.3-2021.10/bin/../lib/gcc/arm-none-eabi/10.3.1/../../../../arm-none-eabi/lib/thumb/v7-m/nofp\libg.a(lib_a-__atexit.o)
 .ARM.attributes
                0x00000517       0x1d d:/study/stm32_project/clion/gcc-arm-none-eabi-10.3-2021.10/bin/../lib/gcc/arm-none-eabi/10.3.1/thumb/v7-m/nofp/crtn.o
OUTPUT(Imagine_Cup.elf elf32-littlearm)
LOAD linker stubs
LOAD d:/study/stm32_project/clion/gcc-arm-none-eabi-10.3-2021.10/bin/../lib/gcc/arm-none-eabi/10.3.1/../../../../arm-none-eabi/lib/thumb/v7-m/nofp\libc.a
LOAD d:/study/stm32_project/clion/gcc-arm-none-eabi-10.3-2021.10/bin/../lib/gcc/arm-none-eabi/10.3.1/../../../../arm-none-eabi/lib/thumb/v7-m/nofp\libm.a
LOAD d:/study/stm32_project/clion/gcc-arm-none-eabi-10.3-2021.10/bin/../lib/gcc/arm-none-eabi/10.3.1/thumb/v7-m/nofp\libgcc.a

.debug_info     0x00000000     0xf50f
 .debug_info    0x00000000      0x898 CMakeFiles/Imagine_Cup.elf.dir/Core/Src/Frectest.c.obj
 .debug_info    0x00000898      0x4ea CMakeFiles/Imagine_Cup.elf.dir/Core/Src/MatrixKey.c.obj
 .debug_info    0x00000d82     0x15e2 CMakeFiles/Imagine_Cup.elf.dir/Core/Src/OLED.c.obj
 .debug_info    0x00002364      0x6a3 CMakeFiles/Imagine_Cup.elf.dir/Core/Src/SoftWare_I2C.c.obj
 .debug_info    0x00002a07      0x39f CMakeFiles/Imagine_Cup.elf.dir/Core/Src/gpio.c.obj
 .debug_info    0x00002da6      0xf4e CMakeFiles/Imagine_Cup.elf.dir/Core/Src/main.c.obj
 .debug_info    0x00003cf4      0x211 CMakeFiles/Imagine_Cup.elf.dir/Core/Src/stm32f1xx_hal_msp.c.obj
 .debug_info    0x00003f05      0x793 CMakeFiles/Imagine_Cup.elf.dir/Core/Src/stm32f1xx_it.c.obj
 .debug_info    0x00004698      0x248 CMakeFiles/Imagine_Cup.elf.dir/Core/Src/system_stm32f1xx.c.obj
 .debug_info    0x000048e0      0xed3 CMakeFiles/Imagine_Cup.elf.dir/Core/Src/tim.c.obj
 .debug_info    0x000057b3       0x22 CMakeFiles/Imagine_Cup.elf.dir/Core/Startup/startup_stm32f103c8tx.s.obj
 .debug_info    0x000057d5      0x7eb CMakeFiles/Imagine_Cup.elf.dir/Drivers/STM32F1xx_HAL_Driver/Src/stm32f1xx_hal.c.obj
 .debug_info    0x00005fc0      0xee8 CMakeFiles/Imagine_Cup.elf.dir/Drivers/STM32F1xx_HAL_Driver/Src/stm32f1xx_hal_cortex.c.obj
 .debug_info    0x00006ea8      0x8ab CMakeFiles/Imagine_Cup.elf.dir/Drivers/STM32F1xx_HAL_Driver/Src/stm32f1xx_hal_gpio.c.obj
 .debug_info    0x00007753      0xcdd CMakeFiles/Imagine_Cup.elf.dir/Drivers/STM32F1xx_HAL_Driver/Src/stm32f1xx_hal_rcc.c.obj
 .debug_info    0x00008430     0x5110 CMakeFiles/Imagine_Cup.elf.dir/Drivers/STM32F1xx_HAL_Driver/Src/stm32f1xx_hal_tim.c.obj
 .debug_info    0x0000d540     0x1fcf CMakeFiles/Imagine_Cup.elf.dir/Drivers/STM32F1xx_HAL_Driver/Src/stm32f1xx_hal_tim_ex.c.obj

.debug_abbrev   0x00000000     0x1ef6
 .debug_abbrev  0x00000000      0x1e6 CMakeFiles/Imagine_Cup.elf.dir/Core/Src/Frectest.c.obj
 .debug_abbrev  0x000001e6      0x16a CMakeFiles/Imagine_Cup.elf.dir/Core/Src/MatrixKey.c.obj
 .debug_abbrev  0x00000350      0x249 CMakeFiles/Imagine_Cup.elf.dir/Core/Src/OLED.c.obj
 .debug_abbrev  0x00000599      0x168 CMakeFiles/Imagine_Cup.elf.dir/Core/Src/SoftWare_I2C.c.obj
 .debug_abbrev  0x00000701      0x13c CMakeFiles/Imagine_Cup.elf.dir/Core/Src/gpio.c.obj
 .debug_abbrev  0x0000083d      0x293 CMakeFiles/Imagine_Cup.elf.dir/Core/Src/main.c.obj
 .debug_abbrev  0x00000ad0       0xe5 CMakeFiles/Imagine_Cup.elf.dir/Core/Src/stm32f1xx_hal_msp.c.obj
 .debug_abbrev  0x00000bb5      0x195 CMakeFiles/Imagine_Cup.elf.dir/Core/Src/stm32f1xx_it.c.obj
 .debug_abbrev  0x00000d4a      0x13e CMakeFiles/Imagine_Cup.elf.dir/Core/Src/system_stm32f1xx.c.obj
 .debug_abbrev  0x00000e88      0x1ef CMakeFiles/Imagine_Cup.elf.dir/Core/Src/tim.c.obj
 .debug_abbrev  0x00001077       0x12 CMakeFiles/Imagine_Cup.elf.dir/Core/Startup/startup_stm32f103c8tx.s.obj
 .debug_abbrev  0x00001089      0x1f4 CMakeFiles/Imagine_Cup.elf.dir/Drivers/STM32F1xx_HAL_Driver/Src/stm32f1xx_hal.c.obj
 .debug_abbrev  0x0000127d      0x35e CMakeFiles/Imagine_Cup.elf.dir/Drivers/STM32F1xx_HAL_Driver/Src/stm32f1xx_hal_cortex.c.obj
 .debug_abbrev  0x000015db      0x222 CMakeFiles/Imagine_Cup.elf.dir/Drivers/STM32F1xx_HAL_Driver/Src/stm32f1xx_hal_gpio.c.obj
 .debug_abbrev  0x000017fd      0x27a CMakeFiles/Imagine_Cup.elf.dir/Drivers/STM32F1xx_HAL_Driver/Src/stm32f1xx_hal_rcc.c.obj
 .debug_abbrev  0x00001a77      0x23e CMakeFiles/Imagine_Cup.elf.dir/Drivers/STM32F1xx_HAL_Driver/Src/stm32f1xx_hal_tim.c.obj
 .debug_abbrev  0x00001cb5      0x241 CMakeFiles/Imagine_Cup.elf.dir/Drivers/STM32F1xx_HAL_Driver/Src/stm32f1xx_hal_tim_ex.c.obj

.debug_aranges  0x00000000      0xae0
 .debug_aranges
                0x00000000       0x50 CMakeFiles/Imagine_Cup.elf.dir/Core/Src/Frectest.c.obj
 .debug_aranges
                0x00000050       0x30 CMakeFiles/Imagine_Cup.elf.dir/Core/Src/MatrixKey.c.obj
 .debug_aranges
                0x00000080       0xb8 CMakeFiles/Imagine_Cup.elf.dir/Core/Src/OLED.c.obj
 .debug_aranges
                0x00000138       0x78 CMakeFiles/Imagine_Cup.elf.dir/Core/Src/SoftWare_I2C.c.obj
 .debug_aranges
                0x000001b0       0x20 CMakeFiles/Imagine_Cup.elf.dir/Core/Src/gpio.c.obj
 .debug_aranges
                0x000001d0       0x48 CMakeFiles/Imagine_Cup.elf.dir/Core/Src/main.c.obj
 .debug_aranges
                0x00000218       0x20 CMakeFiles/Imagine_Cup.elf.dir/Core/Src/stm32f1xx_hal_msp.c.obj
 .debug_aranges
                0x00000238       0x88 CMakeFiles/Imagine_Cup.elf.dir/Core/Src/stm32f1xx_it.c.obj
 .debug_aranges
                0x000002c0       0x28 CMakeFiles/Imagine_Cup.elf.dir/Core/Src/system_stm32f1xx.c.obj
 .debug_aranges
                0x000002e8       0x40 CMakeFiles/Imagine_Cup.elf.dir/Core/Src/tim.c.obj
 .debug_aranges
                0x00000328       0x28 CMakeFiles/Imagine_Cup.elf.dir/Core/Startup/startup_stm32f103c8tx.s.obj
 .debug_aranges
                0x00000350       0xe0 CMakeFiles/Imagine_Cup.elf.dir/Drivers/STM32F1xx_HAL_Driver/Src/stm32f1xx_hal.c.obj
 .debug_aranges
                0x00000430       0x90 CMakeFiles/Imagine_Cup.elf.dir/Drivers/STM32F1xx_HAL_Driver/Src/stm32f1xx_hal_cortex.c.obj
 .debug_aranges
                0x000004c0       0x58 CMakeFiles/Imagine_Cup.elf.dir/Drivers/STM32F1xx_HAL_Driver/Src/stm32f1xx_hal_gpio.c.obj
 .debug_aranges
                0x00000518       0x90 CMakeFiles/Imagine_Cup.elf.dir/Drivers/STM32F1xx_HAL_Driver/Src/stm32f1xx_hal_rcc.c.obj
 .debug_aranges
                0x000005a8      0x3d0 CMakeFiles/Imagine_Cup.elf.dir/Drivers/STM32F1xx_HAL_Driver/Src/stm32f1xx_hal_tim.c.obj
 .debug_aranges
                0x00000978      0x168 CMakeFiles/Imagine_Cup.elf.dir/Drivers/STM32F1xx_HAL_Driver/Src/stm32f1xx_hal_tim_ex.c.obj

.debug_ranges   0x00000000      0xa88
 .debug_ranges  0x00000000       0x40 CMakeFiles/Imagine_Cup.elf.dir/Core/Src/Frectest.c.obj
 .debug_ranges  0x00000040       0x20 CMakeFiles/Imagine_Cup.elf.dir/Core/Src/MatrixKey.c.obj
 .debug_ranges  0x00000060       0xa8 CMakeFiles/Imagine_Cup.elf.dir/Core/Src/OLED.c.obj
 .debug_ranges  0x00000108       0x68 CMakeFiles/Imagine_Cup.elf.dir/Core/Src/SoftWare_I2C.c.obj
 .debug_ranges  0x00000170       0x10 CMakeFiles/Imagine_Cup.elf.dir/Core/Src/gpio.c.obj
 .debug_ranges  0x00000180       0x38 CMakeFiles/Imagine_Cup.elf.dir/Core/Src/main.c.obj
 .debug_ranges  0x000001b8       0x10 CMakeFiles/Imagine_Cup.elf.dir/Core/Src/stm32f1xx_hal_msp.c.obj
 .debug_ranges  0x000001c8       0x78 CMakeFiles/Imagine_Cup.elf.dir/Core/Src/stm32f1xx_it.c.obj
 .debug_ranges  0x00000240       0x18 CMakeFiles/Imagine_Cup.elf.dir/Core/Src/system_stm32f1xx.c.obj
 .debug_ranges  0x00000258       0x30 CMakeFiles/Imagine_Cup.elf.dir/Core/Src/tim.c.obj
 .debug_ranges  0x00000288       0x20 CMakeFiles/Imagine_Cup.elf.dir/Core/Startup/startup_stm32f103c8tx.s.obj
 .debug_ranges  0x000002a8       0xd0 CMakeFiles/Imagine_Cup.elf.dir/Drivers/STM32F1xx_HAL_Driver/Src/stm32f1xx_hal.c.obj
 .debug_ranges  0x00000378      0x110 CMakeFiles/Imagine_Cup.elf.dir/Drivers/STM32F1xx_HAL_Driver/Src/stm32f1xx_hal_cortex.c.obj
 .debug_ranges  0x00000488       0x48 CMakeFiles/Imagine_Cup.elf.dir/Drivers/STM32F1xx_HAL_Driver/Src/stm32f1xx_hal_gpio.c.obj
 .debug_ranges  0x000004d0       0xa0 CMakeFiles/Imagine_Cup.elf.dir/Drivers/STM32F1xx_HAL_Driver/Src/stm32f1xx_hal_rcc.c.obj
 .debug_ranges  0x00000570      0x3c0 CMakeFiles/Imagine_Cup.elf.dir/Drivers/STM32F1xx_HAL_Driver/Src/stm32f1xx_hal_tim.c.obj
 .debug_ranges  0x00000930      0x158 CMakeFiles/Imagine_Cup.elf.dir/Drivers/STM32F1xx_HAL_Driver/Src/stm32f1xx_hal_tim_ex.c.obj

.debug_line     0x00000000     0xc800
 .debug_line    0x00000000      0x36f CMakeFiles/Imagine_Cup.elf.dir/Core/Src/Frectest.c.obj
 .debug_line    0x0000036f      0x52c CMakeFiles/Imagine_Cup.elf.dir/Core/Src/MatrixKey.c.obj
 .debug_line    0x0000089b      0xb0a CMakeFiles/Imagine_Cup.elf.dir/Core/Src/OLED.c.obj
 .debug_line    0x000013a5      0x479 CMakeFiles/Imagine_Cup.elf.dir/Core/Src/SoftWare_I2C.c.obj
 .debug_line    0x0000181e      0x2ac CMakeFiles/Imagine_Cup.elf.dir/Core/Src/gpio.c.obj
 .debug_line    0x00001aca      0x563 CMakeFiles/Imagine_Cup.elf.dir/Core/Src/main.c.obj
 .debug_line    0x0000202d      0x1b8 CMakeFiles/Imagine_Cup.elf.dir/Core/Src/stm32f1xx_hal_msp.c.obj
 .debug_line    0x000021e5      0x3ae CMakeFiles/Imagine_Cup.elf.dir/Core/Src/stm32f1xx_it.c.obj
 .debug_line    0x00002593      0x282 CMakeFiles/Imagine_Cup.elf.dir/Core/Src/system_stm32f1xx.c.obj
 .debug_line    0x00002815      0x557 CMakeFiles/Imagine_Cup.elf.dir/Core/Src/tim.c.obj
 .debug_line    0x00002d6c       0xa7 CMakeFiles/Imagine_Cup.elf.dir/Core/Startup/startup_stm32f103c8tx.s.obj
 .debug_line    0x00002e13      0x60b CMakeFiles/Imagine_Cup.elf.dir/Drivers/STM32F1xx_HAL_Driver/Src/stm32f1xx_hal.c.obj
 .debug_line    0x0000341e      0x7a8 CMakeFiles/Imagine_Cup.elf.dir/Drivers/STM32F1xx_HAL_Driver/Src/stm32f1xx_hal_cortex.c.obj
 .debug_line    0x00003bc6      0x7a4 CMakeFiles/Imagine_Cup.elf.dir/Drivers/STM32F1xx_HAL_Driver/Src/stm32f1xx_hal_gpio.c.obj
 .debug_line    0x0000436a      0xe79 CMakeFiles/Imagine_Cup.elf.dir/Drivers/STM32F1xx_HAL_Driver/Src/stm32f1xx_hal_rcc.c.obj
 .debug_line    0x000051e3     0x56ae CMakeFiles/Imagine_Cup.elf.dir/Drivers/STM32F1xx_HAL_Driver/Src/stm32f1xx_hal_tim.c.obj
 .debug_line    0x0000a891     0x1f6f CMakeFiles/Imagine_Cup.elf.dir/Drivers/STM32F1xx_HAL_Driver/Src/stm32f1xx_hal_tim_ex.c.obj

.debug_str      0x00000000     0x3329
 .debug_str     0x00000000      0x73a CMakeFiles/Imagine_Cup.elf.dir/Core/Src/Frectest.c.obj
                                0x7f4 (size before relaxing)
 .debug_str     0x0000073a       0xe9 CMakeFiles/Imagine_Cup.elf.dir/Core/Src/MatrixKey.c.obj
                                0x2a1 (size before relaxing)
 .debug_str     0x00000823      0x256 CMakeFiles/Imagine_Cup.elf.dir/Core/Src/OLED.c.obj
                                0x412 (size before relaxing)
 .debug_str     0x00000a79       0xa3 CMakeFiles/Imagine_Cup.elf.dir/Core/Src/SoftWare_I2C.c.obj
                                0x2fa (size before relaxing)
 .debug_str     0x00000b1c       0xc0 CMakeFiles/Imagine_Cup.elf.dir/Core/Src/gpio.c.obj
                                0x2bb (size before relaxing)
 .debug_str     0x00000bdc      0x296 CMakeFiles/Imagine_Cup.elf.dir/Core/Src/main.c.obj
                                0xa03 (size before relaxing)
 .debug_str     0x00000e72       0x7a CMakeFiles/Imagine_Cup.elf.dir/Core/Src/stm32f1xx_hal_msp.c.obj
                                0x25d (size before relaxing)
 .debug_str     0x00000eec      0x149 CMakeFiles/Imagine_Cup.elf.dir/Core/Src/stm32f1xx_it.c.obj
                                0x7ac (size before relaxing)
 .debug_str     0x00001035       0x9e CMakeFiles/Imagine_Cup.elf.dir/Core/Src/system_stm32f1xx.c.obj
                                0x292 (size before relaxing)
 .debug_str     0x000010d3      0x4f8 CMakeFiles/Imagine_Cup.elf.dir/Core/Src/tim.c.obj
                                0xc77 (size before relaxing)
 .debug_str     0x000015cb       0x56 CMakeFiles/Imagine_Cup.elf.dir/Core/Startup/startup_stm32f103c8tx.s.obj
                                 0x8b (size before relaxing)
 .debug_str     0x00001621      0x32e CMakeFiles/Imagine_Cup.elf.dir/Drivers/STM32F1xx_HAL_Driver/Src/stm32f1xx_hal.c.obj
                                0x882 (size before relaxing)
 .debug_str     0x0000194f      0x3be CMakeFiles/Imagine_Cup.elf.dir/Drivers/STM32F1xx_HAL_Driver/Src/stm32f1xx_hal_cortex.c.obj
                                0x91f (size before relaxing)
 .debug_str     0x00001d0d      0x124 CMakeFiles/Imagine_Cup.elf.dir/Drivers/STM32F1xx_HAL_Driver/Src/stm32f1xx_hal_gpio.c.obj
                                0x45e (size before relaxing)
 .debug_str     0x00001e31      0x214 CMakeFiles/Imagine_Cup.elf.dir/Drivers/STM32F1xx_HAL_Driver/Src/stm32f1xx_hal_rcc.c.obj
                                0x677 (size before relaxing)
 .debug_str     0x00002045      0xda0 CMakeFiles/Imagine_Cup.elf.dir/Drivers/STM32F1xx_HAL_Driver/Src/stm32f1xx_hal_tim.c.obj
                               0x1696 (size before relaxing)
 .debug_str     0x00002de5      0x544 CMakeFiles/Imagine_Cup.elf.dir/Drivers/STM32F1xx_HAL_Driver/Src/stm32f1xx_hal_tim_ex.c.obj
                                0xe97 (size before relaxing)

.comment        0x00000000       0x49
 .comment       0x00000000       0x49 CMakeFiles/Imagine_Cup.elf.dir/Core/Src/Frectest.c.obj
                                 0x4a (size before relaxing)
 .comment       0x00000049       0x4a CMakeFiles/Imagine_Cup.elf.dir/Core/Src/MatrixKey.c.obj
 .comment       0x00000049       0x4a CMakeFiles/Imagine_Cup.elf.dir/Core/Src/OLED.c.obj
 .comment       0x00000049       0x4a CMakeFiles/Imagine_Cup.elf.dir/Core/Src/SoftWare_I2C.c.obj
 .comment       0x00000049       0x4a CMakeFiles/Imagine_Cup.elf.dir/Core/Src/gpio.c.obj
 .comment       0x00000049       0x4a CMakeFiles/Imagine_Cup.elf.dir/Core/Src/main.c.obj
 .comment       0x00000049       0x4a CMakeFiles/Imagine_Cup.elf.dir/Core/Src/stm32f1xx_hal_msp.c.obj
 .comment       0x00000049       0x4a CMakeFiles/Imagine_Cup.elf.dir/Core/Src/stm32f1xx_it.c.obj
 .comment       0x00000049       0x4a CMakeFiles/Imagine_Cup.elf.dir/Core/Src/system_stm32f1xx.c.obj
 .comment       0x00000049       0x4a CMakeFiles/Imagine_Cup.elf.dir/Core/Src/tim.c.obj
 .comment       0x00000049       0x4a CMakeFiles/Imagine_Cup.elf.dir/Drivers/STM32F1xx_HAL_Driver/Src/stm32f1xx_hal.c.obj
 .comment       0x00000049       0x4a CMakeFiles/Imagine_Cup.elf.dir/Drivers/STM32F1xx_HAL_Driver/Src/stm32f1xx_hal_cortex.c.obj
 .comment       0x00000049       0x4a CMakeFiles/Imagine_Cup.elf.dir/Drivers/STM32F1xx_HAL_Driver/Src/stm32f1xx_hal_gpio.c.obj
 .comment       0x00000049       0x4a CMakeFiles/Imagine_Cup.elf.dir/Drivers/STM32F1xx_HAL_Driver/Src/stm32f1xx_hal_rcc.c.obj
 .comment       0x00000049       0x4a CMakeFiles/Imagine_Cup.elf.dir/Drivers/STM32F1xx_HAL_Driver/Src/stm32f1xx_hal_tim.c.obj
 .comment       0x00000049       0x4a CMakeFiles/Imagine_Cup.elf.dir/Drivers/STM32F1xx_HAL_Driver/Src/stm32f1xx_hal_tim_ex.c.obj

.debug_frame    0x00000000     0x210c
 .debug_frame   0x00000000       0xa8 CMakeFiles/Imagine_Cup.elf.dir/Core/Src/Frectest.c.obj
 .debug_frame   0x000000a8       0x58 CMakeFiles/Imagine_Cup.elf.dir/Core/Src/MatrixKey.c.obj
 .debug_frame   0x00000100      0x280 CMakeFiles/Imagine_Cup.elf.dir/Core/Src/OLED.c.obj
 .debug_frame   0x00000380      0x134 CMakeFiles/Imagine_Cup.elf.dir/Core/Src/SoftWare_I2C.c.obj
 .debug_frame   0x000004b4       0x38 CMakeFiles/Imagine_Cup.elf.dir/Core/Src/gpio.c.obj
 .debug_frame   0x000004ec       0xa0 CMakeFiles/Imagine_Cup.elf.dir/Core/Src/main.c.obj
 .debug_frame   0x0000058c       0x28 CMakeFiles/Imagine_Cup.elf.dir/Core/Src/stm32f1xx_hal_msp.c.obj
 .debug_frame   0x000005b4      0x120 CMakeFiles/Imagine_Cup.elf.dir/Core/Src/stm32f1xx_it.c.obj
 .debug_frame   0x000006d4       0x30 CMakeFiles/Imagine_Cup.elf.dir/Core/Src/system_stm32f1xx.c.obj
 .debug_frame   0x00000704       0xa8 CMakeFiles/Imagine_Cup.elf.dir/Core/Src/tim.c.obj
 .debug_frame   0x000007ac      0x1d0 CMakeFiles/Imagine_Cup.elf.dir/Drivers/STM32F1xx_HAL_Driver/Src/stm32f1xx_hal.c.obj
 .debug_frame   0x0000097c      0x164 CMakeFiles/Imagine_Cup.elf.dir/Drivers/STM32F1xx_HAL_Driver/Src/stm32f1xx_hal_cortex.c.obj
 .debug_frame   0x00000ae0       0xfc CMakeFiles/Imagine_Cup.elf.dir/Drivers/STM32F1xx_HAL_Driver/Src/stm32f1xx_hal_gpio.c.obj
 .debug_frame   0x00000bdc      0x1a8 CMakeFiles/Imagine_Cup.elf.dir/Drivers/STM32F1xx_HAL_Driver/Src/stm32f1xx_hal_rcc.c.obj
 .debug_frame   0x00000d84      0xbcc CMakeFiles/Imagine_Cup.elf.dir/Drivers/STM32F1xx_HAL_Driver/Src/stm32f1xx_hal_tim.c.obj
 .debug_frame   0x00001950      0x460 CMakeFiles/Imagine_Cup.elf.dir/Drivers/STM32F1xx_HAL_Driver/Src/stm32f1xx_hal_tim_ex.c.obj
 .debug_frame   0x00001db0       0x4c d:/study/stm32_project/clion/gcc-arm-none-eabi-10.3-2021.10/bin/../lib/gcc/arm-none-eabi/10.3.1/thumb/v7-m/nofp\libgcc.a(_arm_addsubsf3.o)
 .debug_frame   0x00001dfc       0x38 d:/study/stm32_project/clion/gcc-arm-none-eabi-10.3-2021.10/bin/../lib/gcc/arm-none-eabi/10.3.1/thumb/v7-m/nofp\libgcc.a(_arm_muldivsf3.o)
 .debug_frame   0x00001e34       0xc8 d:/study/stm32_project/clion/gcc-arm-none-eabi-10.3-2021.10/bin/../lib/gcc/arm-none-eabi/10.3.1/thumb/v7-m/nofp\libgcc.a(_arm_cmpsf2.o)
 .debug_frame   0x00001efc       0x24 d:/study/stm32_project/clion/gcc-arm-none-eabi-10.3-2021.10/bin/../lib/gcc/arm-none-eabi/10.3.1/thumb/v7-m/nofp\libgcc.a(_arm_fixsfsi.o)
 .debug_frame   0x00001f20       0x2c d:/study/stm32_project/clion/gcc-arm-none-eabi-10.3-2021.10/bin/../lib/gcc/arm-none-eabi/10.3.1/../../../../arm-none-eabi/lib/thumb/v7-m/nofp\libg.a(lib_a-init.o)
 .debug_frame   0x00001f4c       0x2c d:/study/stm32_project/clion/gcc-arm-none-eabi-10.3-2021.10/bin/../lib/gcc/arm-none-eabi/10.3.1/../../../../arm-none-eabi/lib/thumb/v7-m/nofp\libg.a(lib_a-memset.o)
 .debug_frame   0x00001f78       0x5c d:/study/stm32_project/clion/gcc-arm-none-eabi-10.3-2021.10/bin/../lib/gcc/arm-none-eabi/10.3.1/../../../../arm-none-eabi/lib/thumb/v7-m/nofp\libg.a(lib_a-__call_atexit.o)
 .debug_frame   0x00001fd4       0x20 d:/study/stm32_project/clion/gcc-arm-none-eabi-10.3-2021.10/bin/../lib/gcc/arm-none-eabi/10.3.1/../../../../arm-none-eabi/lib/thumb/v7-m/nofp\libg.a(lib_a-atexit.o)
 .debug_frame   0x00001ff4       0x34 d:/study/stm32_project/clion/gcc-arm-none-eabi-10.3-2021.10/bin/../lib/gcc/arm-none-eabi/10.3.1/../../../../arm-none-eabi/lib/thumb/v7-m/nofp\libg.a(lib_a-fini.o)
 .debug_frame   0x00002028       0xb0 d:/study/stm32_project/clion/gcc-arm-none-eabi-10.3-2021.10/bin/../lib/gcc/arm-none-eabi/10.3.1/../../../../arm-none-eabi/lib/thumb/v7-m/nofp\libg.a(lib_a-lock.o)
 .debug_frame   0x000020d8       0x34 d:/study/stm32_project/clion/gcc-arm-none-eabi-10.3-2021.10/bin/../lib/gcc/arm-none-eabi/10.3.1/../../../../arm-none-eabi/lib/thumb/v7-m/nofp\libg.a(lib_a-__atexit.o)

.debug_loc      0x00000000     0x76c3
 .debug_loc     0x00000000       0x4b CMakeFiles/Imagine_Cup.elf.dir/Core/Src/MatrixKey.c.obj
 .debug_loc     0x0000004b     0x101b CMakeFiles/Imagine_Cup.elf.dir/Core/Src/OLED.c.obj
 .debug_loc     0x00001066      0x1b3 CMakeFiles/Imagine_Cup.elf.dir/Core/Src/SoftWare_I2C.c.obj
 .debug_loc     0x00001219      0x1ab CMakeFiles/Imagine_Cup.elf.dir/Core/Src/main.c.obj
 .debug_loc     0x000013c4       0x15 CMakeFiles/Imagine_Cup.elf.dir/Core/Src/stm32f1xx_hal_msp.c.obj
 .debug_loc     0x000013d9       0xff CMakeFiles/Imagine_Cup.elf.dir/Core/Src/system_stm32f1xx.c.obj
 .debug_loc     0x000014d8       0xf8 CMakeFiles/Imagine_Cup.elf.dir/Core/Src/tim.c.obj
 .debug_loc     0x000015d0      0x130 CMakeFiles/Imagine_Cup.elf.dir/Drivers/STM32F1xx_HAL_Driver/Src/stm32f1xx_hal.c.obj
 .debug_loc     0x00001700      0x8cd CMakeFiles/Imagine_Cup.elf.dir/Drivers/STM32F1xx_HAL_Driver/Src/stm32f1xx_hal_cortex.c.obj
 .debug_loc     0x00001fcd      0x5a9 CMakeFiles/Imagine_Cup.elf.dir/Drivers/STM32F1xx_HAL_Driver/Src/stm32f1xx_hal_gpio.c.obj
 .debug_loc     0x00002576      0x71c CMakeFiles/Imagine_Cup.elf.dir/Drivers/STM32F1xx_HAL_Driver/Src/stm32f1xx_hal_rcc.c.obj
 .debug_loc     0x00002c92     0x3514 CMakeFiles/Imagine_Cup.elf.dir/Drivers/STM32F1xx_HAL_Driver/Src/stm32f1xx_hal_tim.c.obj
 .debug_loc     0x000061a6     0x151d CMakeFiles/Imagine_Cup.elf.dir/Drivers/STM32F1xx_HAL_Driver/Src/stm32f1xx_hal_tim_ex.c.obj
