Archive member included to satisfy reference by file (symbol)

/Applications/ArmGNUToolchain/12.2.mpacbti-rel1/arm-none-eabi/bin/../lib/gcc/arm-none-eabi/12.2.1/thumb/v7-m/nofp/libgcc.a(_arm_mulsf3.o)
                              CMakeFiles/Imagine_Cup.elf.dir/Core/Src/OLED.c.obj (__aeabi_fmul)
/Applications/ArmGNUToolchain/12.2.mpacbti-rel1/arm-none-eabi/bin/../lib/gcc/arm-none-eabi/12.2.1/thumb/v7-m/nofp/libgcc.a(_arm_addsubdf3.o)
                              CMakeFiles/Imagine_Cup.elf.dir/Core/Src/Frectest.c.obj (__aeabi_ul2d)
/Applications/ArmGNUToolchain/12.2.mpacbti-rel1/arm-none-eabi/bin/../lib/gcc/arm-none-eabi/12.2.1/thumb/v7-m/nofp/libgcc.a(_arm_muldivdf3.o)
                              CMakeFiles/Imagine_Cup.elf.dir/Core/Src/Frectest.c.obj (__aeabi_ddiv)
/Applications/ArmGNUToolchain/12.2.mpacbti-rel1/arm-none-eabi/bin/../lib/gcc/arm-none-eabi/12.2.1/thumb/v7-m/nofp/libgcc.a(_arm_truncdfsf2.o)
                              CMakeFiles/Imagine_Cup.elf.dir/Core/Src/Frectest.c.obj (__aeabi_d2f)
/Applications/ArmGNUToolchain/12.2.mpacbti-rel1/arm-none-eabi/bin/../lib/gcc/arm-none-eabi/12.2.1/thumb/v7-m/nofp/libgcc.a(_arm_addsubsf3.o)
                              CMakeFiles/Imagine_Cup.elf.dir/Core/Src/Frectest.c.obj (__aeabi_fsub)
/Applications/ArmGNUToolchain/12.2.mpacbti-rel1/arm-none-eabi/bin/../lib/gcc/arm-none-eabi/12.2.1/thumb/v7-m/nofp/libgcc.a(_arm_muldivsf3.o)
                              CMakeFiles/Imagine_Cup.elf.dir/Core/Src/Frectest.c.obj (__aeabi_fdiv)
/Applications/ArmGNUToolchain/12.2.mpacbti-rel1/arm-none-eabi/bin/../lib/gcc/arm-none-eabi/12.2.1/thumb/v7-m/nofp/libgcc.a(_arm_fixsfsi.o)
                              CMakeFiles/Imagine_Cup.elf.dir/Core/Src/OLED.c.obj (__aeabi_f2iz)
/Applications/ArmGNUToolchain/12.2.mpacbti-rel1/arm-none-eabi/bin/../lib/gcc/arm-none-eabi/12.2.1/../../../../arm-none-eabi/lib/thumb/v7-m/nofp/libg.a(libc_a-exit.o)
                              /Applications/ArmGNUToolchain/12.2.mpacbti-rel1/arm-none-eabi/bin/../lib/gcc/arm-none-eabi/12.2.1/../../../../arm-none-eabi/lib/thumb/v7-m/nofp/crt0.o (exit)
/Applications/ArmGNUToolchain/12.2.mpacbti-rel1/arm-none-eabi/bin/../lib/gcc/arm-none-eabi/12.2.1/../../../../arm-none-eabi/lib/thumb/v7-m/nofp/libg.a(libc_a-findfp.o)
                              /Applications/ArmGNUToolchain/12.2.mpacbti-rel1/arm-none-eabi/bin/../lib/gcc/arm-none-eabi/12.2.1/../../../../arm-none-eabi/lib/thumb/v7-m/nofp/libg.a(libc_a-exit.o) (__stdio_exit_handler)
/Applications/ArmGNUToolchain/12.2.mpacbti-rel1/arm-none-eabi/bin/../lib/gcc/arm-none-eabi/12.2.1/../../../../arm-none-eabi/lib/thumb/v7-m/nofp/libg.a(libc_a-fwalk.o)
                              /Applications/ArmGNUToolchain/12.2.mpacbti-rel1/arm-none-eabi/bin/../lib/gcc/arm-none-eabi/12.2.1/../../../../arm-none-eabi/lib/thumb/v7-m/nofp/libg.a(libc_a-findfp.o) (_fwalk_sglue)
/Applications/ArmGNUToolchain/12.2.mpacbti-rel1/arm-none-eabi/bin/../lib/gcc/arm-none-eabi/12.2.1/../../../../arm-none-eabi/lib/thumb/v7-m/nofp/libg.a(libc_a-memset.o)
                              /Applications/ArmGNUToolchain/12.2.mpacbti-rel1/arm-none-eabi/bin/../lib/gcc/arm-none-eabi/12.2.1/../../../../arm-none-eabi/lib/thumb/v7-m/nofp/crt0.o (memset)
/Applications/ArmGNUToolchain/12.2.mpacbti-rel1/arm-none-eabi/bin/../lib/gcc/arm-none-eabi/12.2.1/../../../../arm-none-eabi/lib/thumb/v7-m/nofp/libg.a(libc_a-impure.o)
                              /Applications/ArmGNUToolchain/12.2.mpacbti-rel1/arm-none-eabi/bin/../lib/gcc/arm-none-eabi/12.2.1/../../../../arm-none-eabi/lib/thumb/v7-m/nofp/libg.a(libc_a-findfp.o) (_impure_data)
/Applications/ArmGNUToolchain/12.2.mpacbti-rel1/arm-none-eabi/bin/../lib/gcc/arm-none-eabi/12.2.1/../../../../arm-none-eabi/lib/thumb/v7-m/nofp/libg.a(libc_a-errno.o)
                              CMakeFiles/Imagine_Cup.elf.dir/Core/Src/syscalls.c.obj (__errno)
/Applications/ArmGNUToolchain/12.2.mpacbti-rel1/arm-none-eabi/bin/../lib/gcc/arm-none-eabi/12.2.1/../../../../arm-none-eabi/lib/thumb/v7-m/nofp/libg.a(libc_a-init.o)
                              /Applications/ArmGNUToolchain/12.2.mpacbti-rel1/arm-none-eabi/bin/../lib/gcc/arm-none-eabi/12.2.1/../../../../arm-none-eabi/lib/thumb/v7-m/nofp/crt0.o (__libc_init_array)
/Applications/ArmGNUToolchain/12.2.mpacbti-rel1/arm-none-eabi/bin/../lib/gcc/arm-none-eabi/12.2.1/../../../../arm-none-eabi/lib/thumb/v7-m/nofp/libg.a(libc_a-lock.o)
                              /Applications/ArmGNUToolchain/12.2.mpacbti-rel1/arm-none-eabi/bin/../lib/gcc/arm-none-eabi/12.2.1/../../../../arm-none-eabi/lib/thumb/v7-m/nofp/libg.a(libc_a-findfp.o) (__retarget_lock_init_recursive)
/Applications/ArmGNUToolchain/12.2.mpacbti-rel1/arm-none-eabi/bin/../lib/gcc/arm-none-eabi/12.2.1/../../../../arm-none-eabi/lib/thumb/v7-m/nofp/libg.a(libc_a-__call_atexit.o)
[...]
Memory Configuration

Name             Origin             Length             Attributes
RAM              0x20000000         0x00005000         xrw
FLASH            0x08000000         0x00010000         xr
*default*        0x00000000         0xffffffff

Linker script and memory map

LOAD /Applications/ArmGNUToolchain/12.2.mpacbti-rel1/arm-none-eabi/bin/../lib/gcc/arm-none-eabi/12.2.1/thumb/v7-m/nofp/crti.o
LOAD /Applications/ArmGNUToolchain/12.2.mpacbti-rel1/arm-none-eabi/bin/../lib/gcc/arm-none-eabi/12.2.1/thumb/v7-m/nofp/crtbegin.o
LOAD /Applications/ArmGNUToolchain/12.2.mpacbti-rel1/arm-none-eabi/bin/../lib/gcc/arm-none-eabi/12.2.1/../../../../arm-none-eabi/lib/thumb/v7-m/nofp/crt0.o
LOAD CMakeFiles/Imagine_Cup.elf.dir/Core/Src/Frectest.c.obj
LOAD CMakeFiles/Imagine_Cup.elf.dir/Core/Src/MatrixKey.c.obj
LOAD CMakeFiles/Imagine_Cup.elf.dir/Core/Src/OLED.c.obj
LOAD CMakeFiles/Imagine_Cup.elf.dir/Core/Src/SoftWare_I2C.c.obj
LOAD CMakeFiles/Imagine_Cup.elf.dir/Core/Src/gpio.c.obj
LOAD CMakeFiles/Imagine_Cup.elf.dir/Core/Src/main.c.obj
LOAD CMakeFiles/Imagine_Cup.elf.dir/Core/Src/stm32f1xx_hal_msp.c.obj
LOAD CMakeFiles/Imagine_Cup.elf.dir/Core/Src/stm32f1xx_it.c.obj
LOAD CMakeFiles/Imagine_Cup.elf.dir/Core/Src/syscalls.c.obj
LOAD CMakeFiles/Imagine_Cup.elf.dir/Core/Src/sysmem.c.obj
LOAD CMakeFiles/Imagine_Cup.elf.dir/Core/Src/system_stm32f1xx.c.obj
LOAD CMakeFiles/Imagine_Cup.elf.dir/Core/Src/tim.c.obj
LOAD CMakeFiles/Imagine_Cup.elf.dir/Core/Startup/startup_stm32f103c8tx.s.obj
LOAD CMakeFiles/Imagine_Cup.elf.dir/Drivers/STM32F1xx_HAL_Driver/Src/stm32f1xx_hal.c.obj
LOAD CMakeFiles/Imagine_Cup.elf.dir/Drivers/STM32F1xx_HAL_Driver/Src/stm32f1xx_hal_cortex.c.obj
LOAD CMakeFiles/Imagine_Cup.elf.dir/Drivers/STM32F1xx_HAL_Driver/Src/stm32f1xx_hal_dma.c.obj
LOAD CMakeFiles/Imagine_Cup.elf.dir/Drivers/STM32F1xx_HAL_Driver/Src/stm32f1xx_hal_exti.c.obj
LOAD CMakeFiles/Imagine_Cup.elf.dir/Drivers/STM32F1xx_HAL_Driver/Src/stm32f1xx_hal_flash.c.obj
LOAD CMakeFiles/Imagine_Cup.elf.dir/Drivers/STM32F1xx_HAL_Driver/Src/stm32f1xx_hal_flash_ex.c.obj
LOAD CMakeFiles/Imagine_Cup.elf.dir/Drivers/STM32F1xx_HAL_Driver/Src/stm32f1xx_hal_gpio.c.obj
LOAD CMakeFiles/Imagine_Cup.elf.dir/Drivers/STM32F1xx_HAL_Driver/Src/stm32f1xx_hal_gpio_ex.c.obj
LOAD CMakeFiles/Imagine_Cup.elf.dir/Drivers/STM32F1xx_HAL_Driver/Src/stm32f1xx_hal_pwr.c.obj
LOAD CMakeFiles/Imagine_Cup.elf.dir/Drivers/STM32F1xx_HAL_Driver/Src/stm32f1xx_hal_rcc.c.obj
LOAD CMakeFiles/Imagine_Cup.elf.dir/Drivers/STM32F1xx_HAL_Driver/Src/stm32f1xx_hal_rcc_ex.c.obj
LOAD CMakeFiles/Imagine_Cup.elf.dir/Drivers/STM32F1xx_HAL_Driver/Src/stm32f1xx_hal_tim.c.obj
LOAD CMakeFiles/Imagine_Cup.elf.dir/Drivers/STM32F1xx_HAL_Driver/Src/stm32f1xx_hal_tim_ex.c.obj
START GROUP
LOAD /Applications/ArmGNUToolchain/12.2.mpacbti-rel1/arm-none-eabi/bin/../lib/gcc/arm-none-eabi/12.2.1/thumb/v7-m/nofp/libgcc.a
LOAD /Applications/ArmGNUToolchain/12.2.mpacbti-rel1/arm-none-eabi/bin/../lib/gcc/arm-none-eabi/12.2.1/../../../../arm-none-eabi/lib/thumb/v7-m/nofp/libg.a
LOAD /Applications/ArmGNUToolchain/12.2.mpacbti-rel1/arm-none-eabi/bin/../lib/gcc/arm-none-eabi/12.2.1/../../../../arm-none-eabi/lib/thumb/v7-m/nofp/libc.a
END GROUP
LOAD /Applications/ArmGNUToolchain/12.2.mpacbti-rel1/arm-none-eabi/bin/../lib/gcc/arm-none-eabi/12.2.1/thumb/v7-m/nofp/crtend.o
LOAD /Applications/ArmGNUToolchain/12.2.mpacbti-rel1/arm-none-eabi/bin/../lib/gcc/arm-none-eabi/12.2.1/thumb/v7-m/nofp/crtn.o
                0x20005000                        _estack = (ORIGIN (RAM) + LENGTH (RAM))
                0x00000200                        _Min_Heap_Size = 0x200
                0x00000400                        _Min_Stack_Size = 0x400

.isr_vector     0x08000000      0x10c
                0x08000000                        . = ALIGN (0x4)
 *(.isr_vector)
 .isr_vector    0x08000000      0x10c CMakeFiles/Imagine_Cup.elf.dir/Core/Startup/startup_stm32f103c8tx.s.obj
                0x08000000                g_pfnVectors
                0x0800010c                        . = ALIGN (0x4)

.text           0x08000110     0x37dc
                0x08000110                        . = ALIGN (0x4)
 *(.text)
 .text          0x08000110      0x378 /Applications/ArmGNUToolchain/12.2.mpacbti-rel1/arm-none-eabi/bin/../lib/gcc/arm-none-eabi/12.2.1/thumb/v7-m/nofp/libgcc.a(_arm_addsubdf3.o)
                0x08000110                __aeabi_drsub
                0x08000118                __subdf3
                0x08000118                __aeabi_dsub
                0x0800011c                __aeabi_dadd
                0x0800011c                __adddf3
                0x08000394                __aeabi_ui2d
                0x08000394                __floatunsidf
                0x080003b4                __floatsidf
                0x080003b4                __aeabi_i2d
                0x080003d8                __extendsfdf2
                0x080003d8                __aeabi_f2d
                0x0800041c                __aeabi_ul2d
                0x0800041c                __floatundidf
                0x0800042c                __aeabi_l2d
                0x0800042c                __floatdidf
 .text          0x08000488      0x424 /Applications/ArmGNUToolchain/12.2.mpacbti-rel1/arm-none-eabi/bin/../lib/gcc/arm-none-eabi/12.2.1/thumb/v7-m/nofp/libgcc.a(_arm_muldivdf3.o)
                0x08000488                __aeabi_dmul
                0x08000488                __muldf3
                0x080006dc                __aeabi_ddiv
                0x080006dc                __divdf3
 .text          0x080008ac       0xa0 /Applications/ArmGNUToolchain/12.2.mpacbti-rel1/arm-none-eabi/bin/../lib/gcc/arm-none-eabi/12.2.1/thumb/v7-m/nofp/libgcc.a(_arm_truncdfsf2.o)
                0x080008ac                __aeabi_d2f
                0x080008ac                __truncdfsf2
 .text          0x0800094c      0x21c /Applications/ArmGNUToolchain/12.2.mpacbti-rel1/arm-none-eabi/bin/../lib/gcc/arm-none-eabi/12.2.1/thumb/v7-m/nofp/libgcc.a(_arm_addsubsf3.o)
                0x0800094c                __aeabi_frsub
                0x08000954                __aeabi_fsub
                0x08000954                __subsf3
                0x08000958                __aeabi_fadd
                0x08000958                __addsf3
                0x08000ab8                __aeabi_ui2f
                0x08000ab8                __floatunsisf
                0x08000ac0                __floatsisf
                0x08000ac0                __aeabi_i2f
                0x08000adc                __aeabi_ul2f
                0x08000adc                __floatundisf
                0x08000aec                __aeabi_l2f
                0x08000aec                __floatdisf
 .text          0x08000b68      0x2a0 /Applications/ArmGNUToolchain/12.2.mpacbti-rel1/arm-none-eabi/bin/../lib/gcc/arm-none-eabi/12.2.1/thumb/v7-m/nofp/libgcc.a(_arm_muldivsf3.o)
                0x08000b68                __mulsf3
                0x08000b68                __aeabi_fmul
                0x08000cd0                __divsf3
                0x08000cd0                __aeabi_fdiv
 *(.text*)
 .text.deregister_tm_clones
                0x08000e08       0x1c /Applications/ArmGNUToolchain/12.2.mpacbti-rel1/arm-none-eabi/bin/../lib/gcc/arm-none-eabi/12.2.1/thumb/v7-m/nofp/crtbegin.o
 .text.register_tm_clones
                0x08000e24       0x24 /Applications/ArmGNUToolchain/12.2.mpacbti-rel1/arm-none-eabi/bin/../lib/gcc/arm-none-eabi/12.2.1/thumb/v7-m/nofp/crtbegin.o
 .text.__do_global_dtors_aux
                0x08000e48       0x28 /Applications/ArmGNUToolchain/12.2.mpacbti-rel1/arm-none-eabi/bin/../lib/gcc/arm-none-eabi/12.2.1/thumb/v7-m/nofp/crtbegin.o
 .text.frame_dummy
                0x08000e70       0x24 /Applications/ArmGNUToolchain/12.2.mpacbti-rel1/arm-none-eabi/bin/../lib/gcc/arm-none-eabi/12.2.1/thumb/v7-m/nofp/crtbegin.o
 .text.Frec_init
                0x08000e94       0x20 CMakeFiles/Imagine_Cup.elf.dir/Core/Src/Frectest.c.obj
                0x08000e94                Frec_init
 .text.Frec_Start_Test
                0x08000eb4       0x48 CMakeFiles/Imagine_Cup.elf.dir/Core/Src/Frectest.c.obj
                0x08000eb4                Frec_Start_Test
 .text.Frec_Overflow_Handle
                0x08000efc       0x10 CMakeFiles/Imagine_Cup.elf.dir/Core/Src/Frectest.c.obj
                0x08000efc                Frec_Overflow_Handle
 .text.Frec_Cal_Resistance
                0x08000f0c       0x34 CMakeFiles/Imagine_Cup.elf.dir/Core/Src/Frectest.c.obj
                0x08000f0c                Frec_Cal_Resistance
 .text.Frec_Trec_TIMer_Handle
                0x08000f40       0x80 CMakeFiles/Imagine_Cup.elf.dir/Core/Src/Frectest.c.obj
                0x08000f40                Frec_Trec_TIMer_Handle
 .text.MatrixKey_GetState
                0x08000fc0      0x160 CMakeFiles/Imagine_Cup.elf.dir/Core/Src/MatrixKey.c.obj
                0x08000fc0                MatrixKey_GetState
 .text.MatrixKey
                0x08001120        0xc CMakeFiles/Imagine_Cup.elf.dir/Core/Src/MatrixKey.c.obj
                0x08001120                MatrixKey
 .text.MatrixKey_Loop
                0x0800112c      0x120 CMakeFiles/Imagine_Cup.elf.dir/Core/Src/MatrixKey.c.obj
                0x0800112c                MatrixKey_Loop
 .text.OLED_WritrDate
                0x0800124c       0x2c CMakeFiles/Imagine_Cup.elf.dir/Core/Src/OLED.c.obj
                0x0800124c                OLED_WritrDate
 .text.OLED_WriteCommand
                0x08001278       0x2c CMakeFiles/Imagine_Cup.elf.dir/Core/Src/OLED.c.obj
                0x08001278                OLED_WriteCommand
 .text.OLED_WR_Byte
                0x080012a4       0x12 CMakeFiles/Imagine_Cup.elf.dir/Core/Src/OLED.c.obj
                0x080012a4                OLED_WR_Byte
 .text.OLED_Set_Pos
                0x080012b6       0x28 CMakeFiles/Imagine_Cup.elf.dir/Core/Src/OLED.c.obj
                0x080012b6                OLED_Set_Pos
 *fill*         0x080012de        0x2 
 .text.OLED_ShowChar
                0x080012e0       0xd4 CMakeFiles/Imagine_Cup.elf.dir/Core/Src/OLED.c.obj
                0x080012e0                OLED_ShowChar
 .text.OLED_ShowString
                0x080013b4       0x36 CMakeFiles/Imagine_Cup.elf.dir/Core/Src/OLED.c.obj
                0x080013b4                OLED_ShowString
 .text.oled_pow
                0x080013ea       0x16 CMakeFiles/Imagine_Cup.elf.dir/Core/Src/OLED.c.obj
                0x080013ea                oled_pow
 .text.OLED_ShowNum
                0x08001400       0xac CMakeFiles/Imagine_Cup.elf.dir/Core/Src/OLED.c.obj
                0x08001400                OLED_ShowNum
 .text.OLED_Clear
                0x080014ac       0x2e CMakeFiles/Imagine_Cup.elf.dir/Core/Src/OLED.c.obj
                0x080014ac                OLED_Clear
 .text.OLED_Init
                0x080014da       0xe0 CMakeFiles/Imagine_Cup.elf.dir/Core/Src/OLED.c.obj
                0x080014da                OLED_Init
 .text.I2C_Delay
                0x080015ba        0xe CMakeFiles/Imagine_Cup.elf.dir/Core/Src/SoftWare_I2C.c.obj
                0x080015ba                I2C_Delay
 .text.I2C_W_SCL
                0x080015c8       0x24 CMakeFiles/Imagine_Cup.elf.dir/Core/Src/SoftWare_I2C.c.obj
                0x080015c8                I2C_W_SCL
 .text.I2C_W_SDA
                0x080015ec       0x24 CMakeFiles/Imagine_Cup.elf.dir/Core/Src/SoftWare_I2C.c.obj
                0x080015ec                I2C_W_SDA
 .text.I2C_R_SDA
                0x08001610       0x14 CMakeFiles/Imagine_Cup.elf.dir/Core/Src/SoftWare_I2C.c.obj
                0x08001610                I2C_R_SDA
 .text.I2C_Start
                0x08001624       0x28 CMakeFiles/Imagine_Cup.elf.dir/Core/Src/SoftWare_I2C.c.obj
                0x08001624                I2C_Start
 .text.I2C_Stop
                0x0800164c       0x28 CMakeFiles/Imagine_Cup.elf.dir/Core/Src/SoftWare_I2C.c.obj
                0x0800164c                I2C_Stop
 .text.I2C_Wait_Ack
                0x08001674       0x34 CMakeFiles/Imagine_Cup.elf.dir/Core/Src/SoftWare_I2C.c.obj
                0x08001674                I2C_Wait_Ack
 .text.Write_I2C_Byte
                0x080016a8       0x3e CMakeFiles/Imagine_Cup.elf.dir/Core/Src/SoftWare_I2C.c.obj
                0x080016a8                Write_I2C_Byte
 *fill*         0x080016e6        0x2 
 .text.MX_GPIO_Init
                0x080016e8       0xf0 CMakeFiles/Imagine_Cup.elf.dir/Core/Src/gpio.c.obj
                0x080016e8                MX_GPIO_Init
 .text.HAL_TIM_PeriodElapsedCallback
                0x080017d8       0x38 CMakeFiles/Imagine_Cup.elf.dir/Core/Src/main.c.obj
                0x080017d8                HAL_TIM_PeriodElapsedCallback
 .text.Error_Handler
                0x08001810        0x4 CMakeFiles/Imagine_Cup.elf.dir/Core/Src/main.c.obj
                0x08001810                Error_Handler
 .text.SystemClock_Config
                0x08001814       0x64 CMakeFiles/Imagine_Cup.elf.dir/Core/Src/main.c.obj
                0x08001814                SystemClock_Config
 .text.main     0x08001878       0x90 CMakeFiles/Imagine_Cup.elf.dir/Core/Src/main.c.obj
                0x08001878                main
 .text.assert_failed
                0x08001908        0x2 CMakeFiles/Imagine_Cup.elf.dir/Core/Src/main.c.obj
                0x08001908                assert_failed
 *fill*         0x0800190a        0x2 
 .text.HAL_MspInit
                0x0800190c       0x44 CMakeFiles/Imagine_Cup.elf.dir/Core/Src/stm32f1xx_hal_msp.c.obj
                0x0800190c                HAL_MspInit
 .text.NMI_Handler
                0x08001950        0x2 CMakeFiles/Imagine_Cup.elf.dir/Core/Src/stm32f1xx_it.c.obj
                0x08001950                NMI_Handler
 .text.HardFault_Handler
                0x08001952        0x2 CMakeFiles/Imagine_Cup.elf.dir/Core/Src/stm32f1xx_it.c.obj
                0x08001952                HardFault_Handler
 .text.MemManage_Handler
                0x08001954        0x2 CMakeFiles/Imagine_Cup.elf.dir/Core/Src/stm32f1xx_it.c.obj
                0x08001954                MemManage_Handler
 .text.BusFault_Handler
                0x08001956        0x2 CMakeFiles/Imagine_Cup.elf.dir/Core/Src/stm32f1xx_it.c.obj
                0x08001956                BusFault_Handler
 .text.UsageFault_Handler
                0x08001958        0x2 CMakeFiles/Imagine_Cup.elf.dir/Core/Src/stm32f1xx_it.c.obj
                0x08001958                UsageFault_Handler
 .text.SVC_Handler
                0x0800195a        0x2 CMakeFiles/Imagine_Cup.elf.dir/Core/Src/stm32f1xx_it.c.obj
                0x0800195a                SVC_Handler
 .text.DebugMon_Handler
                0x0800195c        0x2 CMakeFiles/Imagine_Cup.elf.dir/Core/Src/stm32f1xx_it.c.obj
                0x0800195c                DebugMon_Handler
 .text.PendSV_Handler
                0x0800195e        0x2 CMakeFiles/Imagine_Cup.elf.dir/Core/Src/stm32f1xx_it.c.obj
                0x0800195e                PendSV_Handler
 .text.SysTick_Handler
                0x08001960        0x8 CMakeFiles/Imagine_Cup.elf.dir/Core/Src/stm32f1xx_it.c.obj
                0x08001960                SysTick_Handler
 .text.TIM1_BRK_IRQHandler
                0x08001968       0x10 CMakeFiles/Imagine_Cup.elf.dir/Core/Src/stm32f1xx_it.c.obj
                0x08001968                TIM1_BRK_IRQHandler
 .text.TIM1_UP_IRQHandler
                0x08001978       0x10 CMakeFiles/Imagine_Cup.elf.dir/Core/Src/stm32f1xx_it.c.obj
                0x08001978                TIM1_UP_IRQHandler
 .text.TIM1_TRG_COM_IRQHandler
                0x08001988       0x10 CMakeFiles/Imagine_Cup.elf.dir/Core/Src/stm32f1xx_it.c.obj
                0x08001988                TIM1_TRG_COM_IRQHandler
 .text.TIM2_IRQHandler
                0x08001998       0x10 CMakeFiles/Imagine_Cup.elf.dir/Core/Src/stm32f1xx_it.c.obj
                0x08001998                TIM2_IRQHandler
 .text.TIM3_IRQHandler
                0x080019a8       0x10 CMakeFiles/Imagine_Cup.elf.dir/Core/Src/stm32f1xx_it.c.obj
                0x080019a8                TIM3_IRQHandler
 .text.SystemInit
                0x080019b8        0x2 CMakeFiles/Imagine_Cup.elf.dir/Core/Src/system_stm32f1xx.c.obj
                0x080019b8                SystemInit
 *fill*         0x080019ba        0x2 
 .text.MX_TIM1_Init
                0x080019bc       0x74 CMakeFiles/Imagine_Cup.elf.dir/Core/Src/tim.c.obj
                0x080019bc                MX_TIM1_Init
 .text.MX_TIM2_Init
                0x08001a30       0x78 CMakeFiles/Imagine_Cup.elf.dir/Core/Src/tim.c.obj
                0x08001a30                MX_TIM2_Init
 .text.MX_TIM3_Init
                0x08001aa8       0x70 CMakeFiles/Imagine_Cup.elf.dir/Core/Src/tim.c.obj
                0x08001aa8                MX_TIM3_Init
 .text.HAL_TIM_Base_MspInit
                0x08001b18       0xec CMakeFiles/Imagine_Cup.elf.dir/Core/Src/tim.c.obj
                0x08001b18                HAL_TIM_Base_MspInit
 .text.Reset_Handler
                0x08001c04       0x48 CMakeFiles/Imagine_Cup.elf.dir/Core/Startup/startup_stm32f103c8tx.s.obj
                0x08001c04                Reset_Handler
 .text.Default_Handler
                0x08001c4c        0x2 CMakeFiles/Imagine_Cup.elf.dir/Core/Startup/startup_stm32f103c8tx.s.obj
                0x08001c4c                USBWakeUp_IRQHandler
                0x08001c4c                EXTI2_IRQHandler
                0x08001c4c                TIM1_CC_IRQHandler
                0x08001c4c                PVD_IRQHandler
                0x08001c4c                EXTI3_IRQHandler
                0x08001c4c                EXTI0_IRQHandler
                0x08001c4c                I2C2_EV_IRQHandler
                0x08001c4c                ADC1_2_IRQHandler
                0x08001c4c                SPI1_IRQHandler
                0x08001c4c                TAMPER_IRQHandler
                0x08001c4c                DMA1_Channel4_IRQHandler
                0x08001c4c                USART3_IRQHandler
                0x08001c4c                RTC_IRQHandler
                0x08001c4c                DMA1_Channel7_IRQHandler
                0x08001c4c                CAN1_RX1_IRQHandler
                0x08001c4c                TIM4_IRQHandler
                0x08001c4c                I2C1_EV_IRQHandler
                0x08001c4c                DMA1_Channel6_IRQHandler
                0x08001c4c                RCC_IRQHandler
                0x08001c4c                DMA1_Channel1_IRQHandler
                0x08001c4c                Default_Handler
                0x08001c4c                EXTI15_10_IRQHandler
                0x08001c4c                EXTI9_5_IRQHandler
                0x08001c4c                SPI2_IRQHandler
                0x08001c4c                DMA1_Channel5_IRQHandler
                0x08001c4c                EXTI4_IRQHandler
                0x08001c4c                USB_LP_CAN1_RX0_IRQHandler
                0x08001c4c                USB_HP_CAN1_TX_IRQHandler
                0x08001c4c                DMA1_Channel3_IRQHandler
                0x08001c4c                WWDG_IRQHandler
                0x08001c4c                EXTI1_IRQHandler
                0x08001c4c                USART2_IRQHandler
                0x08001c4c                I2C2_ER_IRQHandler
                0x08001c4c                DMA1_Channel2_IRQHandler
                0x08001c4c                CAN1_SCE_IRQHandler
                0x08001c4c                FLASH_IRQHandler
                0x08001c4c                USART1_IRQHandler
                0x08001c4c                I2C1_ER_IRQHandler
                0x08001c4c                RTC_Alarm_IRQHandler
 *fill*         0x08001c4e        0x2 
 .text.HAL_InitTick
                0x08001c50       0x4c CMakeFiles/Imagine_Cup.elf.dir/Drivers/STM32F1xx_HAL_Driver/Src/stm32f1xx_hal.c.obj
                0x08001c50                HAL_InitTick
 .text.HAL_Init
                0x08001c9c       0x24 CMakeFiles/Imagine_Cup.elf.dir/Drivers/STM32F1xx_HAL_Driver/Src/stm32f1xx_hal.c.obj
                0x08001c9c                HAL_Init
 .text.HAL_IncTick
                0x08001cc0       0x18 CMakeFiles/Imagine_Cup.elf.dir/Drivers/STM32F1xx_HAL_Driver/Src/stm32f1xx_hal.c.obj
                0x08001cc0                HAL_IncTick
 .text.HAL_GetTick
                0x08001cd8        0xc CMakeFiles/Imagine_Cup.elf.dir/Drivers/STM32F1xx_HAL_Driver/Src/stm32f1xx_hal.c.obj
                0x08001cd8                HAL_GetTick
 .text.HAL_Delay
                0x08001ce4       0x28 CMakeFiles/Imagine_Cup.elf.dir/Drivers/STM32F1xx_HAL_Driver/Src/stm32f1xx_hal.c.obj
                0x08001ce4                HAL_Delay
 .text.__NVIC_SetPriority
                0x08001d0c       0x28 CMakeFiles/Imagine_Cup.elf.dir/Drivers/STM32F1xx_HAL_Driver/Src/stm32f1xx_hal_cortex.c.obj
 .text.NVIC_EncodePriority
                0x08001d34       0x3e CMakeFiles/Imagine_Cup.elf.dir/Drivers/STM32F1xx_HAL_Driver/Src/stm32f1xx_hal_cortex.c.obj
 *fill*         0x08001d72        0x2 
 .text.HAL_NVIC_SetPriorityGrouping
                0x08001d74       0x3c CMakeFiles/Imagine_Cup.elf.dir/Drivers/STM32F1xx_HAL_Driver/Src/stm32f1xx_hal_cortex.c.obj
                0x08001d74                HAL_NVIC_SetPriorityGrouping
 .text.HAL_NVIC_SetPriority
                0x08001db0       0x48 CMakeFiles/Imagine_Cup.elf.dir/Drivers/STM32F1xx_HAL_Driver/Src/stm32f1xx_hal_cortex.c.obj
                0x08001db0                HAL_NVIC_SetPriority
 .text.HAL_NVIC_EnableIRQ
                0x08001df8       0x2c CMakeFiles/Imagine_Cup.elf.dir/Drivers/STM32F1xx_HAL_Driver/Src/stm32f1xx_hal_cortex.c.obj
                0x08001df8                HAL_NVIC_EnableIRQ
 .text.HAL_SYSTICK_Config
                0x08001e24       0x28 CMakeFiles/Imagine_Cup.elf.dir/Drivers/STM32F1xx_HAL_Driver/Src/stm32f1xx_hal_cortex.c.obj
                0x08001e24                HAL_SYSTICK_Config
 .text.HAL_GPIO_Init
                0x08001e4c      0x364 CMakeFiles/Imagine_Cup.elf.dir/Drivers/STM32F1xx_HAL_Driver/Src/stm32f1xx_hal_gpio.c.obj
                0x08001e4c                HAL_GPIO_Init
 .text.HAL_GPIO_ReadPin
                0x080021b0       0x28 CMakeFiles/Imagine_Cup.elf.dir/Drivers/STM32F1xx_HAL_Driver/Src/stm32f1xx_hal_gpio.c.obj
                0x080021b0                HAL_GPIO_ReadPin
 .text.HAL_GPIO_WritePin
                0x080021d8       0x38 CMakeFiles/Imagine_Cup.elf.dir/Drivers/STM32F1xx_HAL_Driver/Src/stm32f1xx_hal_gpio.c.obj
                0x080021d8                HAL_GPIO_WritePin
 .text.HAL_GPIO_TogglePin
                0x08002210       0x2c CMakeFiles/Imagine_Cup.elf.dir/Drivers/STM32F1xx_HAL_Driver/Src/stm32f1xx_hal_gpio.c.obj
                0x08002210                HAL_GPIO_TogglePin
 .text.RCC_Delay
                0x0800223c       0x2c CMakeFiles/Imagine_Cup.elf.dir/Drivers/STM32F1xx_HAL_Driver/Src/stm32f1xx_hal_rcc.c.obj
 .text.HAL_RCC_OscConfig
                0x08002268      0x548 CMakeFiles/Imagine_Cup.elf.dir/Drivers/STM32F1xx_HAL_Driver/Src/stm32f1xx_hal_rcc.c.obj
                0x08002268                HAL_RCC_OscConfig
 .text.HAL_RCC_GetSysClockFreq
                0x080027b0       0x70 CMakeFiles/Imagine_Cup.elf.dir/Drivers/STM32F1xx_HAL_Driver/Src/stm32f1xx_hal_rcc.c.obj
                0x080027b0                HAL_RCC_GetSysClockFreq
 .text.HAL_RCC_ClockConfig
                0x08002820      0x22c CMakeFiles/Imagine_Cup.elf.dir/Drivers/STM32F1xx_HAL_Driver/Src/stm32f1xx_hal_rcc.c.obj
                0x08002820                HAL_RCC_ClockConfig
 .text.TIM_TI1_ConfigInputStage
                0x08002a4c       0x24 CMakeFiles/Imagine_Cup.elf.dir/Drivers/STM32F1xx_HAL_Driver/Src/stm32f1xx_hal_tim.c.obj
 .text.TIM_TI2_ConfigInputStage
                0x08002a70       0x26 CMakeFiles/Imagine_Cup.elf.dir/Drivers/STM32F1xx_HAL_Driver/Src/stm32f1xx_hal_tim.c.obj
 .text.TIM_ITRx_SetConfig
                0x08002a96       0x10 CMakeFiles/Imagine_Cup.elf.dir/Drivers/STM32F1xx_HAL_Driver/Src/stm32f1xx_hal_tim.c.obj
 *fill*         0x08002aa6        0x2 
 .text.HAL_TIM_Base_Start
                0x08002aa8       0x8c CMakeFiles/Imagine_Cup.elf.dir/Drivers/STM32F1xx_HAL_Driver/Src/stm32f1xx_hal_tim.c.obj
                0x08002aa8                HAL_TIM_Base_Start
 .text.HAL_TIM_Base_Stop
                0x08002b34       0x5c CMakeFiles/Imagine_Cup.elf.dir/Drivers/STM32F1xx_HAL_Driver/Src/stm32f1xx_hal_tim.c.obj
                0x08002b34                HAL_TIM_Base_Stop
 .text.HAL_TIM_Base_Start_IT
                0x08002b90       0x98 CMakeFiles/Imagine_Cup.elf.dir/Drivers/STM32F1xx_HAL_Driver/Src/stm32f1xx_hal_tim.c.obj
                0x08002b90                HAL_TIM_Base_Start_IT
 .text.HAL_TIM_Base_Stop_IT
                0x08002c28       0x68 CMakeFiles/Imagine_Cup.elf.dir/Drivers/STM32F1xx_HAL_Driver/Src/stm32f1xx_hal_tim.c.obj
                0x08002c28                HAL_TIM_Base_Stop_IT
 .text.HAL_TIM_OC_DelayElapsedCallback
                0x08002c90        0x2 CMakeFiles/Imagine_Cup.elf.dir/Drivers/STM32F1xx_HAL_Driver/Src/stm32f1xx_hal_tim.c.obj
                0x08002c90                HAL_TIM_OC_DelayElapsedCallback
 .text.HAL_TIM_IC_CaptureCallback
                0x08002c92        0x2 CMakeFiles/Imagine_Cup.elf.dir/Drivers/STM32F1xx_HAL_Driver/Src/stm32f1xx_hal_tim.c.obj
                0x08002c92                HAL_TIM_IC_CaptureCallback
 .text.HAL_TIM_PWM_PulseFinishedCallback
                0x08002c94        0x2 CMakeFiles/Imagine_Cup.elf.dir/Drivers/STM32F1xx_HAL_Driver/Src/stm32f1xx_hal_tim.c.obj
                0x08002c94                HAL_TIM_PWM_PulseFinishedCallback
 .text.HAL_TIM_TriggerCallback
                0x08002c96        0x2 CMakeFiles/Imagine_Cup.elf.dir/Drivers/STM32F1xx_HAL_Driver/Src/stm32f1xx_hal_tim.c.obj
                0x08002c96                HAL_TIM_TriggerCallback
 .text.HAL_TIM_IRQHandler
                0x08002c98      0x17a CMakeFiles/Imagine_Cup.elf.dir/Drivers/STM32F1xx_HAL_Driver/Src/stm32f1xx_hal_tim.c.obj
                0x08002c98                HAL_TIM_IRQHandler
 *fill*         0x08002e12        0x2 
 .text.TIM_Base_SetConfig
                0x08002e14       0x74 CMakeFiles/Imagine_Cup.elf.dir/Drivers/STM32F1xx_HAL_Driver/Src/stm32f1xx_hal_tim.c.obj
                0x08002e14                TIM_Base_SetConfig
 .text.HAL_TIM_Base_Init
                0x08002e88       0xdc CMakeFiles/Imagine_Cup.elf.dir/Drivers/STM32F1xx_HAL_Driver/Src/stm32f1xx_hal_tim.c.obj
                0x08002e88                HAL_TIM_Base_Init
 .text.TIM_ETR_SetConfig
                0x08002f64       0x18 CMakeFiles/Imagine_Cup.elf.dir/Drivers/STM32F1xx_HAL_Driver/Src/stm32f1xx_hal_tim.c.obj
                0x08002f64                TIM_ETR_SetConfig
 .text.HAL_TIM_ConfigClockSource
                0x08002f7c      0x38c CMakeFiles/Imagine_Cup.elf.dir/Drivers/STM32F1xx_HAL_Driver/Src/stm32f1xx_hal_tim.c.obj
                0x08002f7c                HAL_TIM_ConfigClockSource
 .text.TIM_SlaveTimer_SetConfig
                0x08003308      0x264 CMakeFiles/Imagine_Cup.elf.dir/Drivers/STM32F1xx_HAL_Driver/Src/stm32f1xx_hal_tim.c.obj
 .text.HAL_TIM_SlaveConfigSynchro
                0x0800356c       0xcc CMakeFiles/Imagine_Cup.elf.dir/Drivers/STM32F1xx_HAL_Driver/Src/stm32f1xx_hal_tim.c.obj
                0x0800356c                HAL_TIM_SlaveConfigSynchro
 .text.HAL_TIMEx_MasterConfigSynchronization
                0x08003638       0xd8 CMakeFiles/Imagine_Cup.elf.dir/Drivers/STM32F1xx_HAL_Driver/Src/stm32f1xx_hal_tim_ex.c.obj
                0x08003638                HAL_TIMEx_MasterConfigSynchronization
 .text.HAL_TIMEx_CommutCallback
                0x08003710        0x2 CMakeFiles/Imagine_Cup.elf.dir/Drivers/STM32F1xx_HAL_Driver/Src/stm32f1xx_hal_tim_ex.c.obj
                0x08003710                HAL_TIMEx_CommutCallback
 .text.HAL_TIMEx_BreakCallback
                0x08003712        0x2 CMakeFiles/Imagine_Cup.elf.dir/Drivers/STM32F1xx_HAL_Driver/Src/stm32f1xx_hal_tim_ex.c.obj
                0x08003712                HAL_TIMEx_BreakCallback
 .text.memset   0x08003714       0xa0 /Applications/ArmGNUToolchain/12.2.mpacbti-rel1/arm-none-eabi/bin/../lib/gcc/arm-none-eabi/12.2.1/../../../../arm-none-eabi/lib/thumb/v7-m/nofp/libg.a(libc_a-memset.o)
                0x08003714                memset
 .text.__libc_init_array
                0x080037b4       0x50 /Applications/ArmGNUToolchain/12.2.mpacbti-rel1/arm-none-eabi/bin/../lib/gcc/arm-none-eabi/12.2.1/../../../../arm-none-eabi/lib/thumb/v7-m/nofp/libg.a(libc_a-init.o)
                0x080037b4                __libc_init_array
 .text.__retarget_lock_acquire_recursive
                0x08003804        0x4 /Applications/ArmGNUToolchain/12.2.mpacbti-rel1/arm-none-eabi/bin/../lib/gcc/arm-none-eabi/12.2.1/../../../../arm-none-eabi/lib/thumb/v7-m/nofp/libg.a(libc_a-lock.o)
                0x08003804                __retarget_lock_acquire_recursive
 .text.__retarget_lock_release_recursive
                0x08003808        0x4 /Applications/ArmGNUToolchain/12.2.mpacbti-rel1/arm-none-eabi/bin/../lib/gcc/arm-none-eabi/12.2.1/../../../../arm-none-eabi/lib/thumb/v7-m/nofp/libg.a(libc_a-lock.o)
                0x08003808                __retarget_lock_release_recursive
 .text.startup.register_fini
                0x0800380c       0x14 /Applications/ArmGNUToolchain/12.2.mpacbti-rel1/arm-none-eabi/bin/../lib/gcc/arm-none-eabi/12.2.1/../../../../arm-none-eabi/lib/thumb/v7-m/nofp/libg.a(libc_a-__call_atexit.o)
 .text.atexit   0x08003820        0xc /Applications/ArmGNUToolchain/12.2.mpacbti-rel1/arm-none-eabi/bin/../lib/gcc/arm-none-eabi/12.2.1/../../../../arm-none-eabi/lib/thumb/v7-m/nofp/libg.a(libc_a-atexit.o)
                0x08003820                atexit
 .text.__libc_fini_array
                0x0800382c       0x28 /Applications/ArmGNUToolchain/12.2.mpacbti-rel1/arm-none-eabi/bin/../lib/gcc/arm-none-eabi/12.2.1/../../../../arm-none-eabi/lib/thumb/v7-m/nofp/libg.a(libc_a-fini.o)
                0x0800382c                __libc_fini_array
 .text.__register_exitproc
                0x08003854       0x80 /Applications/ArmGNUToolchain/12.2.mpacbti-rel1/arm-none-eabi/bin/../lib/gcc/arm-none-eabi/12.2.1/../../../../arm-none-eabi/lib/thumb/v7-m/nofp/libg.a(libc_a-__atexit.o)
                0x08003854                __register_exitproc
 *(.glue_7)
 .glue_7        0x080038d4        0x0 linker stubs
 *(.glue_7t)
 .glue_7t       0x080038d4        0x0 linker stubs
 *(.eh_frame)
 .eh_frame      0x080038d4        0x0 /Applications/ArmGNUToolchain/12.2.mpacbti-rel1/arm-none-eabi/bin/../lib/gcc/arm-none-eabi/12.2.1/thumb/v7-m/nofp/crtbegin.o
 *(.init)
 .init          0x080038d4        0x4 /Applications/ArmGNUToolchain/12.2.mpacbti-rel1/arm-none-eabi/bin/../lib/gcc/arm-none-eabi/12.2.1/thumb/v7-m/nofp/crti.o
                0x080038d4                _init
 .init          0x080038d8        0x8 /Applications/ArmGNUToolchain/12.2.mpacbti-rel1/arm-none-eabi/bin/../lib/gcc/arm-none-eabi/12.2.1/thumb/v7-m/nofp/crtn.o
 *(.fini)
 .fini          0x080038e0        0x4 /Applications/ArmGNUToolchain/12.2.mpacbti-rel1/arm-none-eabi/bin/../lib/gcc/arm-none-eabi/12.2.1/thumb/v7-m/nofp/crti.o
                0x080038e0                _fini
 .fini          0x080038e4        0x8 /Applications/ArmGNUToolchain/12.2.mpacbti-rel1/arm-none-eabi/bin/../lib/gcc/arm-none-eabi/12.2.1/thumb/v7-m/nofp/crtn.o
                0x080038ec                        . = ALIGN (0x4)
                0x080038ec                        _etext = .

.vfp11_veneer   0x080038ec        0x0
 .vfp11_veneer  0x080038ec        0x0 linker stubs

.v4_bx          0x080038ec        0x0
 .v4_bx         0x080038ec        0x0 linker stubs

.iplt           0x080038ec        0x0
 .iplt          0x080038ec        0x0 /Applications/ArmGNUToolchain/12.2.mpacbti-rel1/arm-none-eabi/bin/../lib/gcc/arm-none-eabi/12.2.1/thumb/v7-m/nofp/crtbegin.o

.rodata         0x080038ec      0xa14
                0x080038ec                        . = ALIGN (0x4)
 *(.rodata)
 *(.rodata*)
 .rodata.F8X16  0x080038ec      0x5f0 CMakeFiles/Imagine_Cup.elf.dir/Core/Src/OLED.c.obj
                0x080038ec                F8X16
 .rodata.F6x8   0x08003edc      0x222 CMakeFiles/Imagine_Cup.elf.dir/Core/Src/OLED.c.obj
                0x08003edc                F6x8
 *fill*         0x080040fe        0x2 
 .rodata.main.str1.4
                0x08004100        0x6 CMakeFiles/Imagine_Cup.elf.dir/Core/Src/main.c.obj
 *fill*         0x08004106        0x2 
 .rodata.AHBPrescTable
                0x08004108       0x10 CMakeFiles/Imagine_Cup.elf.dir/Core/Src/system_stm32f1xx.c.obj
                0x08004108                AHBPrescTable
 .rodata.HAL_NVIC_SetPriorityGrouping.str1.4
                0x08004118       0x5d CMakeFiles/Imagine_Cup.elf.dir/Drivers/STM32F1xx_HAL_Driver/Src/stm32f1xx_hal_cortex.c.obj
 *fill*         0x08004175        0x3 
 .rodata.HAL_GPIO_Init.str1.4
                0x08004178       0x5b CMakeFiles/Imagine_Cup.elf.dir/Drivers/STM32F1xx_HAL_Driver/Src/stm32f1xx_hal_gpio.c.obj
 *fill*         0x080041d3        0x1 
 .rodata.HAL_RCC_OscConfig.str1.4
                0x080041d4       0x5a CMakeFiles/Imagine_Cup.elf.dir/Drivers/STM32F1xx_HAL_Driver/Src/stm32f1xx_hal_rcc.c.obj
 *fill*         0x0800422e        0x2 
 .rodata.HAL_RCC_GetSysClockFreq.str1.4
                0x08004230       0x11 CMakeFiles/Imagine_Cup.elf.dir/Drivers/STM32F1xx_HAL_Driver/Src/stm32f1xx_hal_rcc.c.obj
 *fill*         0x08004241        0x3 
 .rodata.TIM_OC1_SetConfig.str1.4
                0x08004244       0x5a CMakeFiles/Imagine_Cup.elf.dir/Drivers/STM32F1xx_HAL_Driver/Src/stm32f1xx_hal_tim.c.obj
 *fill*         0x0800429e        0x2 
 .rodata.HAL_TIMEx_HallSensor_Init.str1.4
                0x080042a0       0x5d CMakeFiles/Imagine_Cup.elf.dir/Drivers/STM32F1xx_HAL_Driver/Src/stm32f1xx_hal_tim_ex.c.obj
                0x08004300                        . = ALIGN (0x4)
 *fill*         0x080042fd        0x3 

.rel.dyn        0x08004300        0x0
 .rel.iplt      0x08004300        0x0 /Applications/ArmGNUToolchain/12.2.mpacbti-rel1/arm-none-eabi/bin/../lib/gcc/arm-none-eabi/12.2.1/thumb/v7-m/nofp/crtbegin.o

.ARM.extab      0x08004300        0x0
                0x08004300                        . = ALIGN (0x4)
 *(.ARM.extab* .gnu.linkonce.armextab.*)
                0x08004300                        . = ALIGN (0x4)

.ARM            0x08004300        0x0
                0x08004300                        . = ALIGN (0x4)
                0x08004300                        __exidx_start = .
 *(.ARM.exidx*)
                0x08004300                        __exidx_end = .
                0x08004300                        . = ALIGN (0x4)

.preinit_array  0x08004300        0x0
                0x08004300                        . = ALIGN (0x4)
                0x08004300                        PROVIDE (__preinit_array_start = .)
 *(.preinit_array*)
                0x08004300                        PROVIDE (__preinit_array_end = .)
                0x08004300                        . = ALIGN (0x4)

.init_array     0x08004300        0x8
                0x08004300                        . = ALIGN (0x4)
                0x08004300                        PROVIDE (__init_array_start = .)
 *(SORT_BY_NAME(.init_array.*))
 .init_array.00000
                0x08004300        0x4 /Applications/ArmGNUToolchain/12.2.mpacbti-rel1/arm-none-eabi/bin/../lib/gcc/arm-none-eabi/12.2.1/../../../../arm-none-eabi/lib/thumb/v7-m/nofp/libg.a(libc_a-__call_atexit.o)
 *(.init_array*)
 .init_array    0x08004304        0x4 /Applications/ArmGNUToolchain/12.2.mpacbti-rel1/arm-none-eabi/bin/../lib/gcc/arm-none-eabi/12.2.1/thumb/v7-m/nofp/crtbegin.o
                0x08004308                        PROVIDE (__init_array_end = .)
                0x08004308                        . = ALIGN (0x4)

.fini_array     0x08004308        0x4
                0x08004308                        . = ALIGN (0x4)
                0x08004308                        PROVIDE (__fini_array_start = .)
 *(SORT_BY_NAME(.fini_array.*))
 *(.fini_array*)
 .fini_array    0x08004308        0x4 /Applications/ArmGNUToolchain/12.2.mpacbti-rel1/arm-none-eabi/bin/../lib/gcc/arm-none-eabi/12.2.1/thumb/v7-m/nofp/crtbegin.o
                0x0800430c                        PROVIDE (__fini_array_end = .)
                0x0800430c                        . = ALIGN (0x4)
                0x0800430c                        _sidata = LOADADDR (.data)

.data           0x20000000       0x18 load address 0x0800430c
                0x20000000                        . = ALIGN (0x4)
                0x20000000                        _sdata = .
 *(.data)
 *(.data*)
 .data.cnt      0x20000000        0x8 CMakeFiles/Imagine_Cup.elf.dir/Core/Src/Frectest.c.obj
                0x20000000                cnt
 .data.SystemCoreClock
                0x20000008        0x4 CMakeFiles/Imagine_Cup.elf.dir/Core/Src/system_stm32f1xx.c.obj
                0x20000008                SystemCoreClock
 .data.uwTickFreq
                0x2000000c        0x1 CMakeFiles/Imagine_Cup.elf.dir/Drivers/STM32F1xx_HAL_Driver/Src/stm32f1xx_hal.c.obj
                0x2000000c                uwTickFreq
 *fill*         0x2000000d        0x3 
 .data.uwTickPrio
                0x20000010        0x4 CMakeFiles/Imagine_Cup.elf.dir/Drivers/STM32F1xx_HAL_Driver/Src/stm32f1xx_hal.c.obj
                0x20000010                uwTickPrio
 .data.__atexit_recursive_mutex
                0x20000014        0x4 /Applications/ArmGNUToolchain/12.2.mpacbti-rel1/arm-none-eabi/bin/../lib/gcc/arm-none-eabi/12.2.1/../../../../arm-none-eabi/lib/thumb/v7-m/nofp/libg.a(libc_a-__call_atexit.o)
                0x20000014                __atexit_recursive_mutex
 *(.RamFunc)
 *(.RamFunc*)
                0x20000018                        . = ALIGN (0x4)
                0x20000018                        _edata = .

.tm_clone_table
                0x20000018        0x0 load address 0x08004324
 .tm_clone_table
                0x20000018        0x0 /Applications/ArmGNUToolchain/12.2.mpacbti-rel1/arm-none-eabi/bin/../lib/gcc/arm-none-eabi/12.2.1/thumb/v7-m/nofp/crtbegin.o
 .tm_clone_table
                0x20000018        0x0 /Applications/ArmGNUToolchain/12.2.mpacbti-rel1/arm-none-eabi/bin/../lib/gcc/arm-none-eabi/12.2.1/thumb/v7-m/nofp/crtend.o

.igot.plt       0x20000018        0x0 load address 0x08004324
 .igot.plt      0x20000018        0x0 /Applications/ArmGNUToolchain/12.2.mpacbti-rel1/arm-none-eabi/bin/../lib/gcc/arm-none-eabi/12.2.1/thumb/v7-m/nofp/crtbegin.o
                0x20000018                        . = ALIGN (0x4)

.bss            0x20000018      0x2a0 load address 0x08004324
                0x20000018                        _sbss = .
                0x20000018                        __bss_start__ = _sbss
 *(.bss)
 *(.bss*)
 .bss.completed.1
                0x20000018        0x1 /Applications/ArmGNUToolchain/12.2.mpacbti-rel1/arm-none-eabi/bin/../lib/gcc/arm-none-eabi/12.2.1/thumb/v7-m/nofp/crtbegin.o
 *fill*         0x20000019        0x3 
 .bss.object.0  0x2000001c       0x18 /Applications/ArmGNUToolchain/12.2.mpacbti-rel1/arm-none-eabi/bin/../lib/gcc/arm-none-eabi/12.2.1/thumb/v7-m/nofp/crtbegin.o
 .bss.resistance
                0x20000034        0x4 CMakeFiles/Imagine_Cup.elf.dir/Core/Src/Frectest.c.obj
                0x20000034                resistance
 .bss.isTiger   0x20000038        0x1 CMakeFiles/Imagine_Cup.elf.dir/Core/Src/Frectest.c.obj
                0x20000038                isTiger
 *fill*         0x20000039        0x3 
 .bss.frec      0x2000003c        0x4 CMakeFiles/Imagine_Cup.elf.dir/Core/Src/Frectest.c.obj
                0x2000003c                frec
 .bss.overflow  0x20000040        0x1 CMakeFiles/Imagine_Cup.elf.dir/Core/Src/Frectest.c.obj
                0x20000040                overflow
 .bss.LastState.0
                0x20000041        0x1 CMakeFiles/Imagine_Cup.elf.dir/Core/Src/MatrixKey.c.obj
 .bss.NewState.1
                0x20000042        0x1 CMakeFiles/Imagine_Cup.elf.dir/Core/Src/MatrixKey.c.obj
 .bss.KeyNumber
                0x20000043        0x1 CMakeFiles/Imagine_Cup.elf.dir/Core/Src/MatrixKey.c.obj
                0x20000043                KeyNumber
 .bss.htim3     0x20000044       0x48 CMakeFiles/Imagine_Cup.elf.dir/Core/Src/tim.c.obj
                0x20000044                htim3
 .bss.htim2     0x2000008c       0x48 CMakeFiles/Imagine_Cup.elf.dir/Core/Src/tim.c.obj
                0x2000008c                htim2
 .bss.htim1     0x200000d4       0x48 CMakeFiles/Imagine_Cup.elf.dir/Core/Src/tim.c.obj
                0x200000d4                htim1
 .bss.uwTick    0x2000011c        0x4 CMakeFiles/Imagine_Cup.elf.dir/Drivers/STM32F1xx_HAL_Driver/Src/stm32f1xx_hal.c.obj
                0x2000011c                uwTick
 .bss.__lock___atexit_recursive_mutex
                0x20000120        0x1 /Applications/ArmGNUToolchain/12.2.mpacbti-rel1/arm-none-eabi/bin/../lib/gcc/arm-none-eabi/12.2.1/../../../../arm-none-eabi/lib/thumb/v7-m/nofp/libg.a(libc_a-lock.o)
                0x20000120                __lock___atexit_recursive_mutex
 *fill*         0x20000121        0x3 
 .bss.__atexit  0x20000124        0x4 /Applications/ArmGNUToolchain/12.2.mpacbti-rel1/arm-none-eabi/bin/../lib/gcc/arm-none-eabi/12.2.1/../../../../arm-none-eabi/lib/thumb/v7-m/nofp/libg.a(libc_a-__call_atexit.o)
                0x20000124                __atexit
 .bss.__atexit0
                0x20000128      0x190 /Applications/ArmGNUToolchain/12.2.mpacbti-rel1/arm-none-eabi/bin/../lib/gcc/arm-none-eabi/12.2.1/../../../../arm-none-eabi/lib/thumb/v7-m/nofp/libg.a(libc_a-__atexit.o)
                0x20000128                __atexit0
 *(COMMON)
                0x200002b8                        . = ALIGN (0x4)
                0x200002b8                        _ebss = .
                0x200002b8                        __bss_end__ = _ebss

._user_heap_stack
                0x200002b8      0x600 load address 0x08004324
                0x200002b8                        . = ALIGN (0x8)
                [!provide]                        PROVIDE (end = .)
                0x200002b8                        PROVIDE (_end = .)
                0x200004b8                        . = (. + _Min_Heap_Size)
 *fill*         0x200002b8      0x200 
                0x200008b8                        . = (. + _Min_Stack_Size)
 *fill*         0x200004b8      0x400 
                0x200008b8                        . = ALIGN (0x8)

/DISCARD/
 libc.a(*)
 libm.a(*)
 libgcc.a(*)

.ARM.attributes
                0x00000000       0x29
 *(.ARM.attributes)
 .ARM.attributes
                0x00000000       0x1d /Applications/ArmGNUToolchain/12.2.mpacbti-rel1/arm-none-eabi/bin/../lib/gcc/arm-none-eabi/12.2.1/thumb/v7-m/nofp/crti.o
 .ARM.attributes
                0x0000001d       0x2d /Applications/ArmGNUToolchain/12.2.mpacbti-rel1/arm-none-eabi/bin/../lib/gcc/arm-none-eabi/12.2.1/thumb/v7-m/nofp/crtbegin.o
 .ARM.attributes
                0x0000004a       0x2d CMakeFiles/Imagine_Cup.elf.dir/Core/Src/Frectest.c.obj
 .ARM.attributes
                0x00000077       0x2d CMakeFiles/Imagine_Cup.elf.dir/Core/Src/MatrixKey.c.obj
 .ARM.attributes
                0x000000a4       0x2d CMakeFiles/Imagine_Cup.elf.dir/Core/Src/OLED.c.obj
 .ARM.attributes
                0x000000d1       0x2d CMakeFiles/Imagine_Cup.elf.dir/Core/Src/SoftWare_I2C.c.obj
 .ARM.attributes
                0x000000fe       0x2d CMakeFiles/Imagine_Cup.elf.dir/Core/Src/gpio.c.obj
 .ARM.attributes
                0x0000012b       0x2d CMakeFiles/Imagine_Cup.elf.dir/Core/Src/main.c.obj
 .ARM.attributes
                0x00000158       0x2d CMakeFiles/Imagine_Cup.elf.dir/Core/Src/stm32f1xx_hal_msp.c.obj
 .ARM.attributes
                0x00000185       0x2d CMakeFiles/Imagine_Cup.elf.dir/Core/Src/stm32f1xx_it.c.obj
 .ARM.attributes
                0x000001b2       0x2d CMakeFiles/Imagine_Cup.elf.dir/Core/Src/system_stm32f1xx.c.obj
 .ARM.attributes
                0x000001df       0x2d CMakeFiles/Imagine_Cup.elf.dir/Core/Src/tim.c.obj
 .ARM.attributes
                0x0000020c       0x21 CMakeFiles/Imagine_Cup.elf.dir/Core/Startup/startup_stm32f103c8tx.s.obj
 .ARM.attributes
                0x0000022d       0x2d CMakeFiles/Imagine_Cup.elf.dir/Drivers/STM32F1xx_HAL_Driver/Src/stm32f1xx_hal.c.obj
 .ARM.attributes
                0x0000025a       0x2d CMakeFiles/Imagine_Cup.elf.dir/Drivers/STM32F1xx_HAL_Driver/Src/stm32f1xx_hal_cortex.c.obj
 .ARM.attributes
                0x00000287       0x2d CMakeFiles/Imagine_Cup.elf.dir/Drivers/STM32F1xx_HAL_Driver/Src/stm32f1xx_hal_gpio.c.obj
 .ARM.attributes
                0x000002b4       0x2d CMakeFiles/Imagine_Cup.elf.dir/Drivers/STM32F1xx_HAL_Driver/Src/stm32f1xx_hal_rcc.c.obj
 .ARM.attributes
                0x000002e1       0x2d CMakeFiles/Imagine_Cup.elf.dir/Drivers/STM32F1xx_HAL_Driver/Src/stm32f1xx_hal_tim.c.obj
 .ARM.attributes
                0x0000030e       0x2d CMakeFiles/Imagine_Cup.elf.dir/Drivers/STM32F1xx_HAL_Driver/Src/stm32f1xx_hal_tim_ex.c.obj
 .ARM.attributes
                0x0000033b       0x1d /Applications/ArmGNUToolchain/12.2.mpacbti-rel1/arm-none-eabi/bin/../lib/gcc/arm-none-eabi/12.2.1/thumb/v7-m/nofp/libgcc.a(_arm_addsubdf3.o)
 .ARM.attributes
                0x00000358       0x1d /Applications/ArmGNUToolchain/12.2.mpacbti-rel1/arm-none-eabi/bin/../lib/gcc/arm-none-eabi/12.2.1/thumb/v7-m/nofp/libgcc.a(_arm_muldivdf3.o)
 .ARM.attributes
                0x00000375       0x1d /Applications/ArmGNUToolchain/12.2.mpacbti-rel1/arm-none-eabi/bin/../lib/gcc/arm-none-eabi/12.2.1/thumb/v7-m/nofp/libgcc.a(_arm_truncdfsf2.o)
 .ARM.attributes
                0x00000392       0x1d /Applications/ArmGNUToolchain/12.2.mpacbti-rel1/arm-none-eabi/bin/../lib/gcc/arm-none-eabi/12.2.1/thumb/v7-m/nofp/libgcc.a(_arm_addsubsf3.o)
 .ARM.attributes
                0x000003af       0x1d /Applications/ArmGNUToolchain/12.2.mpacbti-rel1/arm-none-eabi/bin/../lib/gcc/arm-none-eabi/12.2.1/thumb/v7-m/nofp/libgcc.a(_arm_muldivsf3.o)
 .ARM.attributes
                0x000003cc       0x2d /Applications/ArmGNUToolchain/12.2.mpacbti-rel1/arm-none-eabi/bin/../lib/gcc/arm-none-eabi/12.2.1/../../../../arm-none-eabi/lib/thumb/v7-m/nofp/libg.a(libc_a-memset.o)
 .ARM.attributes
                0x000003f9       0x2d /Applications/ArmGNUToolchain/12.2.mpacbti-rel1/arm-none-eabi/bin/../lib/gcc/arm-none-eabi/12.2.1/../../../../arm-none-eabi/lib/thumb/v7-m/nofp/libg.a(libc_a-init.o)
 .ARM.attributes
                0x00000426       0x2d /Applications/ArmGNUToolchain/12.2.mpacbti-rel1/arm-none-eabi/bin/../lib/gcc/arm-none-eabi/12.2.1/../../../../arm-none-eabi/lib/thumb/v7-m/nofp/libg.a(libc_a-lock.o)
 .ARM.attributes
                0x00000453       0x2d /Applications/ArmGNUToolchain/12.2.mpacbti-rel1/arm-none-eabi/bin/../lib/gcc/arm-none-eabi/12.2.1/../../../../arm-none-eabi/lib/thumb/v7-m/nofp/libg.a(libc_a-__call_atexit.o)
 .ARM.attributes
                0x00000480       0x2d /Applications/ArmGNUToolchain/12.2.mpacbti-rel1/arm-none-eabi/bin/../lib/gcc/arm-none-eabi/12.2.1/../../../../arm-none-eabi/lib/thumb/v7-m/nofp/libg.a(libc_a-atexit.o)
 .ARM.attributes
                0x000004ad       0x2d /Applications/ArmGNUToolchain/12.2.mpacbti-rel1/arm-none-eabi/bin/../lib/gcc/arm-none-eabi/12.2.1/../../../../arm-none-eabi/lib/thumb/v7-m/nofp/libg.a(libc_a-fini.o)
 .ARM.attributes
                0x000004da       0x2d /Applications/ArmGNUToolchain/12.2.mpacbti-rel1/arm-none-eabi/bin/../lib/gcc/arm-none-eabi/12.2.1/../../../../arm-none-eabi/lib/thumb/v7-m/nofp/libg.a(libc_a-__atexit.o)
 .ARM.attributes
                0x00000507       0x2d /Applications/ArmGNUToolchain/12.2.mpacbti-rel1/arm-none-eabi/bin/../lib/gcc/arm-none-eabi/12.2.1/thumb/v7-m/nofp/crtend.o
 .ARM.attributes
                0x00000534       0x1d /Applications/ArmGNUToolchain/12.2.mpacbti-rel1/arm-none-eabi/bin/../lib/gcc/arm-none-eabi/12.2.1/thumb/v7-m/nofp/crtn.o
OUTPUT(Imagine_Cup.elf elf32-littlearm)
LOAD linker stubs
LOAD /Applications/ArmGNUToolchain/12.2.mpacbti-rel1/arm-none-eabi/bin/../lib/gcc/arm-none-eabi/12.2.1/../../../../arm-none-eabi/lib/thumb/v7-m/nofp/libc.a
LOAD /Applications/ArmGNUToolchain/12.2.mpacbti-rel1/arm-none-eabi/bin/../lib/gcc/arm-none-eabi/12.2.1/../../../../arm-none-eabi/lib/thumb/v7-m/nofp/libm.a
LOAD /Applications/ArmGNUToolchain/12.2.mpacbti-rel1/arm-none-eabi/bin/../lib/gcc/arm-none-eabi/12.2.1/thumb/v7-m/nofp/libgcc.a

.debug_info     0x00000000     0xed54
 .debug_info    0x00000000      0x8a6 CMakeFiles/Imagine_Cup.elf.dir/Core/Src/Frectest.c.obj
 .debug_info    0x000008a6      0x505 CMakeFiles/Imagine_Cup.elf.dir/Core/Src/MatrixKey.c.obj
 .debug_info    0x00000dab     0x1550 CMakeFiles/Imagine_Cup.elf.dir/Core/Src/OLED.c.obj
 .debug_info    0x000022fb      0x6a8 CMakeFiles/Imagine_Cup.elf.dir/Core/Src/SoftWare_I2C.c.obj
 .debug_info    0x000029a3      0x396 CMakeFiles/Imagine_Cup.elf.dir/Core/Src/gpio.c.obj
 .debug_info    0x00002d39      0xbc7 CMakeFiles/Imagine_Cup.elf.dir/Core/Src/main.c.obj
 .debug_info    0x00003900      0x1f4 CMakeFiles/Imagine_Cup.elf.dir/Core/Src/stm32f1xx_hal_msp.c.obj
 .debug_info    0x00003af4      0x741 CMakeFiles/Imagine_Cup.elf.dir/Core/Src/stm32f1xx_it.c.obj
 .debug_info    0x00004235      0x22d CMakeFiles/Imagine_Cup.elf.dir/Core/Src/system_stm32f1xx.c.obj
 .debug_info    0x00004462      0xee2 CMakeFiles/Imagine_Cup.elf.dir/Core/Src/tim.c.obj
 .debug_info    0x00005344       0x30 CMakeFiles/Imagine_Cup.elf.dir/Core/Startup/startup_stm32f103c8tx.s.obj
 .debug_info    0x00005374      0x7f7 CMakeFiles/Imagine_Cup.elf.dir/Drivers/STM32F1xx_HAL_Driver/Src/stm32f1xx_hal.c.obj
 .debug_info    0x00005b6b      0xe05 CMakeFiles/Imagine_Cup.elf.dir/Drivers/STM32F1xx_HAL_Driver/Src/stm32f1xx_hal_cortex.c.obj
 .debug_info    0x00006970      0x851 CMakeFiles/Imagine_Cup.elf.dir/Drivers/STM32F1xx_HAL_Driver/Src/stm32f1xx_hal_gpio.c.obj
 .debug_info    0x000071c1      0xc93 CMakeFiles/Imagine_Cup.elf.dir/Drivers/STM32F1xx_HAL_Driver/Src/stm32f1xx_hal_rcc.c.obj
 .debug_info    0x00007e54     0x4f57 CMakeFiles/Imagine_Cup.elf.dir/Drivers/STM32F1xx_HAL_Driver/Src/stm32f1xx_hal_tim.c.obj
 .debug_info    0x0000cdab     0x1fa9 CMakeFiles/Imagine_Cup.elf.dir/Drivers/STM32F1xx_HAL_Driver/Src/stm32f1xx_hal_tim_ex.c.obj

.debug_abbrev   0x00000000     0x21db
 .debug_abbrev  0x00000000      0x1f4 CMakeFiles/Imagine_Cup.elf.dir/Core/Src/Frectest.c.obj
 .debug_abbrev  0x000001f4      0x18a CMakeFiles/Imagine_Cup.elf.dir/Core/Src/MatrixKey.c.obj
 .debug_abbrev  0x0000037e      0x284 CMakeFiles/Imagine_Cup.elf.dir/Core/Src/OLED.c.obj
 .debug_abbrev  0x00000602      0x1aa CMakeFiles/Imagine_Cup.elf.dir/Core/Src/SoftWare_I2C.c.obj
 .debug_abbrev  0x000007ac      0x151 CMakeFiles/Imagine_Cup.elf.dir/Core/Src/gpio.c.obj
 .debug_abbrev  0x000008fd      0x2a7 CMakeFiles/Imagine_Cup.elf.dir/Core/Src/main.c.obj
 .debug_abbrev  0x00000ba4       0xed CMakeFiles/Imagine_Cup.elf.dir/Core/Src/stm32f1xx_hal_msp.c.obj
 .debug_abbrev  0x00000c91      0x1b7 CMakeFiles/Imagine_Cup.elf.dir/Core/Src/stm32f1xx_it.c.obj
 .debug_abbrev  0x00000e48      0x143 CMakeFiles/Imagine_Cup.elf.dir/Core/Src/system_stm32f1xx.c.obj
 .debug_abbrev  0x00000f8b      0x25c CMakeFiles/Imagine_Cup.elf.dir/Core/Src/tim.c.obj
 .debug_abbrev  0x000011e7       0x24 CMakeFiles/Imagine_Cup.elf.dir/Core/Startup/startup_stm32f103c8tx.s.obj
 .debug_abbrev  0x0000120b      0x235 CMakeFiles/Imagine_Cup.elf.dir/Drivers/STM32F1xx_HAL_Driver/Src/stm32f1xx_hal.c.obj
 .debug_abbrev  0x00001440      0x3d1 CMakeFiles/Imagine_Cup.elf.dir/Drivers/STM32F1xx_HAL_Driver/Src/stm32f1xx_hal_cortex.c.obj
 .debug_abbrev  0x00001811      0x234 CMakeFiles/Imagine_Cup.elf.dir/Drivers/STM32F1xx_HAL_Driver/Src/stm32f1xx_hal_gpio.c.obj
 .debug_abbrev  0x00001a45      0x2b2 CMakeFiles/Imagine_Cup.elf.dir/Drivers/STM32F1xx_HAL_Driver/Src/stm32f1xx_hal_rcc.c.obj
 .debug_abbrev  0x00001cf7      0x27e CMakeFiles/Imagine_Cup.elf.dir/Drivers/STM32F1xx_HAL_Driver/Src/stm32f1xx_hal_tim.c.obj
 .debug_abbrev  0x00001f75      0x266 CMakeFiles/Imagine_Cup.elf.dir/Drivers/STM32F1xx_HAL_Driver/Src/stm32f1xx_hal_tim_ex.c.obj

.debug_aranges  0x00000000      0xb08
 .debug_aranges
                0x00000000       0x50 CMakeFiles/Imagine_Cup.elf.dir/Core/Src/Frectest.c.obj
 .debug_aranges
                0x00000050       0x30 CMakeFiles/Imagine_Cup.elf.dir/Core/Src/MatrixKey.c.obj
 .debug_aranges
                0x00000080       0xb8 CMakeFiles/Imagine_Cup.elf.dir/Core/Src/OLED.c.obj
 .debug_aranges
                0x00000138       0x78 CMakeFiles/Imagine_Cup.elf.dir/Core/Src/SoftWare_I2C.c.obj
 .debug_aranges
                0x000001b0       0x20 CMakeFiles/Imagine_Cup.elf.dir/Core/Src/gpio.c.obj
 .debug_aranges
                0x000001d0       0x40 CMakeFiles/Imagine_Cup.elf.dir/Core/Src/main.c.obj
 .debug_aranges
                0x00000210       0x20 CMakeFiles/Imagine_Cup.elf.dir/Core/Src/stm32f1xx_hal_msp.c.obj
 .debug_aranges
                0x00000230       0x88 CMakeFiles/Imagine_Cup.elf.dir/Core/Src/stm32f1xx_it.c.obj
 .debug_aranges
                0x000002b8       0x28 CMakeFiles/Imagine_Cup.elf.dir/Core/Src/system_stm32f1xx.c.obj
 .debug_aranges
                0x000002e0       0x40 CMakeFiles/Imagine_Cup.elf.dir/Core/Src/tim.c.obj
 .debug_aranges
                0x00000320       0x28 CMakeFiles/Imagine_Cup.elf.dir/Core/Startup/startup_stm32f103c8tx.s.obj
 .debug_aranges
                0x00000348       0xe0 CMakeFiles/Imagine_Cup.elf.dir/Drivers/STM32F1xx_HAL_Driver/Src/stm32f1xx_hal.c.obj
 .debug_aranges
                0x00000428       0xc0 CMakeFiles/Imagine_Cup.elf.dir/Drivers/STM32F1xx_HAL_Driver/Src/stm32f1xx_hal_cortex.c.obj
 .debug_aranges
                0x000004e8       0x58 CMakeFiles/Imagine_Cup.elf.dir/Drivers/STM32F1xx_HAL_Driver/Src/stm32f1xx_hal_gpio.c.obj
 .debug_aranges
                0x00000540       0x90 CMakeFiles/Imagine_Cup.elf.dir/Drivers/STM32F1xx_HAL_Driver/Src/stm32f1xx_hal_rcc.c.obj
 .debug_aranges
                0x000005d0      0x3d0 CMakeFiles/Imagine_Cup.elf.dir/Drivers/STM32F1xx_HAL_Driver/Src/stm32f1xx_hal_tim.c.obj
 .debug_aranges
                0x000009a0      0x168 CMakeFiles/Imagine_Cup.elf.dir/Drivers/STM32F1xx_HAL_Driver/Src/stm32f1xx_hal_tim_ex.c.obj

.debug_rnglists
                0x00000000      0x8aa
 .debug_rnglists
                0x00000000       0x38 CMakeFiles/Imagine_Cup.elf.dir/Core/Src/Frectest.c.obj
 .debug_rnglists
                0x00000038       0x21 CMakeFiles/Imagine_Cup.elf.dir/Core/Src/MatrixKey.c.obj
 .debug_rnglists
                0x00000059       0x8b CMakeFiles/Imagine_Cup.elf.dir/Core/Src/OLED.c.obj
 .debug_rnglists
                0x000000e4       0x55 CMakeFiles/Imagine_Cup.elf.dir/Core/Src/SoftWare_I2C.c.obj
 .debug_rnglists
                0x00000139       0x14 CMakeFiles/Imagine_Cup.elf.dir/Core/Src/gpio.c.obj
 .debug_rnglists
                0x0000014d       0x2c CMakeFiles/Imagine_Cup.elf.dir/Core/Src/main.c.obj
 .debug_rnglists
                0x00000179       0x13 CMakeFiles/Imagine_Cup.elf.dir/Core/Src/stm32f1xx_hal_msp.c.obj
 .debug_rnglists
                0x0000018c       0x61 CMakeFiles/Imagine_Cup.elf.dir/Core/Src/stm32f1xx_it.c.obj
 .debug_rnglists
                0x000001ed       0x1a CMakeFiles/Imagine_Cup.elf.dir/Core/Src/system_stm32f1xx.c.obj
 .debug_rnglists
                0x00000207       0x2c CMakeFiles/Imagine_Cup.elf.dir/Core/Src/tim.c.obj
 .debug_rnglists
                0x00000233       0x19 CMakeFiles/Imagine_Cup.elf.dir/Core/Startup/startup_stm32f103c8tx.s.obj
 .debug_rnglists
                0x0000024c       0xa3 CMakeFiles/Imagine_Cup.elf.dir/Drivers/STM32F1xx_HAL_Driver/Src/stm32f1xx_hal.c.obj
 .debug_rnglists
                0x000002ef       0xc7 CMakeFiles/Imagine_Cup.elf.dir/Drivers/STM32F1xx_HAL_Driver/Src/stm32f1xx_hal_cortex.c.obj
 .debug_rnglists
                0x000003b6       0x3f CMakeFiles/Imagine_Cup.elf.dir/Drivers/STM32F1xx_HAL_Driver/Src/stm32f1xx_hal_gpio.c.obj
 .debug_rnglists
                0x000003f5       0x7f CMakeFiles/Imagine_Cup.elf.dir/Drivers/STM32F1xx_HAL_Driver/Src/stm32f1xx_hal_rcc.c.obj
 .debug_rnglists
                0x00000474      0x314 CMakeFiles/Imagine_Cup.elf.dir/Drivers/STM32F1xx_HAL_Driver/Src/stm32f1xx_hal_tim.c.obj
 .debug_rnglists
                0x00000788      0x122 CMakeFiles/Imagine_Cup.elf.dir/Drivers/STM32F1xx_HAL_Driver/Src/stm32f1xx_hal_tim_ex.c.obj

.debug_line     0x00000000     0xc50e
 .debug_line    0x00000000      0x370 CMakeFiles/Imagine_Cup.elf.dir/Core/Src/Frectest.c.obj
 .debug_line    0x00000370      0x539 CMakeFiles/Imagine_Cup.elf.dir/Core/Src/MatrixKey.c.obj
 .debug_line    0x000008a9      0x9fe CMakeFiles/Imagine_Cup.elf.dir/Core/Src/OLED.c.obj
 .debug_line    0x000012a7      0x469 CMakeFiles/Imagine_Cup.elf.dir/Core/Src/SoftWare_I2C.c.obj
 .debug_line    0x00001710      0x2b6 CMakeFiles/Imagine_Cup.elf.dir/Core/Src/gpio.c.obj
 .debug_line    0x000019c6      0x4b7 CMakeFiles/Imagine_Cup.elf.dir/Core/Src/main.c.obj
 .debug_line    0x00001e7d      0x1c0 CMakeFiles/Imagine_Cup.elf.dir/Core/Src/stm32f1xx_hal_msp.c.obj
 .debug_line    0x0000203d      0x3b8 CMakeFiles/Imagine_Cup.elf.dir/Core/Src/stm32f1xx_it.c.obj
 .debug_line    0x000023f5      0x28a CMakeFiles/Imagine_Cup.elf.dir/Core/Src/system_stm32f1xx.c.obj
 .debug_line    0x0000267f      0x563 CMakeFiles/Imagine_Cup.elf.dir/Core/Src/tim.c.obj
 .debug_line    0x00002be2       0x79 CMakeFiles/Imagine_Cup.elf.dir/Core/Startup/startup_stm32f103c8tx.s.obj
 .debug_line    0x00002c5b      0x619 CMakeFiles/Imagine_Cup.elf.dir/Drivers/STM32F1xx_HAL_Driver/Src/stm32f1xx_hal.c.obj
 .debug_line    0x00003274      0x8ec CMakeFiles/Imagine_Cup.elf.dir/Drivers/STM32F1xx_HAL_Driver/Src/stm32f1xx_hal_cortex.c.obj
 .debug_line    0x00003b60      0x750 CMakeFiles/Imagine_Cup.elf.dir/Drivers/STM32F1xx_HAL_Driver/Src/stm32f1xx_hal_gpio.c.obj
 .debug_line    0x000042b0      0xe5d CMakeFiles/Imagine_Cup.elf.dir/Drivers/STM32F1xx_HAL_Driver/Src/stm32f1xx_hal_rcc.c.obj
 .debug_line    0x0000510d     0x543b CMakeFiles/Imagine_Cup.elf.dir/Drivers/STM32F1xx_HAL_Driver/Src/stm32f1xx_hal_tim.c.obj
 .debug_line    0x0000a548     0x1fc6 CMakeFiles/Imagine_Cup.elf.dir/Drivers/STM32F1xx_HAL_Driver/Src/stm32f1xx_hal_tim_ex.c.obj

.debug_str      0x00000000     0x332c
 .debug_str     0x00000000      0x785 CMakeFiles/Imagine_Cup.elf.dir/Core/Src/Frectest.c.obj
                                0x83f (size before relaxing)
 .debug_str     0x00000785       0xf9 CMakeFiles/Imagine_Cup.elf.dir/Core/Src/MatrixKey.c.obj
                                0x2a9 (size before relaxing)
 .debug_str     0x0000087e      0x265 CMakeFiles/Imagine_Cup.elf.dir/Core/Src/OLED.c.obj
                                0x40c (size before relaxing)
 .debug_str     0x00000ae3       0xa5 CMakeFiles/Imagine_Cup.elf.dir/Core/Src/SoftWare_I2C.c.obj
                                0x302 (size before relaxing)
 .debug_str     0x00000b88       0xc2 CMakeFiles/Imagine_Cup.elf.dir/Core/Src/gpio.c.obj
                                0x2c3 (size before relaxing)
 .debug_str     0x00000c4a      0x244 CMakeFiles/Imagine_Cup.elf.dir/Core/Src/main.c.obj
                                0x9bc (size before relaxing)
 .debug_str     0x00000e8e       0x7c CMakeFiles/Imagine_Cup.elf.dir/Core/Src/stm32f1xx_hal_msp.c.obj
                                0x257 (size before relaxing)
 .debug_str     0x00000f0a      0x14b CMakeFiles/Imagine_Cup.elf.dir/Core/Src/stm32f1xx_it.c.obj
                                0x7a6 (size before relaxing)
 .debug_str     0x00001055       0xa0 CMakeFiles/Imagine_Cup.elf.dir/Core/Src/system_stm32f1xx.c.obj
                                0x28c (size before relaxing)
 .debug_str     0x000010f5      0x504 CMakeFiles/Imagine_Cup.elf.dir/Core/Src/tim.c.obj
                                0xc8d (size before relaxing)
 .debug_str     0x000015f9       0x66 CMakeFiles/Imagine_Cup.elf.dir/Core/Startup/startup_stm32f103c8tx.s.obj
                                 0x9d (size before relaxing)
 .debug_str     0x0000165f      0x314 CMakeFiles/Imagine_Cup.elf.dir/Drivers/STM32F1xx_HAL_Driver/Src/stm32f1xx_hal.c.obj
                                0x886 (size before relaxing)
 .debug_str     0x00001973      0x3b6 CMakeFiles/Imagine_Cup.elf.dir/Drivers/STM32F1xx_HAL_Driver/Src/stm32f1xx_hal_cortex.c.obj
                                0x919 (size before relaxing)
 .debug_str     0x00001d29      0x105 CMakeFiles/Imagine_Cup.elf.dir/Drivers/STM32F1xx_HAL_Driver/Src/stm32f1xx_hal_gpio.c.obj
                                0x458 (size before relaxing)
 .debug_str     0x00001e2e      0x216 CMakeFiles/Imagine_Cup.elf.dir/Drivers/STM32F1xx_HAL_Driver/Src/stm32f1xx_hal_rcc.c.obj
                                0x671 (size before relaxing)
 .debug_str     0x00002044      0xdd8 CMakeFiles/Imagine_Cup.elf.dir/Drivers/STM32F1xx_HAL_Driver/Src/stm32f1xx_hal_tim.c.obj
                               0x16c6 (size before relaxing)
 .debug_str     0x00002e1c      0x510 CMakeFiles/Imagine_Cup.elf.dir/Drivers/STM32F1xx_HAL_Driver/Src/stm32f1xx_hal_tim_ex.c.obj
                                0xee2 (size before relaxing)

.comment        0x00000000       0x48
 .comment       0x00000000       0x48 CMakeFiles/Imagine_Cup.elf.dir/Core/Src/Frectest.c.obj
                                 0x49 (size before relaxing)
 .comment       0x00000048       0x49 CMakeFiles/Imagine_Cup.elf.dir/Core/Src/MatrixKey.c.obj
 .comment       0x00000048       0x49 CMakeFiles/Imagine_Cup.elf.dir/Core/Src/OLED.c.obj
 .comment       0x00000048       0x49 CMakeFiles/Imagine_Cup.elf.dir/Core/Src/SoftWare_I2C.c.obj
 .comment       0x00000048       0x49 CMakeFiles/Imagine_Cup.elf.dir/Core/Src/gpio.c.obj
 .comment       0x00000048       0x49 CMakeFiles/Imagine_Cup.elf.dir/Core/Src/main.c.obj
 .comment       0x00000048       0x49 CMakeFiles/Imagine_Cup.elf.dir/Core/Src/stm32f1xx_hal_msp.c.obj
 .comment       0x00000048       0x49 CMakeFiles/Imagine_Cup.elf.dir/Core/Src/stm32f1xx_it.c.obj
 .comment       0x00000048       0x49 CMakeFiles/Imagine_Cup.elf.dir/Core/Src/system_stm32f1xx.c.obj
 .comment       0x00000048       0x49 CMakeFiles/Imagine_Cup.elf.dir/Core/Src/tim.c.obj
 .comment       0x00000048       0x49 CMakeFiles/Imagine_Cup.elf.dir/Drivers/STM32F1xx_HAL_Driver/Src/stm32f1xx_hal.c.obj
 .comment       0x00000048       0x49 CMakeFiles/Imagine_Cup.elf.dir/Drivers/STM32F1xx_HAL_Driver/Src/stm32f1xx_hal_cortex.c.obj
 .comment       0x00000048       0x49 CMakeFiles/Imagine_Cup.elf.dir/Drivers/STM32F1xx_HAL_Driver/Src/stm32f1xx_hal_gpio.c.obj
 .comment       0x00000048       0x49 CMakeFiles/Imagine_Cup.elf.dir/Drivers/STM32F1xx_HAL_Driver/Src/stm32f1xx_hal_rcc.c.obj
 .comment       0x00000048       0x49 CMakeFiles/Imagine_Cup.elf.dir/Drivers/STM32F1xx_HAL_Driver/Src/stm32f1xx_hal_tim.c.obj
 .comment       0x00000048       0x49 CMakeFiles/Imagine_Cup.elf.dir/Drivers/STM32F1xx_HAL_Driver/Src/stm32f1xx_hal_tim_ex.c.obj

.debug_frame    0x00000000     0x219c
 .debug_frame   0x00000000       0xa4 CMakeFiles/Imagine_Cup.elf.dir/Core/Src/Frectest.c.obj
 .debug_frame   0x000000a4       0x58 CMakeFiles/Imagine_Cup.elf.dir/Core/Src/MatrixKey.c.obj
 .debug_frame   0x000000fc      0x280 CMakeFiles/Imagine_Cup.elf.dir/Core/Src/OLED.c.obj
 .debug_frame   0x0000037c      0x134 CMakeFiles/Imagine_Cup.elf.dir/Core/Src/SoftWare_I2C.c.obj
 .debug_frame   0x000004b0       0x38 CMakeFiles/Imagine_Cup.elf.dir/Core/Src/gpio.c.obj
 .debug_frame   0x000004e8       0x88 CMakeFiles/Imagine_Cup.elf.dir/Core/Src/main.c.obj
 .debug_frame   0x00000570       0x28 CMakeFiles/Imagine_Cup.elf.dir/Core/Src/stm32f1xx_hal_msp.c.obj
 .debug_frame   0x00000598      0x120 CMakeFiles/Imagine_Cup.elf.dir/Core/Src/stm32f1xx_it.c.obj
 .debug_frame   0x000006b8       0x30 CMakeFiles/Imagine_Cup.elf.dir/Core/Src/system_stm32f1xx.c.obj
 .debug_frame   0x000006e8       0xa8 CMakeFiles/Imagine_Cup.elf.dir/Core/Src/tim.c.obj
 .debug_frame   0x00000790      0x1d0 CMakeFiles/Imagine_Cup.elf.dir/Drivers/STM32F1xx_HAL_Driver/Src/stm32f1xx_hal.c.obj
 .debug_frame   0x00000960      0x1dc CMakeFiles/Imagine_Cup.elf.dir/Drivers/STM32F1xx_HAL_Driver/Src/stm32f1xx_hal_cortex.c.obj
 .debug_frame   0x00000b3c       0xfc CMakeFiles/Imagine_Cup.elf.dir/Drivers/STM32F1xx_HAL_Driver/Src/stm32f1xx_hal_gpio.c.obj
 .debug_frame   0x00000c38      0x1a8 CMakeFiles/Imagine_Cup.elf.dir/Drivers/STM32F1xx_HAL_Driver/Src/stm32f1xx_hal_rcc.c.obj
 .debug_frame   0x00000de0      0xbcc CMakeFiles/Imagine_Cup.elf.dir/Drivers/STM32F1xx_HAL_Driver/Src/stm32f1xx_hal_tim.c.obj
 .debug_frame   0x000019ac      0x460 CMakeFiles/Imagine_Cup.elf.dir/Drivers/STM32F1xx_HAL_Driver/Src/stm32f1xx_hal_tim_ex.c.obj
 .debug_frame   0x00001e0c       0xac /Applications/ArmGNUToolchain/12.2.mpacbti-rel1/arm-none-eabi/bin/../lib/gcc/arm-none-eabi/12.2.1/thumb/v7-m/nofp/libgcc.a(_arm_addsubdf3.o)
 .debug_frame   0x00001eb8       0x50 /Applications/ArmGNUToolchain/12.2.mpacbti-rel1/arm-none-eabi/bin/../lib/gcc/arm-none-eabi/12.2.1/thumb/v7-m/nofp/libgcc.a(_arm_muldivdf3.o)
 .debug_frame   0x00001f08       0x24 /Applications/ArmGNUToolchain/12.2.mpacbti-rel1/arm-none-eabi/bin/../lib/gcc/arm-none-eabi/12.2.1/thumb/v7-m/nofp/libgcc.a(_arm_truncdfsf2.o)
 .debug_frame   0x00001f2c       0x4c /Applications/ArmGNUToolchain/12.2.mpacbti-rel1/arm-none-eabi/bin/../lib/gcc/arm-none-eabi/12.2.1/thumb/v7-m/nofp/libgcc.a(_arm_addsubsf3.o)
 .debug_frame   0x00001f78       0x38 /Applications/ArmGNUToolchain/12.2.mpacbti-rel1/arm-none-eabi/bin/../lib/gcc/arm-none-eabi/12.2.1/thumb/v7-m/nofp/libgcc.a(_arm_muldivsf3.o)
 .debug_frame   0x00001fb0       0x2c /Applications/ArmGNUToolchain/12.2.mpacbti-rel1/arm-none-eabi/bin/../lib/gcc/arm-none-eabi/12.2.1/../../../../arm-none-eabi/lib/thumb/v7-m/nofp/libg.a(libc_a-memset.o)
 .debug_frame   0x00001fdc       0x2c /Applications/ArmGNUToolchain/12.2.mpacbti-rel1/arm-none-eabi/bin/../lib/gcc/arm-none-eabi/12.2.1/../../../../arm-none-eabi/lib/thumb/v7-m/nofp/libg.a(libc_a-init.o)
 .debug_frame   0x00002008       0xb0 /Applications/ArmGNUToolchain/12.2.mpacbti-rel1/arm-none-eabi/bin/../lib/gcc/arm-none-eabi/12.2.1/../../../../arm-none-eabi/lib/thumb/v7-m/nofp/libg.a(libc_a-lock.o)
 .debug_frame   0x000020b8       0x5c /Applications/ArmGNUToolchain/12.2.mpacbti-rel1/arm-none-eabi/bin/../lib/gcc/arm-none-eabi/12.2.1/../../../../arm-none-eabi/lib/thumb/v7-m/nofp/libg.a(libc_a-__call_atexit.o)
 .debug_frame   0x00002114       0x20 /Applications/ArmGNUToolchain/12.2.mpacbti-rel1/arm-none-eabi/bin/../lib/gcc/arm-none-eabi/12.2.1/../../../../arm-none-eabi/lib/thumb/v7-m/nofp/libg.a(libc_a-atexit.o)
 .debug_frame   0x00002134       0x34 /Applications/ArmGNUToolchain/12.2.mpacbti-rel1/arm-none-eabi/bin/../lib/gcc/arm-none-eabi/12.2.1/../../../../arm-none-eabi/lib/thumb/v7-m/nofp/libg.a(libc_a-fini.o)
 .debug_frame   0x00002168       0x34 /Applications/ArmGNUToolchain/12.2.mpacbti-rel1/arm-none-eabi/bin/../lib/gcc/arm-none-eabi/12.2.1/../../../../arm-none-eabi/lib/thumb/v7-m/nofp/libg.a(libc_a-__atexit.o)

.debug_loclists
                0x00000000     0x4893
 .debug_loclists
                0x00000000       0x35 CMakeFiles/Imagine_Cup.elf.dir/Core/Src/MatrixKey.c.obj
 .debug_loclists
                0x00000035      0x9e0 CMakeFiles/Imagine_Cup.elf.dir/Core/Src/OLED.c.obj
 .debug_loclists
                0x00000a15      0x10d CMakeFiles/Imagine_Cup.elf.dir/Core/Src/SoftWare_I2C.c.obj
 .debug_loclists
                0x00000b22       0x5d CMakeFiles/Imagine_Cup.elf.dir/Core/Src/main.c.obj
 .debug_loclists
                0x00000b7f       0x17 CMakeFiles/Imagine_Cup.elf.dir/Core/Src/stm32f1xx_hal_msp.c.obj
 .debug_loclists
                0x00000b96       0xa5 CMakeFiles/Imagine_Cup.elf.dir/Core/Src/system_stm32f1xx.c.obj
 .debug_loclists
                0x00000c3b       0xa7 CMakeFiles/Imagine_Cup.elf.dir/Core/Src/tim.c.obj
 .debug_loclists
                0x00000ce2       0xbe CMakeFiles/Imagine_Cup.elf.dir/Drivers/STM32F1xx_HAL_Driver/Src/stm32f1xx_hal.c.obj
 .debug_loclists
                0x00000da0      0x490 CMakeFiles/Imagine_Cup.elf.dir/Drivers/STM32F1xx_HAL_Driver/Src/stm32f1xx_hal_cortex.c.obj
 .debug_loclists
                0x00001230      0x3a6 CMakeFiles/Imagine_Cup.elf.dir/Drivers/STM32F1xx_HAL_Driver/Src/stm32f1xx_hal_gpio.c.obj
 .debug_loclists
                0x000015d6      0x478 CMakeFiles/Imagine_Cup.elf.dir/Drivers/STM32F1xx_HAL_Driver/Src/stm32f1xx_hal_rcc.c.obj
 .debug_loclists
                0x00001a4e     0x2110 CMakeFiles/Imagine_Cup.elf.dir/Drivers/STM32F1xx_HAL_Driver/Src/stm32f1xx_hal_tim.c.obj
 .debug_loclists
                0x00003b5e      0xd35 CMakeFiles/Imagine_Cup.elf.dir/Drivers/STM32F1xx_HAL_Driver/Src/stm32f1xx_hal_tim_ex.c.obj

.debug_line_str
                0x00000000      0x171
 .debug_line_str
                0x00000000       0x81 CMakeFiles/Imagine_Cup.elf.dir/Core/Startup/startup_stm32f103c8tx.s.obj
 .debug_line_str
                0x00000081       0xe3 /Applications/ArmGNUToolchain/12.2.mpacbti-rel1/arm-none-eabi/bin/../lib/gcc/arm-none-eabi/12.2.1/thumb/v7-m/nofp/libgcc.a(_arm_addsubdf3.o)
 .debug_line_str
                0x00000164       0xe3 /Applications/ArmGNUToolchain/12.2.mpacbti-rel1/arm-none-eabi/bin/../lib/gcc/arm-none-eabi/12.2.1/thumb/v7-m/nofp/libgcc.a(_arm_muldivdf3.o)
 .debug_line_str
                0x00000164       0xe3 /Applications/ArmGNUToolchain/12.2.mpacbti-rel1/arm-none-eabi/bin/../lib/gcc/arm-none-eabi/12.2.1/thumb/v7-m/nofp/libgcc.a(_arm_truncdfsf2.o)
 .debug_line_str
                0x00000164        0xd /Applications/ArmGNUToolchain/12.2.mpacbti-rel1/arm-none-eabi/bin/../lib/gcc/arm-none-eabi/12.2.1/thumb/v7-m/nofp/libgcc.a(_arm_addsubsf3.o)
                                 0xe3 (size before relaxing)
 .debug_line_str
                0x00000171       0xe3 /Applications/ArmGNUToolchain/12.2.mpacbti-rel1/arm-none-eabi/bin/../lib/gcc/arm-none-eabi/12.2.1/thumb/v7-m/nofp/libgcc.a(_arm_muldivsf3.o)
